../Middlewares/ST/rfal/Src/rfal_st25tb.c:226:12:rfalSt25tbPollerInitialize	8	static
../Middlewares/ST/rfal/Src/rfal_st25tb.c:260:12:rfalSt25tbPollerInitiate	32	static
../Middlewares/ST/rfal/Src/rfal_st25tb.c:233:12:rfalSt25tbPollerCheckPresence	16	static
../Middlewares/ST/rfal/Src/rfal_st25tb.c:291:12:rfalSt25tbPollerPcall	32	static
../Middlewares/ST/rfal/Src/rfal_st25tb.c:315:12:rfalSt25tbPollerSlotMarker	32	static
../Middlewares/ST/rfal/Src/rfal_st25tb.c:344:12:rfalSt25tbPollerSelect	32	static
../Middlewares/ST/rfal/Src/rfal_st25tb.c:369:12:rfalSt25tbPollerGetUID	32	static
../Middlewares/ST/rfal/Src/rfal_st25tb.c:393:12:rfalSt25tbPollerCollisionResolution	40	static
../Middlewares/ST/rfal/Src/rfal_st25tb.c:444:12:rfalSt25tbPollerReadBlock	32	static
../Middlewares/ST/rfal/Src/rfal_st25tb.c:469:12:rfalSt25tbPollerWriteBlock	48	static
../Middlewares/ST/rfal/Src/rfal_st25tb.c:520:12:rfalSt25tbPollerCompletion	32	static
../Middlewares/ST/rfal/Src/rfal_st25tb.c:533:12:rfalSt25tbPollerResetToInventory	32	static
