../Middlewares/ST/rfal/Src/rfal_nfc.c:2158:19:rfalNfcDeactivation	24	static
../Middlewares/ST/rfal/Src/rfal_nfc.c:2060:19:rfalNfcNfcDepActivate	136	static
../Middlewares/ST/rfal/Src/rfal_nfc.c:138:12:rfalNfcInitialize	16	static
../Middlewares/ST/rfal/Src/rfal_nfc.c:154:12:rfalNfcDiscover	24	static
../Middlewares/ST/rfal/Src/rfal_nfc.c:232:12:rfalNfcDeactivate	16	static
../Middlewares/ST/rfal/Src/rfal_nfc.c:268:12:rfalNfcSelect	0	static
../Middlewares/ST/rfal/Src/rfal_nfc.c:284:14:rfalNfcGetState	0	static
../Middlewares/ST/rfal/Src/rfal_nfc.c:290:12:rfalNfcGetDevicesFound	8	static
../Middlewares/ST/rfal/Src/rfal_nfc.c:311:12:rfalNfcGetActiveDevice	0	static
../Middlewares/ST/rfal/Src/rfal_nfc.c:609:12:rfalNfcDataExchangeStart	96	static
../Middlewares/ST/rfal/Src/rfal_nfc.c:746:12:rfalNfcDataExchangeGetStatus	16	static
../Middlewares/ST/rfal/Src/rfal_nfc.c:337:6:rfalNfcWorker	136	static
