../Middlewares/ST/rfal/Src/rfal_nfca.c:222:19:rfalNfcaPollerStartSingleCollisionResolution	32	static
../Middlewares/ST/rfal/Src/rfal_nfca.c:513:12:rfalNfcaPollerInitialize	8	static
../Middlewares/ST/rfal/Src/rfal_nfca.c:529:12:rfalNfcaPollerCheckPresence	24	static
../Middlewares/ST/rfal/Src/rfal_nfca.c:257:19:rfalNfcaPollerGetSingleCollisionResolutionStatus	40	static
../Middlewares/ST/rfal/Src/rfal_nfca.c:593:12:rfalNfcaPollerSingleCollisionResolution	16	static
../Middlewares/ST/rfal/Src/rfal_nfca.c:605:12:rfalNfcaPollerStartFullCollisionResolution	56	static
../Middlewares/ST/rfal/Src/rfal_nfca.c:865:12:rfalNfcaPollerStartSelect	16	static
../Middlewares/ST/rfal/Src/rfal_nfca.c:887:12:rfalNfcaPollerGetSelectStatus	48	static
../Middlewares/ST/rfal/Src/rfal_nfca.c:853:12:rfalNfcaPollerSelect	8	static
../Middlewares/ST/rfal/Src/rfal_nfca.c:967:12:rfalNfcaPollerStartSleep	40	static
../Middlewares/ST/rfal/Src/rfal_nfca.c:560:12:rfalNfcaPollerStartTechnologyDetection	8	static
../Middlewares/ST/rfal/Src/rfal_nfca.c:980:12:rfalNfcaPollerGetSleepStatus	8	static
../Middlewares/ST/rfal/Src/rfal_nfca.c:578:12:rfalNfcaPollerGetTechnologyDetectionStatus	8	static
../Middlewares/ST/rfal/Src/rfal_nfca.c:548:12:rfalNfcaPollerTechnologyDetection	8	static
../Middlewares/ST/rfal/Src/rfal_nfca.c:690:12:rfalNfcaPollerGetFullCollisionResolutionStatus	32	static
../Middlewares/ST/rfal/Src/rfal_nfca.c:791:12:rfalNfcaPollerFullCollisionResolution	8	static
../Middlewares/ST/rfal/Src/rfal_nfca.c:955:12:rfalNfcaPollerSleep	8	static
../Middlewares/ST/rfal/Src/rfal_nfca.c:801:12:rfalNfcaPollerSleepFullCollisionResolution	32	static
../Middlewares/ST/rfal/Src/rfal_nfca.c:995:6:rfalNfcaListenerIsSleepReq	0	static
