../Middlewares/ST/rfal/Src/rfal_st25xv.c:86:19:rfalST25xVPollerGenericReadConfiguration	80	static
../Middlewares/ST/rfal/Src/rfal_st25xv.c:116:19:rfalST25xVPollerGenericWriteConfiguration	88	static
../Middlewares/ST/rfal/Src/rfal_st25xv.c:133:19:rfalST25xVPollerGenericReadMessageLength	80	static
../Middlewares/ST/rfal/Src/rfal_st25xv.c:175:19:rfalST25xVPollerGenericWriteMessage	96	static
../Middlewares/ST/rfal/Src/rfal_st25xv.c:262:12:rfalST25xVPollerM24LRReadSingleBlock	48	static
../Middlewares/ST/rfal/Src/rfal_st25xv.c:277:12:rfalST25xVPollerM24LRWriteSingleBlock	128	static
../Middlewares/ST/rfal/Src/rfal_st25xv.c:302:12:rfalST25xVPollerM24LRReadMultipleBlocks	56	static
../Middlewares/ST/rfal/Src/rfal_st25xv.c:318:12:rfalST25xVPollerFastReadSingleBlock	48	static
../Middlewares/ST/rfal/Src/rfal_st25xv.c:328:12:rfalST25xVPollerM24LRFastReadSingleBlock	48	static
../Middlewares/ST/rfal/Src/rfal_st25xv.c:343:12:rfalST25xVPollerM24LRFastReadMultipleBlocks	56	static
../Middlewares/ST/rfal/Src/rfal_st25xv.c:359:12:rfalST25xVPollerFastReadMultipleBlocks	48	static
../Middlewares/ST/rfal/Src/rfal_st25xv.c:374:12:rfalST25xVPollerFastExtendedReadSingleBlock	48	static
../Middlewares/ST/rfal/Src/rfal_st25xv.c:389:12:rfalST25xVPollerFastExtReadMultipleBlocks	48	static
../Middlewares/ST/rfal/Src/rfal_st25xv.c:406:12:rfalST25xVPollerReadConfiguration	16	static
../Middlewares/ST/rfal/Src/rfal_st25xv.c:412:12:rfalST25xVPollerWriteConfiguration	16	static
../Middlewares/ST/rfal/Src/rfal_st25xv.c:418:12:rfalST25xVPollerReadDynamicConfiguration	16	static
../Middlewares/ST/rfal/Src/rfal_st25xv.c:424:12:rfalST25xVPollerWriteDynamicConfiguration	16	static
../Middlewares/ST/rfal/Src/rfal_st25xv.c:430:12:rfalST25xVPollerFastReadDynamicConfiguration	16	static
../Middlewares/ST/rfal/Src/rfal_st25xv.c:436:12:rfalST25xVPollerFastWriteDynamicConfiguration	16	static
../Middlewares/ST/rfal/Src/rfal_st25xv.c:442:12:rfalST25xVPollerPresentPassword	96	static
../Middlewares/ST/rfal/Src/rfal_st25xv.c:467:12:rfalST25xVPollerWritePassword	96	static
../Middlewares/ST/rfal/Src/rfal_st25xv.c:492:12:rfalST25xVPollerGetRandomNumber	48	static
../Middlewares/ST/rfal/Src/rfal_st25xv.c:503:12:rfalST25xVPollerWriteMessage	32	static
../Middlewares/ST/rfal/Src/rfal_st25xv.c:509:12:rfalST25xVPollerFastWriteMessage	32	static
../Middlewares/ST/rfal/Src/rfal_st25xv.c:515:12:rfalST25xVPollerReadMessageLength	8	static
../Middlewares/ST/rfal/Src/rfal_st25xv.c:521:12:rfalST25xVPollerFastReadMsgLength	8	static
../Middlewares/ST/rfal/Src/rfal_st25xv.c:527:12:rfalST25xVPollerReadMessage	48	static
../Middlewares/ST/rfal/Src/rfal_st25xv.c:533:12:rfalST25xVPollerFastReadMessage	48	static
