../Middlewares/Third_Party/AL94_USB_Composite/COMPOSITE/Class/HID_CUSTOM/Src/usbd_hid_custom.c:623:17:USBD_CUSTOM_HID_GetFSCfgDesc	0	static
../Middlewares/Third_Party/AL94_USB_Composite/COMPOSITE/Class/HID_CUSTOM/Src/usbd_hid_custom.c:637:17:USBD_CUSTOM_HID_GetHSCfgDesc	0	static
../Middlewares/Third_Party/AL94_USB_Composite/COMPOSITE/Class/HID_CUSTOM/Src/usbd_hid_custom.c:651:17:USBD_CUSTOM_HID_GetOtherSpeedCfgDesc	0	static
../Middlewares/Third_Party/AL94_USB_Composite/COMPOSITE/Class/HID_CUSTOM/Src/usbd_hid_custom.c:665:16:USBD_CUSTOM_HID_DataIn	0	static
../Middlewares/Third_Party/AL94_USB_Composite/COMPOSITE/Class/HID_CUSTOM/Src/usbd_hid_custom.c:683:16:USBD_CUSTOM_HID_DataOut	8	static
../Middlewares/Third_Party/AL94_USB_Composite/COMPOSITE/Class/HID_CUSTOM/Src/usbd_hid_custom.c:732:16:USBD_CUSTOM_HID_EP0_RxReady	8	static
../Middlewares/Third_Party/AL94_USB_Composite/COMPOSITE/Class/HID_CUSTOM/Src/usbd_hid_custom.c:756:17:USBD_CUSTOM_HID_GetDeviceQualifierDesc	0	static
../Middlewares/Third_Party/AL94_USB_Composite/COMPOSITE/Class/HID_CUSTOM/Src/usbd_hid_custom.c:460:16:USBD_CUSTOM_HID_Setup	24	static
../Middlewares/Third_Party/AL94_USB_Composite/COMPOSITE/Class/HID_CUSTOM/Src/usbd_hid_custom.c:426:16:USBD_CUSTOM_HID_DeInit	24	static
../Middlewares/Third_Party/AL94_USB_Composite/COMPOSITE/Class/HID_CUSTOM/Src/usbd_hid_custom.c:370:16:USBD_CUSTOM_HID_Init	32	static
../Middlewares/Third_Party/AL94_USB_Composite/COMPOSITE/Class/HID_CUSTOM/Src/usbd_hid_custom.c:589:9:USBD_CUSTOM_HID_SendReport	16	static
../Middlewares/Third_Party/AL94_USB_Composite/COMPOSITE/Class/HID_CUSTOM/Src/usbd_hid_custom.c:708:9:USBD_CUSTOM_HID_ReceivePacket	8	static
../Middlewares/Third_Party/AL94_USB_Composite/COMPOSITE/Class/HID_CUSTOM/Src/usbd_hid_custom.c:769:9:USBD_CUSTOM_HID_RegisterInterface	0	static
../Middlewares/Third_Party/AL94_USB_Composite/COMPOSITE/Class/HID_CUSTOM/Src/usbd_hid_custom.c:782:6:USBD_Update_HID_Custom_DESC	8	static
