../Middlewares/ST/rfal/Src/rfal_nfcDep.c:559:13:nfcipClearCounters	0	static
../Middlewares/ST/rfal/Src/rfal_nfcDep.c:1359:19:nfcipTx	48	static
../Middlewares/ST/rfal/Src/rfal_nfcDep.c:535:19:nfcipDEPControlMsg	48	static
../Middlewares/ST/rfal/Src/rfal_nfcDep.c:2358:19:nfcipDataRx	8	static
../Middlewares/ST/rfal/Src/rfal_nfcDep.c:1529:13:nfcipConfig.part.0	8	static
../Middlewares/ST/rfal/Src/rfal_nfcDep.c:496:19:nfcipTxRx	32	static
../Middlewares/ST/rfal/Src/rfal_nfcDep.c:1687:6:rfalNfcDepSetDeactivatingCallback	0	static
../Middlewares/ST/rfal/Src/rfal_nfcDep.c:1694:6:rfalNfcDepInitialize	8	static
../Middlewares/ST/rfal/Src/rfal_nfcDep.c:1795:6:rfalNfcDepTargetRcvdATR	0	static
../Middlewares/ST/rfal/Src/rfal_nfcDep.c:1802:6:rfalNfcDepIsAtrReq	8	static
../Middlewares/ST/rfal/Src/rfal_nfcDep.c:1964:12:rfalNfcDepATR	264	static
../Middlewares/ST/rfal/Src/rfal_nfcDep.c:2050:12:rfalNfcDepPSL	48	static
../Middlewares/ST/rfal/Src/rfal_nfcDep.c:2100:12:rfalNfcDepDSL	48	static
../Middlewares/ST/rfal/Src/rfal_nfcDep.c:2147:12:rfalNfcDepRLS	48	static
../Middlewares/ST/rfal/Src/rfal_nfcDep.c:2194:12:rfalNfcDepInitiatorHandleActivation	32	static
../Middlewares/ST/rfal/Src/rfal_nfcDep.c:2339:10:rfalNfcDepCalculateRWT	0	static
../Middlewares/ST/rfal/Src/rfal_nfcDep.c:2395:12:rfalNfcDepListenStartActivation	120	static
../Middlewares/ST/rfal/Src/rfal_nfcDep.c:2486:12:rfalNfcDepListenGetActivationStatus	48	static
../Middlewares/ST/rfal/Src/rfal_nfcDep.c:2531:12:rfalNfcDepStartTransceive	32	static
../Middlewares/ST/rfal/Src/rfal_nfcDep.c:2557:12:rfalNfcDepGetTransceiveStatus	80	static
../Middlewares/ST/rfal/Src/rfal_nfcDep.c:2613:12:rfalNfcDepStartPduTransceive	64	static
../Middlewares/ST/rfal/Src/rfal_nfcDep.c:2630:12:rfalNfcDepGetPduTransceiveStatus	72	static
