../Core/Src/Card_Read.c:39:10:Get_Card_ATQA	8	static
../Core/Src/Card_Read.c:103:6:mifare_ul_read	24	static
../Core/Src/Card_Read.c:452:9:APDU_check_response	0	static
../Core/Src/Card_Read.c:463:12:nfcfReadBlock	168	static
../Core/Src/Card_Read.c:548:12:nfcfWriteSingleBlock	120	static
../Core/Src/Card_Read.c:608:12:nfcvReadBlock	32	static
../Core/Src/Card_Read.c:618:12:nfcvWriteBlock	24	static
../Core/Src/Card_Read.c:627:12:mifareAuthenticate	16	static
../Core/Src/Card_Read.c:638:12:mifareReadBlock	40	static
../Core/Src/Card_Read.c:44:6:mifare_pre_read	64	static
../Core/Src/Card_Read.c:669:12:IsoDepBlockingTxRx	96	static
../Core/Src/Card_Read.c:415:6:T_Union_Read	200	static
../Core/Src/Card_Read.c:125:6:Card_Poll	104	static
