../Core/Src/mcc.c:514:15:attachParityInformation	32	static
../Core/Src/mcc.c:123:8:mccDeinitialise	8	static
../Core/Src/mcc.c:132:6:mccSetKey	32	static
../Core/Src/mcc.c:165:6:mccResetCipher	8	static
../Core/Src/mcc.c:112:8:mccInitialize	8	static
../Core/Src/mcc.c:210:8:mccAuthenticateStep1	56	static
../Core/Src/mcc.c:294:8:mccAuthenticateStep2	72	static
../Core/Src/mcc.c:171:8:mccAuthenticate	32	static
../Core/Src/mcc.c:368:8:mccSendRequest	72	static
../Core/Src/mcc.c:448:6:demoMifareClassic	72	static
