../Core/Src/mcc_crypto.c:120:9:mccLfsrUpdateBit	24	static
../Core/Src/mcc_crypto.c:152:9:mccLfsrUpdateByte	32	static
../Core/Src/mcc_crypto.c:166:10:mccLfsrUpdate	32	static
../Core/Src/mcc_crypto.c:181:10:mccPrng	16	static
../Core/Src/mcc_crypto.c:204:6:mccCryptoInit	36	static
../Core/Src/mcc_crypto.c:238:6:mccCryptoReset	0	static
../Core/Src/mcc_crypto.c:254:6:mccCryptoAuthInit	8	static
../Core/Src/mcc_crypto.c:277:6:mccCryptoAuthReinit	16	static
../Core/Src/mcc_crypto.c:300:6:mccCryptoTranscode	56	static
../Core/Src/mcc_crypto.c:316:9:mccCryptoIsActive	0	static
../Core/Src/mcc_crypto.c:321:6:mccCryptoSetActive	0	static
