../Core/Src/mode_sega_serial.c:22:9:sega_packet_check	28	static
../Core/Src/mode_sega_serial.c:69:6:sega_packet_write	32	static
../Core/Src/mode_sega_serial.c:97:6:res_clear	0	static
../Core/Src/mode_sega_serial.c:106:6:sys_to_normal_mode	8	static
../Core/Src/mode_sega_serial.c:111:6:sys_get_fw_version	40	static
../Core/Src/mode_sega_serial.c:125:6:sys_get_hw_version	40	static
../Core/Src/mode_sega_serial.c:139:6:sys_get_led_info	32	static
../Core/Src/mode_sega_serial.c:153:6:nfc_start_polling	8	static
../Core/Src/mode_sega_serial.c:157:6:nfc_stop_polling	8	static
../Core/Src/mode_sega_serial.c:161:6:nfc_card_detect	16	static
../Core/Src/mode_sega_serial.c:196:6:nfc_mifare_authorize_a	16	static
../Core/Src/mode_sega_serial.c:208:6:nfc_mifare_authorize_b	16	static
../Core/Src/mode_sega_serial.c:220:6:nfc_mifare_read	8	static
../Core/Src/mode_sega_serial.c:232:6:nfc_felica_through	40	static
../Core/Src/mode_sega_serial.c:300:6:Sega_Mode_Loop	8	static
