../Core/Src/mode_manager.c:21:6:Mode_Poll	8	static
../Core/Src/mode_manager.c:51:9:Mode_Detect	16	static
../Core/Src/mode_manager.c:67:6:Reader_UART_Init	16	static
../Core/Src/mode_manager.c:76:6:Reader_UART_IRQHandler	8	static
../Core/Src/mode_manager.c:111:6:Reader_CDC_IRQHandler	8	static
../Core/Src/mode_manager.c:135:6:Reader_Uart_SendCommand	8	static
../Core/Src/mode_manager.c:139:6:Reader_CDC_SendCommand	8	static
../Core/Src/mode_manager.c:158:6:Reader_HID_SendReport	8	static
../Core/Src/mode_manager.c:162:6:Interface_Send	8	static
