../Core/Src/stm32f0xx_it.c:74:6:NMI_Handler	0	static
../Core/Src/stm32f0xx_it.c:89:6:HardFault_Handler	0	static
../Core/Src/stm32f0xx_it.c:104:6:SVC_Handler	0	static
../Core/Src/stm32f0xx_it.c:117:6:PendSV_Handler	0	static
../Core/Src/stm32f0xx_it.c:130:6:SysTick_Handler	8	static
../Core/Src/stm32f0xx_it.c:151:6:EXTI0_1_IRQHandler	8	static
../Core/Src/stm32f0xx_it.c:166:6:DMA1_Channel2_3_IRQHandler	8	static
../Core/Src/stm32f0xx_it.c:181:6:DMA1_Channel4_5_6_7_IRQHandler	8	static
../Core/Src/stm32f0xx_it.c:195:6:SPI1_IRQHandler	8	static
../Core/Src/stm32f0xx_it.c:209:6:USART1_IRQHandler	8	static
../Core/Src/stm32f0xx_it.c:223:6:USART2_IRQHandler	8	static
../Core/Src/stm32f0xx_it.c:237:6:USB_IRQHandler	8	static
