../Drivers/BSP/Components/ST25R3916/rfal_rfst25r3916.c:4680:17:rfalWakeUpModeFilter	16	static
../Drivers/BSP/Components/ST25R3916/rfal_rfst25r3916.c:1755:13:rfalCleanupTransceive	8	static
../Drivers/BSP/Components/ST25R3916/rfal_rfst25r3916.c:1795:13:rfalPrepareTransceive	8	static
../Drivers/BSP/Components/ST25R3916/rfal_rfst25r3916.c:2783:13:rfalFIFOStatusUpdate	8	static
../Drivers/BSP/Components/ST25R3916/rfal_rfst25r3916.c:2800:17:rfalFIFOStatusGetNumBytes	8	static
../Drivers/BSP/Components/ST25R3916/rfal_rfst25r3916.c:1658:13:rfalErrorHandling	8	static
../Drivers/BSP/Components/ST25R3916/rfal_rfst25r3916.c:582:12:rfalCalibrate	16	static
../Drivers/BSP/Components/ST25R3916/rfal_rfst25r3916.c:489:12:rfalInitialize	16	static
../Drivers/BSP/Components/ST25R3916/rfal_rfst25r3916.c:608:12:rfalAdjustRegulators	8	static
../Drivers/BSP/Components/ST25R3916/rfal_rfst25r3916.c:615:6:rfalSetUpperLayerCallback	8	static
../Drivers/BSP/Components/ST25R3916/rfal_rfst25r3916.c:622:6:rfalSetPreTxRxCallback	0	static
../Drivers/BSP/Components/ST25R3916/rfal_rfst25r3916.c:629:6:rfalSetSyncTxRxCallback	0	static
../Drivers/BSP/Components/ST25R3916/rfal_rfst25r3916.c:636:6:rfalSetPostTxRxCallback	0	static
../Drivers/BSP/Components/ST25R3916/rfal_rfst25r3916.c:643:12:rfalDeinitialize	8	static
../Drivers/BSP/Components/ST25R3916/rfal_rfst25r3916.c:657:6:rfalSetObsvMode	0	static
../Drivers/BSP/Components/ST25R3916/rfal_rfst25r3916.c:665:6:rfalGetObsvMode	0	static
../Drivers/BSP/Components/ST25R3916/rfal_rfst25r3916.c:680:6:rfalDisableObsvMode	0	static
../Drivers/BSP/Components/ST25R3916/rfal_rfst25r3916.c:935:10:rfalGetMode	0	static
../Drivers/BSP/Components/ST25R3916/rfal_rfst25r3916.c:942:12:rfalSetBitRate	24	static
../Drivers/BSP/Components/ST25R3916/rfal_rfst25r3916.c:688:12:rfalSetMode	16	static
../Drivers/BSP/Components/ST25R3916/rfal_rfst25r3916.c:1096:12:rfalGetBitRate	0	static
../Drivers/BSP/Components/ST25R3916/rfal_rfst25r3916.c:1118:6:rfalSetErrorHandling	8	static
../Drivers/BSP/Components/ST25R3916/rfal_rfst25r3916.c:1144:15:rfalGetErrorHandling	0	static
../Drivers/BSP/Components/ST25R3916/rfal_rfst25r3916.c:1151:6:rfalSetFDTPoll	0	static
../Drivers/BSP/Components/ST25R3916/rfal_rfst25r3916.c:1158:10:rfalGetFDTPoll	0	static
../Drivers/BSP/Components/ST25R3916/rfal_rfst25r3916.c:1165:6:rfalSetFDTListen	0	static
../Drivers/BSP/Components/ST25R3916/rfal_rfst25r3916.c:1172:10:rfalGetFDTListen	0	static
../Drivers/BSP/Components/ST25R3916/rfal_rfst25r3916.c:1179:6:rfalSetGT	0	static
../Drivers/BSP/Components/ST25R3916/rfal_rfst25r3916.c:1186:10:rfalGetGT	0	static
../Drivers/BSP/Components/ST25R3916/rfal_rfst25r3916.c:1193:6:rfalIsGTExpired	8	static
../Drivers/BSP/Components/ST25R3916/rfal_rfst25r3916.c:1207:12:rfalFieldOnAndStartGT	16	static
../Drivers/BSP/Components/ST25R3916/rfal_rfst25r3916.c:1267:12:rfalFieldOff	8	static
../Drivers/BSP/Components/ST25R3916/rfal_rfst25r3916.c:1287:12:rfalStartTransceive	16	static
../Drivers/BSP/Components/ST25R3916/rfal_rfst25r3916.c:1451:6:rfalIsTransceiveInTx	0	static
../Drivers/BSP/Components/ST25R3916/rfal_rfst25r3916.c:1458:6:rfalIsTransceiveInRx	0	static
../Drivers/BSP/Components/ST25R3916/rfal_rfst25r3916.c:1565:21:rfalGetTransceiveState	0	static
../Drivers/BSP/Components/ST25R3916/rfal_rfst25r3916.c:1572:12:rfalGetTransceiveStatus	0	static
../Drivers/BSP/Components/ST25R3916/rfal_rfst25r3916.c:1579:12:rfalGetTransceiveRSSI	16	static
../Drivers/BSP/Components/ST25R3916/rfal_rfst25r3916.c:1618:6:rfalIsTransceiveSubcDetected	0	static
../Drivers/BSP/Components/ST25R3916/rfal_rfst25r3916.c:3041:12:rfalISO14443AGetTransceiveAnticollisionFrameStatus	40	static
../Drivers/BSP/Components/ST25R3916/rfal_rfst25r3916.c:3247:12:rfalGetFeliCaPollStatus	8	static
../Drivers/BSP/Components/ST25R3916/rfal_rfst25r3916.c:3330:6:rfalIsExtFieldOn	8	static
../Drivers/BSP/Components/ST25R3916/rfal_rfst25r3916.c:3922:12:rfalListenStop	8	static
../Drivers/BSP/Components/ST25R3916/rfal_rfst25r3916.c:3958:12:rfalListenSleepStart	24	static
../Drivers/BSP/Components/ST25R3916/rfal_rfst25r3916.c:4051:13:rfalListenGetState	0	static
../Drivers/BSP/Components/ST25R3916/rfal_rfst25r3916.c:4071:12:rfalListenSetState	24	static
../Drivers/BSP/Components/ST25R3916/rfal_rfst25r3916.c:1625:6:rfalWorker	72	static
../Drivers/BSP/Components/ST25R3916/rfal_rfst25r3916.c:1478:19:rfalTransceiveRunBlockingTx	8	static
../Drivers/BSP/Components/ST25R3916/rfal_rfst25r3916.c:1465:12:rfalTransceiveBlockingTx	40	static
../Drivers/BSP/Components/ST25R3916/rfal_rfst25r3916.c:3193:12:rfalStartFeliCaPoll	56	static
../Drivers/BSP/Components/ST25R3916/rfal_rfst25r3916.c:2968:12:rfalISO14443AStartTransceiveAnticollisionFrame	56	static
../Drivers/BSP/Components/ST25R3916/rfal_rfst25r3916.c:1498:12:rfalTransceiveBlockingRx	8	static
../Drivers/BSP/Components/ST25R3916/rfal_rfst25r3916.c:1513:12:rfalTransceiveBlockingTxRx	32	static
../Drivers/BSP/Components/ST25R3916/rfal_rfst25r3916.c:3152:12:rfalISO15693TransceiveEOF	32	static
../Drivers/BSP/Components/ST25R3916/rfal_rfst25r3916.c:2839:12:rfalISO14443ATransceiveShortFrame	32	static
../Drivers/BSP/Components/ST25R3916/rfal_rfst25r3916.c:3088:12:rfalISO15693TransceiveAnticollisionFrame	64	static
../Drivers/BSP/Components/ST25R3916/rfal_rfst25r3916.c:3144:12:rfalISO15693TransceiveEOFAnticollision	24	static
../Drivers/BSP/Components/ST25R3916/rfal_rfst25r3916.c:2956:12:rfalISO14443ATransceiveAnticollisionFrame	16	static
../Drivers/BSP/Components/ST25R3916/rfal_rfst25r3916.c:3181:12:rfalFeliCaPoll	32	static
../Drivers/BSP/Components/ST25R3916/rfal_rfst25r3916.c:3338:12:rfalListenStart	56	static
../Drivers/BSP/Components/ST25R3916/rfal_rfst25r3916.c:4343:12:rfalWakeUpModeStart	32	static
../Drivers/BSP/Components/ST25R3916/rfal_rfst25r3916.c:4564:6:rfalWakeUpModeHasWoke	0	static
../Drivers/BSP/Components/ST25R3916/rfal_rfst25r3916.c:4571:12:rfalWakeUpModeGetInfo	24	static
../Drivers/BSP/Components/ST25R3916/rfal_rfst25r3916.c:4873:12:rfalWakeUpModeStop	8	static
../Drivers/BSP/Components/ST25R3916/rfal_rfst25r3916.c:4971:12:rfalChipWriteReg	16	static
../Drivers/BSP/Components/ST25R3916/rfal_rfst25r3916.c:4983:12:rfalChipReadReg	16	static
../Drivers/BSP/Components/ST25R3916/rfal_rfst25r3916.c:4995:12:rfalChipExecCmd	8	static
../Drivers/BSP/Components/ST25R3916/rfal_rfst25r3916.c:5007:12:rfalChipWriteTestReg	8	static
../Drivers/BSP/Components/ST25R3916/rfal_rfst25r3916.c:5014:12:rfalChipReadTestReg	8	static
../Drivers/BSP/Components/ST25R3916/rfal_rfst25r3916.c:5021:12:rfalChipChangeRegBits	16	static
../Drivers/BSP/Components/ST25R3916/rfal_rfst25r3916.c:5033:12:rfalChipChangeTestRegBits	8	static
../Drivers/BSP/Components/ST25R3916/rfal_rfst25r3916.c:5041:12:rfalChipSetRFO	8	static
../Drivers/BSP/Components/ST25R3916/rfal_rfst25r3916.c:5048:12:rfalChipGetRFO	8	static
../Drivers/BSP/Components/ST25R3916/rfal_rfst25r3916.c:5061:12:rfalChipMeasureAmplitude	24	static
../Drivers/BSP/Components/ST25R3916/rfal_rfst25r3916.c:5102:12:rfalChipMeasurePhase	8	static
../Drivers/BSP/Components/ST25R3916/rfal_rfst25r3916.c:5111:12:rfalChipMeasureCapacitance	8	static
../Drivers/BSP/Components/ST25R3916/rfal_rfst25r3916.c:5120:12:rfalChipMeasurePowerSupply	8	static
../Drivers/BSP/Components/ST25R3916/rfal_rfst25r3916.c:5129:12:rfalChipMeasureIQ	0	static
../Drivers/BSP/Components/ST25R3916/rfal_rfst25r3916.c:5146:12:rfalChipMeasureCombinedIQ	0	static
../Drivers/BSP/Components/ST25R3916/rfal_rfst25r3916.c:5158:12:rfalChipSetAntennaMode	8	static
