../Core/Src/mcc.c:510:15:attachParityInformation.constprop	24	static
../Core/Src/mcc.c:123:8:mccDeinitialise	0	static
../Core/Src/mcc.c:132:6:mccSetKey	24	static
../Core/Src/mcc.c:165:6:mccResetCipher	8	static
../Core/Src/mcc.c:112:8:mccInitialize	8	static
../Core/Src/mcc.c:210:8:mccAuthenticateStep1	64	static
../Core/Src/mcc.c:289:8:mccAuthenticateStep2	72	static
../Core/Src/mcc.c:171:8:mccAuthenticate	24	static
../Core/Src/mcc.c:363:8:mccSendRequest	64	static
../Core/Src/mcc.c:444:6:demoMifareClassic	64	static
