../Core/Src/mode_sega_serial.c:25:6:ascii_to_accesscode	8	static
../Core/Src/mode_sega_serial.c:33:6:hex_to_accesscode	16	static
../Core/Src/mode_sega_serial.c:50:9:sega_packet_check	32	static
../Core/Src/mode_sega_serial.c:97:6:sega_packet_write	32	static
../Core/Src/mode_sega_serial.c:125:6:res_clear	0	static
../Core/Src/mode_sega_serial.c:134:6:sys_to_normal_mode	8	static
../Core/Src/mode_sega_serial.c:139:6:sys_get_fw_version	40	static
../Core/Src/mode_sega_serial.c:153:6:sys_get_hw_version	40	static
../Core/Src/mode_sega_serial.c:167:6:sys_get_led_info	32	static
../Core/Src/mode_sega_serial.c:181:6:nfc_start_polling	8	static
../Core/Src/mode_sega_serial.c:185:6:nfc_stop_polling	8	static
../Core/Src/mode_sega_serial.c:189:6:nfc_card_detect	16	static
../Core/Src/mode_sega_serial.c:239:6:nfc_mifare_authorize_a	8	static
../Core/Src/mode_sega_serial.c:257:6:nfc_mifare_authorize_b	8	static
../Core/Src/mode_sega_serial.c:275:6:nfc_mifare_read	8	static
../Core/Src/mode_sega_serial.c:306:6:nfc_felica_through	16	static
../Core/Src/mode_sega_serial.c:377:6:Sega_Mode_Loop	8	static
