../Core/Src/mode_manager.c:21:6:HAL_TIM_PeriodElapsedCallback	8	static
../Core/Src/mode_manager.c:30:6:Mode_Poll	16	static
../Core/Src/mode_manager.c:53:9:Mode_Detect	16	static
../Core/Src/mode_manager.c:74:6:Reader_UART_Init	16	static
../Core/Src/mode_manager.c:103:6:Reader_UART_IRQHandler	16	static
../Core/Src/mode_manager.c:138:6:Reader_CDC_IRQHandler	8	static
../Core/Src/mode_manager.c:165:6:Reader_Uart_SendCommand	8	static
../Core/Src/mode_manager.c:169:6:Reader_CDC_SendCommand	8	static
../Core/Src/mode_manager.c:176:6:Reader_HID_SendReport	8	static
../Core/Src/mode_manager.c:180:6:Interface_Send	8	static
