Archive member included to satisfy reference by file (symbol)

D:/STM32CubeIDE_1.18.0/STM32CubeIDE/plugins/com.st.stm32cube.ide.mcu.externaltools.gnu-tools-for-stm32.13.3.rel1.win32_1.0.0.202411081344/tools/bin/../lib/gcc/arm-none-eabi/13.3.1/../../../../arm-none-eabi/lib/thumb/v6-m/nofp\libc_nano.a(libc_a-exit.o)
                              D:/STM32CubeIDE_1.18.0/STM32CubeIDE/plugins/com.st.stm32cube.ide.mcu.externaltools.gnu-tools-for-stm32.13.3.rel1.win32_1.0.0.202411081344/tools/bin/../lib/gcc/arm-none-eabi/13.3.1/../../../../arm-none-eabi/lib/thumb/v6-m/nofp/crt0.o (exit)
D:/STM32CubeIDE_1.18.0/STM32CubeIDE/plugins/com.st.stm32cube.ide.mcu.externaltools.gnu-tools-for-stm32.13.3.rel1.win32_1.0.0.202411081344/tools/bin/../lib/gcc/arm-none-eabi/13.3.1/../../../../arm-none-eabi/lib/thumb/v6-m/nofp\libc_nano.a(libc_a-findfp.o)
                              D:/STM32CubeIDE_1.18.0/STM32CubeIDE/plugins/com.st.stm32cube.ide.mcu.externaltools.gnu-tools-for-stm32.13.3.rel1.win32_1.0.0.202411081344/tools/bin/../lib/gcc/arm-none-eabi/13.3.1/../../../../arm-none-eabi/lib/thumb/v6-m/nofp\libc_nano.a(libc_a-exit.o) (__stdio_exit_handler)
D:/STM32CubeIDE_1.18.0/STM32CubeIDE/plugins/com.st.stm32cube.ide.mcu.externaltools.gnu-tools-for-stm32.13.3.rel1.win32_1.0.0.202411081344/tools/bin/../lib/gcc/arm-none-eabi/13.3.1/../../../../arm-none-eabi/lib/thumb/v6-m/nofp\libc_nano.a(libc_a-fwalk.o)
                              D:/STM32CubeIDE_1.18.0/STM32CubeIDE/plugins/com.st.stm32cube.ide.mcu.externaltools.gnu-tools-for-stm32.13.3.rel1.win32_1.0.0.202411081344/tools/bin/../lib/gcc/arm-none-eabi/13.3.1/../../../../arm-none-eabi/lib/thumb/v6-m/nofp\libc_nano.a(libc_a-findfp.o) (_fwalk_sglue)
D:/STM32CubeIDE_1.18.0/STM32CubeIDE/plugins/com.st.stm32cube.ide.mcu.externaltools.gnu-tools-for-stm32.13.3.rel1.win32_1.0.0.202411081344/tools/bin/../lib/gcc/arm-none-eabi/13.3.1/../../../../arm-none-eabi/lib/thumb/v6-m/nofp\libc_nano.a(libc_a-snprintf.o)
                              ./Middlewares/Third_Party/AL94_USB_Composite/COMPOSITE/Class/COMPOSITE/Src/usbd_composite.o (snprintf)
D:/STM32CubeIDE_1.18.0/STM32CubeIDE/plugins/com.st.stm32cube.ide.mcu.externaltools.gnu-tools-for-stm32.13.3.rel1.win32_1.0.0.202411081344/tools/bin/../lib/gcc/arm-none-eabi/13.3.1/../../../../arm-none-eabi/lib/thumb/v6-m/nofp\libc_nano.a(libc_a-stdio.o)
                              D:/STM32CubeIDE_1.18.0/STM32CubeIDE/plugins/com.st.stm32cube.ide.mcu.externaltools.gnu-tools-for-stm32.13.3.rel1.win32_1.0.0.202411081344/tools/bin/../lib/gcc/arm-none-eabi/13.3.1/../../../../arm-none-eabi/lib/thumb/v6-m/nofp\libc_nano.a(libc_a-findfp.o) (__sread)
D:/STM32CubeIDE_1.18.0/STM32CubeIDE/plugins/com.st.stm32cube.ide.mcu.externaltools.gnu-tools-for-stm32.13.3.rel1.win32_1.0.0.202411081344/tools/bin/../lib/gcc/arm-none-eabi/13.3.1/../../../../arm-none-eabi/lib/thumb/v6-m/nofp\libc_nano.a(libc_a-vsnprintf.o)
                              ./X-CUBE-NFC6/Target/logger.o (vsnprintf)
D:/STM32CubeIDE_1.18.0/STM32CubeIDE/plugins/com.st.stm32cube.ide.mcu.externaltools.gnu-tools-for-stm32.13.3.rel1.win32_1.0.0.202411081344/tools/bin/../lib/gcc/arm-none-eabi/13.3.1/../../../../arm-none-eabi/lib/thumb/v6-m/nofp\libc_nano.a(libc_a-memcmp.o)
                              ./Core/Src/Card_Read.o (memcmp)
D:/STM32CubeIDE_1.18.0/STM32CubeIDE/plugins/com.st.stm32cube.ide.mcu.externaltools.gnu-tools-for-stm32.13.3.rel1.win32_1.0.0.202411081344/tools/bin/../lib/gcc/arm-none-eabi/13.3.1/../../../../arm-none-eabi/lib/thumb/v6-m/nofp\libc_nano.a(libc_a-memmove.o)
                              ./Middlewares/ST/rfal/Src/rfal_isoDep.o (memmove)
D:/STM32CubeIDE_1.18.0/STM32CubeIDE/plugins/com.st.stm32cube.ide.mcu.externaltools.gnu-tools-for-stm32.13.3.rel1.win32_1.0.0.202411081344/tools/bin/../lib/gcc/arm-none-eabi/13.3.1/../../../../arm-none-eabi/lib/thumb/v6-m/nofp\libc_nano.a(libc_a-memset.o)
                              D:/STM32CubeIDE_1.18.0/STM32CubeIDE/plugins/com.st.stm32cube.ide.mcu.externaltools.gnu-tools-for-stm32.13.3.rel1.win32_1.0.0.202411081344/tools/bin/../lib/gcc/arm-none-eabi/13.3.1/../../../../arm-none-eabi/lib/thumb/v6-m/nofp/crt0.o (memset)
D:/STM32CubeIDE_1.18.0/STM32CubeIDE/plugins/com.st.stm32cube.ide.mcu.externaltools.gnu-tools-for-stm32.13.3.rel1.win32_1.0.0.202411081344/tools/bin/../lib/gcc/arm-none-eabi/13.3.1/../../../../arm-none-eabi/lib/thumb/v6-m/nofp\libc_nano.a(libc_a-closer.o)
                              D:/STM32CubeIDE_1.18.0/STM32CubeIDE/plugins/com.st.stm32cube.ide.mcu.externaltools.gnu-tools-for-stm32.13.3.rel1.win32_1.0.0.202411081344/tools/bin/../lib/gcc/arm-none-eabi/13.3.1/../../../../arm-none-eabi/lib/thumb/v6-m/nofp\libc_nano.a(libc_a-stdio.o) (_close_r)
D:/STM32CubeIDE_1.18.0/STM32CubeIDE/plugins/com.st.stm32cube.ide.mcu.externaltools.gnu-tools-for-stm32.13.3.rel1.win32_1.0.0.202411081344/tools/bin/../lib/gcc/arm-none-eabi/13.3.1/../../../../arm-none-eabi/lib/thumb/v6-m/nofp\libc_nano.a(libc_a-reent.o)
[...]
Memory Configuration

Name             Origin             Length             Attributes
RAM              0x20000000         0x00004000         xrw
FLASH            0x08000000         0x00020000         xr
*default*        0x00000000         0xffffffff

Linker script and memory map

LOAD D:/STM32CubeIDE_1.18.0/STM32CubeIDE/plugins/com.st.stm32cube.ide.mcu.externaltools.gnu-tools-for-stm32.13.3.rel1.win32_1.0.0.202411081344/tools/bin/../lib/gcc/arm-none-eabi/13.3.1/thumb/v6-m/nofp/crti.o
LOAD D:/STM32CubeIDE_1.18.0/STM32CubeIDE/plugins/com.st.stm32cube.ide.mcu.externaltools.gnu-tools-for-stm32.13.3.rel1.win32_1.0.0.202411081344/tools/bin/../lib/gcc/arm-none-eabi/13.3.1/thumb/v6-m/nofp/crtbegin.o
LOAD D:/STM32CubeIDE_1.18.0/STM32CubeIDE/plugins/com.st.stm32cube.ide.mcu.externaltools.gnu-tools-for-stm32.13.3.rel1.win32_1.0.0.202411081344/tools/bin/../lib/gcc/arm-none-eabi/13.3.1/../../../../arm-none-eabi/lib/thumb/v6-m/nofp/crt0.o
LOAD ./Core/Src/Card_Read.o
LOAD ./Core/Src/LED.o
LOAD ./Core/Src/bsp.o
LOAD ./Core/Src/custom_bus.o
LOAD ./Core/Src/dma.o
LOAD ./Core/Src/flash.o
LOAD ./Core/Src/gpio.o
LOAD ./Core/Src/main.o
LOAD ./Core/Src/mcc.o
LOAD ./Core/Src/mcc_crypto.o
LOAD ./Core/Src/mcc_crypto_card.o
LOAD ./Core/Src/mcc_crypto_reader.o
LOAD ./Core/Src/mcc_macros.o
LOAD ./Core/Src/mcc_raw_request.o
LOAD ./Core/Src/mode_manager.o
LOAD ./Core/Src/mode_sega_serial.o
LOAD ./Core/Src/mode_spice_api.o
LOAD ./Core/Src/stm32f0xx_hal_msp.o
LOAD ./Core/Src/stm32f0xx_it.o
LOAD ./Core/Src/syscalls.o
LOAD ./Core/Src/sysmem.o
LOAD ./Core/Src/system_stm32f0xx.o
LOAD ./Core/Src/tim.o
LOAD ./Core/Src/usart.o
LOAD ./Core/Src/usb.o
LOAD ./Core/Startup/startup_stm32f072cbtx.o
LOAD ./Drivers/BSP/Components/ST25R3916/rfal_rfst25r3916.o
LOAD ./Drivers/BSP/Components/ST25R3916/st25r3916.o
LOAD ./Drivers/BSP/Components/ST25R3916/st25r3916_aat.o
LOAD ./Drivers/BSP/Components/ST25R3916/st25r3916_com.o
LOAD ./Drivers/BSP/Components/ST25R3916/st25r3916_irq.o
LOAD ./Drivers/BSP/Components/ST25R3916/st25r3916_led.o
LOAD ./Drivers/BSP/Components/ST25R3916/timer.o
LOAD ./Drivers/BSP/NFC06A1/nfc06a1.o
LOAD ./Drivers/BSP/custom/custom.o
LOAD ./Drivers/STM32F0xx_HAL_Driver/Src/stm32f0xx_hal.o
LOAD ./Drivers/STM32F0xx_HAL_Driver/Src/stm32f0xx_hal_cortex.o
LOAD ./Drivers/STM32F0xx_HAL_Driver/Src/stm32f0xx_hal_dma.o
LOAD ./Drivers/STM32F0xx_HAL_Driver/Src/stm32f0xx_hal_exti.o
LOAD ./Drivers/STM32F0xx_HAL_Driver/Src/stm32f0xx_hal_flash.o
LOAD ./Drivers/STM32F0xx_HAL_Driver/Src/stm32f0xx_hal_flash_ex.o
LOAD ./Drivers/STM32F0xx_HAL_Driver/Src/stm32f0xx_hal_gpio.o
LOAD ./Drivers/STM32F0xx_HAL_Driver/Src/stm32f0xx_hal_i2c.o
LOAD ./Drivers/STM32F0xx_HAL_Driver/Src/stm32f0xx_hal_i2c_ex.o
LOAD ./Drivers/STM32F0xx_HAL_Driver/Src/stm32f0xx_hal_pcd.o
LOAD ./Drivers/STM32F0xx_HAL_Driver/Src/stm32f0xx_hal_pcd_ex.o
LOAD ./Drivers/STM32F0xx_HAL_Driver/Src/stm32f0xx_hal_pwr.o
LOAD ./Drivers/STM32F0xx_HAL_Driver/Src/stm32f0xx_hal_pwr_ex.o
LOAD ./Drivers/STM32F0xx_HAL_Driver/Src/stm32f0xx_hal_rcc.o
LOAD ./Drivers/STM32F0xx_HAL_Driver/Src/stm32f0xx_hal_rcc_ex.o
LOAD ./Drivers/STM32F0xx_HAL_Driver/Src/stm32f0xx_hal_spi.o
LOAD ./Drivers/STM32F0xx_HAL_Driver/Src/stm32f0xx_hal_spi_ex.o
LOAD ./Drivers/STM32F0xx_HAL_Driver/Src/stm32f0xx_hal_tim.o
LOAD ./Drivers/STM32F0xx_HAL_Driver/Src/stm32f0xx_hal_tim_ex.o
LOAD ./Drivers/STM32F0xx_HAL_Driver/Src/stm32f0xx_hal_uart.o
LOAD ./Drivers/STM32F0xx_HAL_Driver/Src/stm32f0xx_hal_uart_ex.o
LOAD ./Drivers/STM32F0xx_HAL_Driver/Src/stm32f0xx_ll_usb.o
LOAD ./Middlewares/ST/rfal/Src/rfal_analogConfig.o
LOAD ./Middlewares/ST/rfal/Src/rfal_cd.o
LOAD ./Middlewares/ST/rfal/Src/rfal_crc.o
LOAD ./Middlewares/ST/rfal/Src/rfal_dpo.o
LOAD ./Middlewares/ST/rfal/Src/rfal_iso15693_2.o
LOAD ./Middlewares/ST/rfal/Src/rfal_isoDep.o
LOAD ./Middlewares/ST/rfal/Src/rfal_nfc.o
LOAD ./Middlewares/ST/rfal/Src/rfal_nfcDep.o
LOAD ./Middlewares/ST/rfal/Src/rfal_nfca.o
LOAD ./Middlewares/ST/rfal/Src/rfal_nfcb.o
LOAD ./Middlewares/ST/rfal/Src/rfal_nfcf.o
LOAD ./Middlewares/ST/rfal/Src/rfal_nfcv.o
LOAD ./Middlewares/ST/rfal/Src/rfal_st25tb.o
LOAD ./Middlewares/ST/rfal/Src/rfal_st25xv.o
LOAD ./Middlewares/ST/rfal/Src/rfal_t1t.o
LOAD ./Middlewares/ST/rfal/Src/rfal_t2t.o
LOAD ./Middlewares/ST/rfal/Src/rfal_t4t.o
LOAD ./Middlewares/Third_Party/AL94_USB_Composite/COMPOSITE/App/usb_device.o
LOAD ./Middlewares/Third_Party/AL94_USB_Composite/COMPOSITE/App/usbd_cdc_acm_if.o
LOAD ./Middlewares/Third_Party/AL94_USB_Composite/COMPOSITE/App/usbd_desc.o
LOAD ./Middlewares/Third_Party/AL94_USB_Composite/COMPOSITE/App/usbd_hid_custom_if.o
LOAD ./Middlewares/Third_Party/AL94_USB_Composite/COMPOSITE/Class/CDC_ACM/Src/usbd_cdc_acm.o
LOAD ./Middlewares/Third_Party/AL94_USB_Composite/COMPOSITE/Class/COMPOSITE/Src/usbd_composite.o
LOAD ./Middlewares/Third_Party/AL94_USB_Composite/COMPOSITE/Class/HID_CUSTOM/Src/usbd_hid_custom.o
LOAD ./Middlewares/Third_Party/AL94_USB_Composite/COMPOSITE/Core/Src/usbd_core.o
LOAD ./Middlewares/Third_Party/AL94_USB_Composite/COMPOSITE/Core/Src/usbd_ctlreq.o
LOAD ./Middlewares/Third_Party/AL94_USB_Composite/COMPOSITE/Core/Src/usbd_ioreq.o
LOAD ./Middlewares/Third_Party/AL94_USB_Composite/COMPOSITE/Target/usbd_conf.o
LOAD ./X-CUBE-NFC6/App/app_x-cube-nfcx.o
LOAD ./X-CUBE-NFC6/Target/analogConfigTbl_NFC06A1.o
LOAD ./X-CUBE-NFC6/Target/demo_ce.o
LOAD ./X-CUBE-NFC6/Target/demo_polling.o
LOAD ./X-CUBE-NFC6/Target/logger.o
LOAD ./X-CUBE-NFC6/Target/nfc_conf.o
START GROUP
LOAD D:/STM32CubeIDE_1.18.0/STM32CubeIDE/plugins/com.st.stm32cube.ide.mcu.externaltools.gnu-tools-for-stm32.13.3.rel1.win32_1.0.0.202411081344/tools/bin/../lib/gcc/arm-none-eabi/13.3.1/../../../../arm-none-eabi/lib/thumb/v6-m/nofp\libc_nano.a
LOAD D:/STM32CubeIDE_1.18.0/STM32CubeIDE/plugins/com.st.stm32cube.ide.mcu.externaltools.gnu-tools-for-stm32.13.3.rel1.win32_1.0.0.202411081344/tools/bin/../lib/gcc/arm-none-eabi/13.3.1/../../../../arm-none-eabi/lib/thumb/v6-m/nofp\libm.a
END GROUP
START GROUP
LOAD D:/STM32CubeIDE_1.18.0/STM32CubeIDE/plugins/com.st.stm32cube.ide.mcu.externaltools.gnu-tools-for-stm32.13.3.rel1.win32_1.0.0.202411081344/tools/bin/../lib/gcc/arm-none-eabi/13.3.1/thumb/v6-m/nofp\libgcc.a
LOAD D:/STM32CubeIDE_1.18.0/STM32CubeIDE/plugins/com.st.stm32cube.ide.mcu.externaltools.gnu-tools-for-stm32.13.3.rel1.win32_1.0.0.202411081344/tools/bin/../lib/gcc/arm-none-eabi/13.3.1/../../../../arm-none-eabi/lib/thumb/v6-m/nofp\libc_nano.a
END GROUP
START GROUP
LOAD D:/STM32CubeIDE_1.18.0/STM32CubeIDE/plugins/com.st.stm32cube.ide.mcu.externaltools.gnu-tools-for-stm32.13.3.rel1.win32_1.0.0.202411081344/tools/bin/../lib/gcc/arm-none-eabi/13.3.1/thumb/v6-m/nofp\libgcc.a
LOAD D:/STM32CubeIDE_1.18.0/STM32CubeIDE/plugins/com.st.stm32cube.ide.mcu.externaltools.gnu-tools-for-stm32.13.3.rel1.win32_1.0.0.202411081344/tools/bin/../lib/gcc/arm-none-eabi/13.3.1/../../../../arm-none-eabi/lib/thumb/v6-m/nofp\libc_nano.a
LOAD D:/STM32CubeIDE_1.18.0/STM32CubeIDE/plugins/com.st.stm32cube.ide.mcu.externaltools.gnu-tools-for-stm32.13.3.rel1.win32_1.0.0.202411081344/tools/bin/../lib/gcc/arm-none-eabi/13.3.1/../../../../arm-none-eabi/lib/thumb/v6-m/nofp\libnosys.a
END GROUP
START GROUP
LOAD D:/STM32CubeIDE_1.18.0/STM32CubeIDE/plugins/com.st.stm32cube.ide.mcu.externaltools.gnu-tools-for-stm32.13.3.rel1.win32_1.0.0.202411081344/tools/bin/../lib/gcc/arm-none-eabi/13.3.1/thumb/v6-m/nofp\libgcc.a
LOAD D:/STM32CubeIDE_1.18.0/STM32CubeIDE/plugins/com.st.stm32cube.ide.mcu.externaltools.gnu-tools-for-stm32.13.3.rel1.win32_1.0.0.202411081344/tools/bin/../lib/gcc/arm-none-eabi/13.3.1/../../../../arm-none-eabi/lib/thumb/v6-m/nofp\libc_nano.a
LOAD D:/STM32CubeIDE_1.18.0/STM32CubeIDE/plugins/com.st.stm32cube.ide.mcu.externaltools.gnu-tools-for-stm32.13.3.rel1.win32_1.0.0.202411081344/tools/bin/../lib/gcc/arm-none-eabi/13.3.1/../../../../arm-none-eabi/lib/thumb/v6-m/nofp\libnosys.a
END GROUP
LOAD D:/STM32CubeIDE_1.18.0/STM32CubeIDE/plugins/com.st.stm32cube.ide.mcu.externaltools.gnu-tools-for-stm32.13.3.rel1.win32_1.0.0.202411081344/tools/bin/../lib/gcc/arm-none-eabi/13.3.1/thumb/v6-m/nofp/crtend.o
LOAD D:/STM32CubeIDE_1.18.0/STM32CubeIDE/plugins/com.st.stm32cube.ide.mcu.externaltools.gnu-tools-for-stm32.13.3.rel1.win32_1.0.0.202411081344/tools/bin/../lib/gcc/arm-none-eabi/13.3.1/thumb/v6-m/nofp/crtn.o
                0x20004000                        _estack = (ORIGIN (RAM) + LENGTH (RAM))
                0x00000200                        _Min_Heap_Size = 0x200
                0x00000400                        _Min_Stack_Size = 0x400

.isr_vector     0x08000000       0xc0
                0x08000000                        . = ALIGN (0x4)
 *(.isr_vector)
 .isr_vector    0x08000000       0xc0 ./Core/Startup/startup_stm32f072cbtx.o
                0x08000000                g_pfnVectors
                0x080000c0                        . = ALIGN (0x4)

.text           0x080000c0    0x16924
                0x080000c0                        . = ALIGN (0x4)
 *(.text)
 .text          0x080000c0       0x48 D:/STM32CubeIDE_1.18.0/STM32CubeIDE/plugins/com.st.stm32cube.ide.mcu.externaltools.gnu-tools-for-stm32.13.3.rel1.win32_1.0.0.202411081344/tools/bin/../lib/gcc/arm-none-eabi/13.3.1/thumb/v6-m/nofp/crtbegin.o
 .text          0x08000108        0xe D:/STM32CubeIDE_1.18.0/STM32CubeIDE/plugins/com.st.stm32cube.ide.mcu.externaltools.gnu-tools-for-stm32.13.3.rel1.win32_1.0.0.202411081344/tools/bin/../lib/gcc/arm-none-eabi/13.3.1/../../../../arm-none-eabi/lib/thumb/v6-m/nofp\libc_nano.a(libc_a-strlen.o)
                0x08000108                strlen
 *fill*         0x08000116        0x2 
 .text          0x08000118       0x14 D:/STM32CubeIDE_1.18.0/STM32CubeIDE/plugins/com.st.stm32cube.ide.mcu.externaltools.gnu-tools-for-stm32.13.3.rel1.win32_1.0.0.202411081344/tools/bin/../lib/gcc/arm-none-eabi/13.3.1/thumb/v6-m/nofp\libgcc.a(_thumb1_case_shi.o)
                0x08000118                __gnu_thumb1_case_shi
 .text          0x0800012c      0x114 D:/STM32CubeIDE_1.18.0/STM32CubeIDE/plugins/com.st.stm32cube.ide.mcu.externaltools.gnu-tools-for-stm32.13.3.rel1.win32_1.0.0.202411081344/tools/bin/../lib/gcc/arm-none-eabi/13.3.1/thumb/v6-m/nofp\libgcc.a(_udivsi3.o)
                0x0800012c                __aeabi_uidiv
                0x0800012c                __udivsi3
                0x08000238                __aeabi_uidivmod
 .text          0x08000240      0x1d4 D:/STM32CubeIDE_1.18.0/STM32CubeIDE/plugins/com.st.stm32cube.ide.mcu.externaltools.gnu-tools-for-stm32.13.3.rel1.win32_1.0.0.202411081344/tools/bin/../lib/gcc/arm-none-eabi/13.3.1/thumb/v6-m/nofp\libgcc.a(_divsi3.o)
                0x08000240                __divsi3
                0x08000240                __aeabi_idiv
                0x0800040c                __aeabi_idivmod
 .text          0x08000414        0x4 D:/STM32CubeIDE_1.18.0/STM32CubeIDE/plugins/com.st.stm32cube.ide.mcu.externaltools.gnu-tools-for-stm32.13.3.rel1.win32_1.0.0.202411081344/tools/bin/../lib/gcc/arm-none-eabi/13.3.1/thumb/v6-m/nofp\libgcc.a(_dvmd_tls.o)
                0x08000414                __aeabi_idiv0
                0x08000414                __aeabi_ldiv0
 .text          0x08000418       0x3c D:/STM32CubeIDE_1.18.0/STM32CubeIDE/plugins/com.st.stm32cube.ide.mcu.externaltools.gnu-tools-for-stm32.13.3.rel1.win32_1.0.0.202411081344/tools/bin/../lib/gcc/arm-none-eabi/13.3.1/thumb/v6-m/nofp\libgcc.a(_fixunsdfsi.o)
                0x08000418                __aeabi_d2uiz
                0x08000418                __fixunsdfsi
 .text          0x08000454      0x5cc D:/STM32CubeIDE_1.18.0/STM32CubeIDE/plugins/com.st.stm32cube.ide.mcu.externaltools.gnu-tools-for-stm32.13.3.rel1.win32_1.0.0.202411081344/tools/bin/../lib/gcc/arm-none-eabi/13.3.1/thumb/v6-m/nofp\libgcc.a(muldf3.o)
                0x08000454                __aeabi_dmul
 .text          0x08000a20      0x814 D:/STM32CubeIDE_1.18.0/STM32CubeIDE/plugins/com.st.stm32cube.ide.mcu.externaltools.gnu-tools-for-stm32.13.3.rel1.win32_1.0.0.202411081344/tools/bin/../lib/gcc/arm-none-eabi/13.3.1/thumb/v6-m/nofp\libgcc.a(subdf3.o)
                0x08000a20                __aeabi_dsub
 .text          0x08001234       0x78 D:/STM32CubeIDE_1.18.0/STM32CubeIDE/plugins/com.st.stm32cube.ide.mcu.externaltools.gnu-tools-for-stm32.13.3.rel1.win32_1.0.0.202411081344/tools/bin/../lib/gcc/arm-none-eabi/13.3.1/thumb/v6-m/nofp\libgcc.a(fixdfsi.o)
                0x08001234                __aeabi_d2iz
 .text          0x080012ac       0x5c D:/STM32CubeIDE_1.18.0/STM32CubeIDE/plugins/com.st.stm32cube.ide.mcu.externaltools.gnu-tools-for-stm32.13.3.rel1.win32_1.0.0.202411081344/tools/bin/../lib/gcc/arm-none-eabi/13.3.1/thumb/v6-m/nofp\libgcc.a(floatsidf.o)
                0x080012ac                __aeabi_i2d
 .text          0x08001308       0x7c D:/STM32CubeIDE_1.18.0/STM32CubeIDE/plugins/com.st.stm32cube.ide.mcu.externaltools.gnu-tools-for-stm32.13.3.rel1.win32_1.0.0.202411081344/tools/bin/../lib/gcc/arm-none-eabi/13.3.1/thumb/v6-m/nofp\libgcc.a(_arm_cmpdf2.o)
                0x08001308                __aeabi_cdrcmple
                0x08001318                __aeabi_cdcmple
                0x08001318                __aeabi_cdcmpeq
                0x08001328                __aeabi_dcmpeq
                0x08001334                __aeabi_dcmplt
                0x08001348                __aeabi_dcmple
                0x0800135c                __aeabi_dcmpgt
                0x08001370                __aeabi_dcmpge
 .text          0x08001384       0x3c D:/STM32CubeIDE_1.18.0/STM32CubeIDE/plugins/com.st.stm32cube.ide.mcu.externaltools.gnu-tools-for-stm32.13.3.rel1.win32_1.0.0.202411081344/tools/bin/../lib/gcc/arm-none-eabi/13.3.1/thumb/v6-m/nofp\libgcc.a(_clzsi2.o)
                0x08001384                __clzsi2
 .text          0x080013c0       0x88 D:/STM32CubeIDE_1.18.0/STM32CubeIDE/plugins/com.st.stm32cube.ide.mcu.externaltools.gnu-tools-for-stm32.13.3.rel1.win32_1.0.0.202411081344/tools/bin/../lib/gcc/arm-none-eabi/13.3.1/thumb/v6-m/nofp\libgcc.a(eqdf2.o)
                0x080013c0                __nedf2
                0x080013c0                __eqdf2
 .text          0x08001448       0xe0 D:/STM32CubeIDE_1.18.0/STM32CubeIDE/plugins/com.st.stm32cube.ide.mcu.externaltools.gnu-tools-for-stm32.13.3.rel1.win32_1.0.0.202411081344/tools/bin/../lib/gcc/arm-none-eabi/13.3.1/thumb/v6-m/nofp\libgcc.a(gedf2.o)
                0x08001448                __gedf2
                0x08001448                __gtdf2
 .text          0x08001528       0xdc D:/STM32CubeIDE_1.18.0/STM32CubeIDE/plugins/com.st.stm32cube.ide.mcu.externaltools.gnu-tools-for-stm32.13.3.rel1.win32_1.0.0.202411081344/tools/bin/../lib/gcc/arm-none-eabi/13.3.1/thumb/v6-m/nofp\libgcc.a(ledf2.o)
                0x08001528                __ledf2
                0x08001528                __ltdf2
 *(.text*)
 .text.Card_Poll
                0x08001604      0x328 ./Core/Src/Card_Read.o
                0x08001604                Card_Poll
 .text.mifareAuthenticate
                0x0800192c       0x1c ./Core/Src/Card_Read.o
                0x0800192c                mifareAuthenticate
 .text.mifareReadBlock
                0x08001948       0x2c ./Core/Src/Card_Read.o
                0x08001948                mifareReadBlock
 .text.LED_set  0x08001974       0x1c ./Core/Src/LED.o
                0x08001974                LED_set
 .text.LED_refresh
                0x08001990       0xe0 ./Core/Src/LED.o
                0x08001990                LED_refresh
 .text.LED_show
                0x08001a70       0x24 ./Core/Src/LED.o
                0x08001a70                LED_show
 .text.BSP_GetTick
                0x08001a94        0x8 ./Core/Src/custom_bus.o
                0x08001a94                BSP_GetTick
 .text.MX_SPI1_Init
                0x08001a9c       0x48 ./Core/Src/custom_bus.o
                0x08001a9c                MX_SPI1_Init
 .text.BSP_SPI1_Init
                0x08001ae4       0xc8 ./Core/Src/custom_bus.o
                0x08001ae4                BSP_SPI1_Init
 .text.MX_DMA_Init
                0x08001bac       0x40 ./Core/Src/dma.o
                0x08001bac                MX_DMA_Init
 .text.MX_GPIO_Init
                0x08001bec       0xb8 ./Core/Src/gpio.o
                0x08001bec                MX_GPIO_Init
 .text.SystemClock_Config
                0x08001ca4       0x78 ./Core/Src/main.o
                0x08001ca4                SystemClock_Config
 .text.main     0x08001d1c       0x50 ./Core/Src/main.o
                0x08001d1c                main
 .text.Error_Handler
                0x08001d6c        0x4 ./Core/Src/main.o
                0x08001d6c                Error_Handler
 .text.attachParityInformation
                0x08001d70       0x50 ./Core/Src/mcc.o
 .text.mccDeinitialise
                0x08001dc0        0x4 ./Core/Src/mcc.o
                0x08001dc0                mccDeinitialise
 .text.mccSetKey
                0x08001dc4       0x4c ./Core/Src/mcc.o
                0x08001dc4                mccSetKey
 .text.mccResetCipher
                0x08001e10       0x14 ./Core/Src/mcc.o
                0x08001e10                mccResetCipher
 .text.mccInitialize
                0x08001e24        0xa ./Core/Src/mcc.o
                0x08001e24                mccInitialize
 *fill*         0x08001e2e        0x2 
 .text.mccAuthenticateStep1
                0x08001e30       0xf0 ./Core/Src/mcc.o
                0x08001e30                mccAuthenticateStep1
 .text.mccAuthenticateStep2
                0x08001f20       0xcc ./Core/Src/mcc.o
                0x08001f20                mccAuthenticateStep2
 .text.mccAuthenticate
                0x08001fec       0x34 ./Core/Src/mcc.o
                0x08001fec                mccAuthenticate
 .text.mccSendRequest
                0x08002020      0x120 ./Core/Src/mcc.o
                0x08002020                mccSendRequest
 .text.mccLfsrUpdateBit
                0x08002140       0x9c ./Core/Src/mcc_crypto.o
                0x08002140                mccLfsrUpdateBit
 .text.mccLfsrUpdateByte
                0x080021dc       0x3c ./Core/Src/mcc_crypto.o
                0x080021dc                mccLfsrUpdateByte
 .text.mccLfsrUpdate
                0x08002218       0x40 ./Core/Src/mcc_crypto.o
                0x08002218                mccLfsrUpdate
 .text.mccPrng  0x08002258       0x34 ./Core/Src/mcc_crypto.o
                0x08002258                mccPrng
 .text.mccCryptoInit
                0x0800228c       0x9a ./Core/Src/mcc_crypto.o
                0x0800228c                mccCryptoInit
 .text.mccCryptoReset
                0x08002326       0x10 ./Core/Src/mcc_crypto.o
                0x08002326                mccCryptoReset
 .text.mccCryptoAuthInit
                0x08002336        0xe ./Core/Src/mcc_crypto.o
                0x08002336                mccCryptoAuthInit
 .text.mccCryptoAuthReinit
                0x08002344       0x14 ./Core/Src/mcc_crypto.o
                0x08002344                mccCryptoAuthReinit
 .text.mccCryptoTranscode
                0x08002358      0x10c ./Core/Src/mcc_crypto.o
                0x08002358                mccCryptoTranscode
 .text.mccCryptoIsActive
                0x08002464        0x4 ./Core/Src/mcc_crypto.o
                0x08002464                mccCryptoIsActive
 .text.mccCryptoSetActive
                0x08002468        0x4 ./Core/Src/mcc_crypto.o
                0x08002468                mccCryptoSetActive
 .text.mccCryptoAuthReaderStep1
                0x0800246c       0x14 ./Core/Src/mcc_crypto_reader.o
                0x0800246c                mccCryptoAuthReaderStep1
 .text.mccCryptoAuthReaderStep2
                0x08002480      0x158 ./Core/Src/mcc_crypto_reader.o
                0x08002480                mccCryptoAuthReaderStep2
 .text.mccCryptoAuthReaderStep3
                0x080025d8       0x3c ./Core/Src/mcc_crypto_reader.o
                0x080025d8                mccCryptoAuthReaderStep3
 .text.mccReverse
                0x08002614       0x48 ./Core/Src/mcc_macros.o
                0x08002614                mccReverse
 .text.mccParityEven
                0x0800265c       0x1a ./Core/Src/mcc_macros.o
                0x0800265c                mccParityEven
 .text.mccParityOdd
                0x08002676       0x1a ./Core/Src/mcc_macros.o
                0x08002676                mccParityOdd
 .text.mccSendRawRequest
                0x08002690      0x180 ./Core/Src/mcc_raw_request.o
                0x08002690                mccSendRawRequest
 .text.HAL_TIM_PeriodElapsedCallback
                0x08002810       0x24 ./Core/Src/mode_manager.o
                0x08002810                HAL_TIM_PeriodElapsedCallback
 .text.Mode_Poll
                0x08002834       0x44 ./Core/Src/mode_manager.o
                0x08002834                Mode_Poll
 .text.Mode_Detect
                0x08002878       0x34 ./Core/Src/mode_manager.o
                0x08002878                Mode_Detect
 .text.Reader_UART_Init
                0x080028ac       0x48 ./Core/Src/mode_manager.o
                0x080028ac                Reader_UART_Init
 .text.Reader_UART_IRQHandler
                0x080028f4       0xb4 ./Core/Src/mode_manager.o
                0x080028f4                Reader_UART_IRQHandler
 .text.Reader_CDC_IRQHandler
                0x080029a8       0x54 ./Core/Src/mode_manager.o
                0x080029a8                Reader_CDC_IRQHandler
 .text.Reader_Uart_SendCommand
                0x080029fc       0x14 ./Core/Src/mode_manager.o
                0x080029fc                Reader_Uart_SendCommand
 .text.Reader_CDC_SendCommand
                0x08002a10       0x16 ./Core/Src/mode_manager.o
                0x08002a10                Reader_CDC_SendCommand
 *fill*         0x08002a26        0x2 
 .text.Interface_Send
                0x08002a28       0x40 ./Core/Src/mode_manager.o
                0x08002a28                Interface_Send
 .text.sega_packet_check
                0x08002a68       0xc0 ./Core/Src/mode_sega_serial.o
                0x08002a68                sega_packet_check
 .text.sega_packet_write
                0x08002b28       0xa4 ./Core/Src/mode_sega_serial.o
                0x08002b28                sega_packet_write
 .text.sega_mifare_pre_read
                0x08002bcc      0x138 ./Core/Src/mode_sega_serial.o
                0x08002bcc                sega_mifare_pre_read
 .text.res_clear
                0x08002d04       0x24 ./Core/Src/mode_sega_serial.o
                0x08002d04                res_clear
 .text.sys_to_normal_mode
                0x08002d28       0x14 ./Core/Src/mode_sega_serial.o
                0x08002d28                sys_to_normal_mode
 .text.sys_get_fw_version
                0x08002d3c       0x58 ./Core/Src/mode_sega_serial.o
                0x08002d3c                sys_get_fw_version
 .text.sys_get_hw_version
                0x08002d94       0x64 ./Core/Src/mode_sega_serial.o
                0x08002d94                sys_get_hw_version
 .text.sys_get_led_info
                0x08002df8       0x64 ./Core/Src/mode_sega_serial.o
                0x08002df8                sys_get_led_info
 .text.nfc_start_polling
                0x08002e5c        0xa ./Core/Src/mode_sega_serial.o
                0x08002e5c                nfc_start_polling
 .text.nfc_stop_polling
                0x08002e66        0xa ./Core/Src/mode_sega_serial.o
                0x08002e66                nfc_stop_polling
 .text.nfc_card_detect
                0x08002e70       0x8c ./Core/Src/mode_sega_serial.o
                0x08002e70                nfc_card_detect
 .text.nfc_mifare_authorize_a
                0x08002efc       0x48 ./Core/Src/mode_sega_serial.o
                0x08002efc                nfc_mifare_authorize_a
 .text.nfc_mifare_authorize_b
                0x08002f44       0x48 ./Core/Src/mode_sega_serial.o
                0x08002f44                nfc_mifare_authorize_b
 .text.nfc_mifare_read
                0x08002f8c       0x40 ./Core/Src/mode_sega_serial.o
                0x08002f8c                nfc_mifare_read
 .text.nfc_felica_through
                0x08002fcc       0xc4 ./Core/Src/mode_sega_serial.o
                0x08002fcc                nfc_felica_through
 .text.Sega_Mode_Loop
                0x08003090      0x120 ./Core/Src/mode_sega_serial.o
                0x08003090                Sega_Mode_Loop
 .text.hex2str  0x080031b0       0x10 ./Core/Src/mode_spice_api.o
                0x080031b0                hex2str
 .text.spice_mifare_process
                0x080031c0      0x13c ./Core/Src/mode_spice_api.o
                0x080031c0                spice_mifare_process
 .text.spice_felice_process
                0x080032fc       0x50 ./Core/Src/mode_spice_api.o
                0x080032fc                spice_felice_process
 .text.spice_iso15693_process
                0x0800334c       0x50 ./Core/Src/mode_spice_api.o
                0x0800334c                spice_iso15693_process
 .text.spice_request
                0x0800339c       0x18 ./Core/Src/mode_spice_api.o
                0x0800339c                spice_request
 .text.spice_request_check
                0x080033b4      0x1a4 ./Core/Src/mode_spice_api.o
                0x080033b4                spice_request_check
 .text.HAL_MspInit
                0x08003558       0x30 ./Core/Src/stm32f0xx_hal_msp.o
                0x08003558                HAL_MspInit
 .text.NMI_Handler
                0x08003588        0x2 ./Core/Src/stm32f0xx_it.o
                0x08003588                NMI_Handler
 .text.HardFault_Handler
                0x0800358a        0x2 ./Core/Src/stm32f0xx_it.o
                0x0800358a                HardFault_Handler
 .text.SVC_Handler
                0x0800358c        0x2 ./Core/Src/stm32f0xx_it.o
                0x0800358c                SVC_Handler
 .text.PendSV_Handler
                0x0800358e        0x2 ./Core/Src/stm32f0xx_it.o
                0x0800358e                PendSV_Handler
 .text.SysTick_Handler
                0x08003590        0x8 ./Core/Src/stm32f0xx_it.o
                0x08003590                SysTick_Handler
 .text.EXTI0_1_IRQHandler
                0x08003598       0x18 ./Core/Src/stm32f0xx_it.o
                0x08003598                EXTI0_1_IRQHandler
 .text.DMA1_Channel2_3_IRQHandler
                0x080035b0       0x18 ./Core/Src/stm32f0xx_it.o
                0x080035b0                DMA1_Channel2_3_IRQHandler
 .text.DMA1_Channel4_5_6_7_IRQHandler
                0x080035c8       0x10 ./Core/Src/stm32f0xx_it.o
                0x080035c8                DMA1_Channel4_5_6_7_IRQHandler
 .text.TIM17_IRQHandler
                0x080035d8       0x10 ./Core/Src/stm32f0xx_it.o
                0x080035d8                TIM17_IRQHandler
 .text.SPI1_IRQHandler
                0x080035e8       0x10 ./Core/Src/stm32f0xx_it.o
                0x080035e8                SPI1_IRQHandler
 .text.USART1_IRQHandler
                0x080035f8       0x14 ./Core/Src/stm32f0xx_it.o
                0x080035f8                USART1_IRQHandler
 .text.USART2_IRQHandler
                0x0800360c       0x10 ./Core/Src/stm32f0xx_it.o
                0x0800360c                USART2_IRQHandler
 .text.USB_IRQHandler
                0x0800361c       0x10 ./Core/Src/stm32f0xx_it.o
                0x0800361c                USB_IRQHandler
 .text._sbrk    0x0800362c       0x48 ./Core/Src/sysmem.o
                0x0800362c                _sbrk
 .text.SystemInit
                0x08003674        0x2 ./Core/Src/system_stm32f0xx.o
                0x08003674                SystemInit
 *fill*         0x08003676        0x2 
 .text.MX_TIM17_Init
                0x08003678       0x48 ./Core/Src/tim.o
                0x08003678                MX_TIM17_Init
 .text.HAL_TIM_PWM_MspInit
                0x080036c0       0x70 ./Core/Src/tim.o
                0x080036c0                HAL_TIM_PWM_MspInit
 .text.HAL_TIM_Base_MspInit
                0x08003730       0x40 ./Core/Src/tim.o
                0x08003730                HAL_TIM_Base_MspInit
 .text.HAL_TIM_MspPostInit
                0x08003770       0x50 ./Core/Src/tim.o
                0x08003770                HAL_TIM_MspPostInit
 .text.MX_TIM1_Init
                0x080037c0       0xbc ./Core/Src/tim.o
                0x080037c0                MX_TIM1_Init
 .text.MX_USART1_UART_Init
                0x0800387c       0x3c ./Core/Src/usart.o
                0x0800387c                MX_USART1_UART_Init
 .text.HAL_UART_MspInit
                0x080038b8       0xfc ./Core/Src/usart.o
                0x080038b8                HAL_UART_MspInit
 .text.MX_USB_PCD_Init
                0x080039b4       0x34 ./Core/Src/usb.o
                0x080039b4                MX_USB_PCD_Init
 .text.HAL_PCD_MspInit
                0x080039e8       0x40 ./Core/Src/usb.o
                0x080039e8                HAL_PCD_MspInit
 .text.Reset_Handler
                0x08003a28       0x50 ./Core/Startup/startup_stm32f072cbtx.o
                0x08003a28                Reset_Handler
 .text.Default_Handler
                0x08003a78        0x2 ./Core/Startup/startup_stm32f072cbtx.o
                0x08003a78                TIM1_CC_IRQHandler
                0x08003a78                TSC_IRQHandler
                0x08003a78                ADC1_COMP_IRQHandler
                0x08003a78                I2C1_IRQHandler
                0x08003a78                RCC_CRS_IRQHandler
                0x08003a78                TIM6_DAC_IRQHandler
                0x08003a78                USART3_4_IRQHandler
                0x08003a78                EXTI2_3_IRQHandler
                0x08003a78                I2C2_IRQHandler
                0x08003a78                CEC_CAN_IRQHandler
                0x08003a78                RTC_IRQHandler
                0x08003a78                PVD_VDDIO2_IRQHandler
                0x08003a78                TIM16_IRQHandler
                0x08003a78                TIM3_IRQHandler
                0x08003a78                EXTI4_15_IRQHandler
                0x08003a78                DMA1_Channel1_IRQHandler
                0x08003a78                Default_Handler
                0x08003a78                TIM14_IRQHandler
                0x08003a78                TIM7_IRQHandler
                0x08003a78                TIM15_IRQHandler
                0x08003a78                SPI2_IRQHandler
                0x08003a78                WWDG_IRQHandler
                0x08003a78                TIM2_IRQHandler
                0x08003a78                FLASH_IRQHandler
                0x08003a78                TIM1_BRK_UP_TRG_COM_IRQHandler
 .text.rfalWakeUpModeFilter
                0x08003a7a       0x40 ./Drivers/BSP/Components/ST25R3916/rfal_rfst25r3916.o
 *fill*         0x08003aba        0x2 
 .text.rfalCleanupTransceive
                0x08003abc       0x2c ./Drivers/BSP/Components/ST25R3916/rfal_rfst25r3916.o
 .text.rfalPrepareTransceive
                0x08003ae8      0x15c ./Drivers/BSP/Components/ST25R3916/rfal_rfst25r3916.o
 .text.rfalFIFOStatusUpdate
                0x08003c44       0x24 ./Drivers/BSP/Components/ST25R3916/rfal_rfst25r3916.o
 .text.rfalFIFOStatusGetNumBytes
                0x08003c68       0x1c ./Drivers/BSP/Components/ST25R3916/rfal_rfst25r3916.o
 .text.rfalErrorHandling
                0x08003c84       0x64 ./Drivers/BSP/Components/ST25R3916/rfal_rfst25r3916.o
 .text.rfalCalibrate
                0x08003ce8       0x38 ./Drivers/BSP/Components/ST25R3916/rfal_rfst25r3916.o
                0x08003ce8                rfalCalibrate
 .text.rfalInitialize
                0x08003d20       0x80 ./Drivers/BSP/Components/ST25R3916/rfal_rfst25r3916.o
                0x08003d20                rfalInitialize
 .text.rfalSetBitRate
                0x08003da0      0x38c ./Drivers/BSP/Components/ST25R3916/rfal_rfst25r3916.o
                0x08003da0                rfalSetBitRate
 .text.rfalSetMode
                0x0800412c      0x250 ./Drivers/BSP/Components/ST25R3916/rfal_rfst25r3916.o
                0x0800412c                rfalSetMode
 .text.rfalGetBitRate
                0x0800437c       0x38 ./Drivers/BSP/Components/ST25R3916/rfal_rfst25r3916.o
                0x0800437c                rfalGetBitRate
 .text.rfalSetErrorHandling
                0x080043b4       0x28 ./Drivers/BSP/Components/ST25R3916/rfal_rfst25r3916.o
                0x080043b4                rfalSetErrorHandling
 .text.rfalSetFDTPoll
                0x080043dc       0x18 ./Drivers/BSP/Components/ST25R3916/rfal_rfst25r3916.o
                0x080043dc                rfalSetFDTPoll
 .text.rfalGetFDTPoll
                0x080043f4        0xc ./Drivers/BSP/Components/ST25R3916/rfal_rfst25r3916.o
                0x080043f4                rfalGetFDTPoll
 .text.rfalSetFDTListen
                0x08004400       0x14 ./Drivers/BSP/Components/ST25R3916/rfal_rfst25r3916.o
                0x08004400                rfalSetFDTListen
 .text.rfalSetGT
                0x08004414       0x18 ./Drivers/BSP/Components/ST25R3916/rfal_rfst25r3916.o
                0x08004414                rfalSetGT
 .text.rfalIsGTExpired
                0x0800442c       0x1c ./Drivers/BSP/Components/ST25R3916/rfal_rfst25r3916.o
                0x0800442c                rfalIsGTExpired
 .text.rfalFieldOnAndStartGT
                0x08004448       0xc4 ./Drivers/BSP/Components/ST25R3916/rfal_rfst25r3916.o
                0x08004448                rfalFieldOnAndStartGT
 .text.rfalFieldOff
                0x0800450c       0x2c ./Drivers/BSP/Components/ST25R3916/rfal_rfst25r3916.o
                0x0800450c                rfalFieldOff
 .text.rfalStartTransceive
                0x08004538      0x220 ./Drivers/BSP/Components/ST25R3916/rfal_rfst25r3916.o
                0x08004538                rfalStartTransceive
 .text.rfalIsTransceiveInTx
                0x08004758       0x18 ./Drivers/BSP/Components/ST25R3916/rfal_rfst25r3916.o
                0x08004758                rfalIsTransceiveInTx
 .text.rfalGetTransceiveStatus
                0x08004770       0x18 ./Drivers/BSP/Components/ST25R3916/rfal_rfst25r3916.o
                0x08004770                rfalGetTransceiveStatus
 .text.rfalISO14443AGetTransceiveAnticollisionFrameStatus
                0x08004788       0xfc ./Drivers/BSP/Components/ST25R3916/rfal_rfst25r3916.o
                0x08004788                rfalISO14443AGetTransceiveAnticollisionFrameStatus
 .text.rfalGetFeliCaPollStatus
                0x08004884       0xfc ./Drivers/BSP/Components/ST25R3916/rfal_rfst25r3916.o
                0x08004884                rfalGetFeliCaPollStatus
 .text.rfalIsExtFieldOn
                0x08004980        0xe ./Drivers/BSP/Components/ST25R3916/rfal_rfst25r3916.o
                0x08004980                rfalIsExtFieldOn
 *fill*         0x0800498e        0x2 
 .text.rfalListenStop
                0x08004990       0x60 ./Drivers/BSP/Components/ST25R3916/rfal_rfst25r3916.o
                0x08004990                rfalListenStop
 .text.rfalListenSleepStart
                0x080049f0       0xac ./Drivers/BSP/Components/ST25R3916/rfal_rfst25r3916.o
                0x080049f0                rfalListenSleepStart
 .text.rfalListenGetState
                0x08004a9c       0x24 ./Drivers/BSP/Components/ST25R3916/rfal_rfst25r3916.o
                0x08004a9c                rfalListenGetState
 .text.rfalListenSetState
                0x08004ac0      0x230 ./Drivers/BSP/Components/ST25R3916/rfal_rfst25r3916.o
                0x08004ac0                rfalListenSetState
 .text.rfalWorker
                0x08004cf0      0xff4 ./Drivers/BSP/Components/ST25R3916/rfal_rfst25r3916.o
                0x08004cf0                rfalWorker
 .text.rfalTransceiveRunBlockingTx
                0x08005ce4       0x30 ./Drivers/BSP/Components/ST25R3916/rfal_rfst25r3916.o
 .text.rfalTransceiveBlockingTx
                0x08005d14       0x32 ./Drivers/BSP/Components/ST25R3916/rfal_rfst25r3916.o
                0x08005d14                rfalTransceiveBlockingTx
 *fill*         0x08005d46        0x2 
 .text.rfalStartFeliCaPoll
                0x08005d48       0x84 ./Drivers/BSP/Components/ST25R3916/rfal_rfst25r3916.o
                0x08005d48                rfalStartFeliCaPoll
 .text.rfalISO14443AStartTransceiveAnticollisionFrame
                0x08005dcc       0xe8 ./Drivers/BSP/Components/ST25R3916/rfal_rfst25r3916.o
                0x08005dcc                rfalISO14443AStartTransceiveAnticollisionFrame
 .text.rfalTransceiveBlockingRx
                0x08005eb4       0x1c ./Drivers/BSP/Components/ST25R3916/rfal_rfst25r3916.o
                0x08005eb4                rfalTransceiveBlockingRx
 .text.rfalTransceiveBlockingTxRx
                0x08005ed0       0x2e ./Drivers/BSP/Components/ST25R3916/rfal_rfst25r3916.o
                0x08005ed0                rfalTransceiveBlockingTxRx
 *fill*         0x08005efe        0x2 
 .text.rfalISO15693TransceiveEOF
                0x08005f00       0x40 ./Drivers/BSP/Components/ST25R3916/rfal_rfst25r3916.o
                0x08005f00                rfalISO15693TransceiveEOF
 .text.rfalISO14443ATransceiveShortFrame
                0x08005f40      0x1a4 ./Drivers/BSP/Components/ST25R3916/rfal_rfst25r3916.o
                0x08005f40                rfalISO14443ATransceiveShortFrame
 .text.rfalISO15693TransceiveAnticollisionFrame
                0x080060e4      0x10c ./Drivers/BSP/Components/ST25R3916/rfal_rfst25r3916.o
                0x080060e4                rfalISO15693TransceiveAnticollisionFrame
 .text.rfalISO15693TransceiveEOFAnticollision
                0x080061f0       0x18 ./Drivers/BSP/Components/ST25R3916/rfal_rfst25r3916.o
                0x080061f0                rfalISO15693TransceiveEOFAnticollision
 .text.rfalListenStart
                0x08006208      0x220 ./Drivers/BSP/Components/ST25R3916/rfal_rfst25r3916.o
                0x08006208                rfalListenStart
 .text.rfalWakeUpModeStart
                0x08006428      0x324 ./Drivers/BSP/Components/ST25R3916/rfal_rfst25r3916.o
                0x08006428                rfalWakeUpModeStart
 .text.rfalWakeUpModeHasWoke
                0x0800674c       0x14 ./Drivers/BSP/Components/ST25R3916/rfal_rfst25r3916.o
                0x0800674c                rfalWakeUpModeHasWoke
 .text.rfalWakeUpModeStop
                0x08006760       0x48 ./Drivers/BSP/Components/ST25R3916/rfal_rfst25r3916.o
                0x08006760                rfalWakeUpModeStop
 .text.rfalChipChangeRegBits
                0x080067a8       0x22 ./Drivers/BSP/Components/ST25R3916/rfal_rfst25r3916.o
                0x080067a8                rfalChipChangeRegBits
 .text.rfalChipChangeTestRegBits
                0x080067ca        0xc ./Drivers/BSP/Components/ST25R3916/rfal_rfst25r3916.o
                0x080067ca                rfalChipChangeTestRegBits
 .text.st25r3916OscOn
                0x080067d6       0x48 ./Drivers/BSP/Components/ST25R3916/st25r3916.o
                0x080067d6                st25r3916OscOn
 .text.st25r3916ExecuteCommandAndGetResult
                0x0800681e       0x42 ./Drivers/BSP/Components/ST25R3916/st25r3916.o
                0x0800681e                st25r3916ExecuteCommandAndGetResult
 .text.st25r3916MeasurePowerSupply
                0x08006860       0x24 ./Drivers/BSP/Components/ST25R3916/st25r3916.o
                0x08006860                st25r3916MeasurePowerSupply
 .text.st25r3916MeasureVoltage
                0x08006884       0x20 ./Drivers/BSP/Components/ST25R3916/st25r3916.o
                0x08006884                st25r3916MeasureVoltage
 .text.st25r3916AdjustRegulators
                0x080068a4       0x72 ./Drivers/BSP/Components/ST25R3916/st25r3916.o
                0x080068a4                st25r3916AdjustRegulators
 .text.st25r3916MeasureAmplitude
                0x08006916       0x10 ./Drivers/BSP/Components/ST25R3916/st25r3916.o
                0x08006916                st25r3916MeasureAmplitude
 .text.st25r3916MeasurePhase
                0x08006926       0x10 ./Drivers/BSP/Components/ST25R3916/st25r3916.o
                0x08006926                st25r3916MeasurePhase
 .text.st25r3916MeasureCapacitance
                0x08006936       0x10 ./Drivers/BSP/Components/ST25R3916/st25r3916.o
                0x08006936                st25r3916MeasureCapacitance
 .text.st25r3916CalibrateCapacitiveSensor
                0x08006946       0x40 ./Drivers/BSP/Components/ST25R3916/st25r3916.o
                0x08006946                st25r3916CalibrateCapacitiveSensor
 .text.st25r3916SetBitrate
                0x08006986       0x56 ./Drivers/BSP/Components/ST25R3916/st25r3916.o
                0x08006986                st25r3916SetBitrate
 .text.st25r3916PerformCollisionAvoidance
                0x080069dc       0xa8 ./Drivers/BSP/Components/ST25R3916/st25r3916.o
                0x080069dc                st25r3916PerformCollisionAvoidance
 .text.st25r3916SetNumTxBits
                0x08006a84       0x16 ./Drivers/BSP/Components/ST25R3916/st25r3916.o
                0x08006a84                st25r3916SetNumTxBits
 .text.st25r3916GetNumFIFOBytes
                0x08006a9a       0x28 ./Drivers/BSP/Components/ST25R3916/st25r3916.o
                0x08006a9a                st25r3916GetNumFIFOBytes
 *fill*         0x08006ac2        0x2 
 .text.st25r3916SetNoResponseTime
                0x08006ac4       0x58 ./Drivers/BSP/Components/ST25R3916/st25r3916.o
                0x08006ac4                st25r3916SetNoResponseTime
 .text.st25r3916SetGPTime
                0x08006b1c       0x16 ./Drivers/BSP/Components/ST25R3916/st25r3916.o
                0x08006b1c                st25r3916SetGPTime
 .text.st25r3916SetStartGPTimer
                0x08006b32       0x22 ./Drivers/BSP/Components/ST25R3916/st25r3916.o
                0x08006b32                st25r3916SetStartGPTimer
 .text.st25r3916CheckChipID
                0x08006b54       0x3a ./Drivers/BSP/Components/ST25R3916/st25r3916.o
                0x08006b54                st25r3916CheckChipID
 *fill*         0x08006b8e        0x2 
 .text.st25r3916Initialize
                0x08006b90       0xa0 ./Drivers/BSP/Components/ST25R3916/st25r3916.o
                0x08006b90                st25r3916Initialize
 .text.st25r3916StreamConfigure
                0x08006c30       0x76 ./Drivers/BSP/Components/ST25R3916/st25r3916.o
                0x08006c30                st25r3916StreamConfigure
 *fill*         0x08006ca6        0x2 
 .text.st25r3916comStart
                0x08006ca8       0x3c ./Drivers/BSP/Components/ST25R3916/st25r3916_com.o
 .text.st25r3916comStop
                0x08006ce4       0x2c ./Drivers/BSP/Components/ST25R3916/st25r3916_com.o
 .text.st25r3916comTxByte
                0x08006d10       0x18 ./Drivers/BSP/Components/ST25R3916/st25r3916_com.o
 .text.st25r3916comRx
                0x08006d28       0x20 ./Drivers/BSP/Components/ST25R3916/st25r3916_com.o
 .text.st25r3916ReadMultipleRegisters
                0x08006d48       0x3c ./Drivers/BSP/Components/ST25R3916/st25r3916_com.o
                0x08006d48                st25r3916ReadMultipleRegisters
 .text.st25r3916ReadRegister
                0x08006d84        0xa ./Drivers/BSP/Components/ST25R3916/st25r3916_com.o
                0x08006d84                st25r3916ReadRegister
 .text.st25r3916WriteMultipleRegisters
                0x08006d8e       0x4a ./Drivers/BSP/Components/ST25R3916/st25r3916_com.o
                0x08006d8e                st25r3916WriteMultipleRegisters
 .text.st25r3916WriteRegister
                0x08006dd8       0x16 ./Drivers/BSP/Components/ST25R3916/st25r3916_com.o
                0x08006dd8                st25r3916WriteRegister
 .text.st25r3916WriteFifo
                0x08006dee       0x3a ./Drivers/BSP/Components/ST25R3916/st25r3916_com.o
                0x08006dee                st25r3916WriteFifo
 .text.st25r3916ReadFifo
                0x08006e28       0x28 ./Drivers/BSP/Components/ST25R3916/st25r3916_com.o
                0x08006e28                st25r3916ReadFifo
 .text.st25r3916WritePTMem
                0x08006e50       0x36 ./Drivers/BSP/Components/ST25R3916/st25r3916_com.o
                0x08006e50                st25r3916WritePTMem
 .text.st25r3916WritePTMemF
                0x08006e86       0x36 ./Drivers/BSP/Components/ST25R3916/st25r3916_com.o
                0x08006e86                st25r3916WritePTMemF
 .text.st25r3916WritePTMemTSN
                0x08006ebc       0x36 ./Drivers/BSP/Components/ST25R3916/st25r3916_com.o
                0x08006ebc                st25r3916WritePTMemTSN
 .text.st25r3916ExecuteCommand
                0x08006ef2       0x22 ./Drivers/BSP/Components/ST25R3916/st25r3916_com.o
                0x08006ef2                st25r3916ExecuteCommand
 .text.st25r3916ReadTestRegister
                0x08006f14       0x30 ./Drivers/BSP/Components/ST25R3916/st25r3916_com.o
                0x08006f14                st25r3916ReadTestRegister
 .text.st25r3916WriteTestRegister
                0x08006f44       0x38 ./Drivers/BSP/Components/ST25R3916/st25r3916_com.o
                0x08006f44                st25r3916WriteTestRegister
 .text.st25r3916ClrRegisterBits
                0x08006f7c       0x2a ./Drivers/BSP/Components/ST25R3916/st25r3916_com.o
                0x08006f7c                st25r3916ClrRegisterBits
 .text.st25r3916SetRegisterBits
                0x08006fa6       0x2c ./Drivers/BSP/Components/ST25R3916/st25r3916_com.o
                0x08006fa6                st25r3916SetRegisterBits
 .text.st25r3916ModifyRegister
                0x08006fd2       0x30 ./Drivers/BSP/Components/ST25R3916/st25r3916_com.o
                0x08006fd2                st25r3916ModifyRegister
 .text.st25r3916ChangeRegisterBits
                0x08007002        0xa ./Drivers/BSP/Components/ST25R3916/st25r3916_com.o
                0x08007002                st25r3916ChangeRegisterBits
 .text.st25r3916ChangeTestRegisterBits
                0x0800700c       0x32 ./Drivers/BSP/Components/ST25R3916/st25r3916_com.o
                0x0800700c                st25r3916ChangeTestRegisterBits
 .text.st25r3916CheckReg
                0x0800703e       0x26 ./Drivers/BSP/Components/ST25R3916/st25r3916_com.o
                0x0800703e                st25r3916CheckReg
 .text.st25r3916IsRegValid
                0x08007064        0x8 ./Drivers/BSP/Components/ST25R3916/st25r3916_com.o
                0x08007064                st25r3916IsRegValid
 .text.st25r3916InitInterrupts
                0x0800706c       0x14 ./Drivers/BSP/Components/ST25R3916/st25r3916_irq.o
                0x0800706c                st25r3916InitInterrupts
 .text.st25r3916CheckForReceivedInterrupts
                0x08007080       0x98 ./Drivers/BSP/Components/ST25R3916/st25r3916_irq.o
                0x08007080                st25r3916CheckForReceivedInterrupts
 .text.st25r3916Isr
                0x08007118       0x1c ./Drivers/BSP/Components/ST25R3916/st25r3916_irq.o
                0x08007118                st25r3916Isr
 .text.st25r3916ModifyInterrupts
                0x08007134       0x4c ./Drivers/BSP/Components/ST25R3916/st25r3916_irq.o
                0x08007134                st25r3916ModifyInterrupts
 .text.st25r3916WaitForInterruptsTimed
                0x08007180       0x80 ./Drivers/BSP/Components/ST25R3916/st25r3916_irq.o
                0x08007180                st25r3916WaitForInterruptsTimed
 .text.st25r3916GetInterrupt
                0x08007200       0x5c ./Drivers/BSP/Components/ST25R3916/st25r3916_irq.o
                0x08007200                st25r3916GetInterrupt
 .text.st25r3916EnableInterrupts
                0x0800725c        0xa ./Drivers/BSP/Components/ST25R3916/st25r3916_irq.o
                0x0800725c                st25r3916EnableInterrupts
 .text.st25r3916ClearAndEnableInterrupts
                0x08007266       0x10 ./Drivers/BSP/Components/ST25R3916/st25r3916_irq.o
                0x08007266                st25r3916ClearAndEnableInterrupts
 .text.st25r3916DisableInterrupts
                0x08007276        0xc ./Drivers/BSP/Components/ST25R3916/st25r3916_irq.o
                0x08007276                st25r3916DisableInterrupts
 *fill*         0x08007282        0x2 
 .text.st25r3916ClearInterrupts
                0x08007284       0x5c ./Drivers/BSP/Components/ST25R3916/st25r3916_irq.o
                0x08007284                st25r3916ClearInterrupts
 .text.st25r3916ledInit
                0x080072e0       0x14 ./Drivers/BSP/Components/ST25R3916/st25r3916_led.o
                0x080072e0                st25r3916ledInit
 .text.st25r3916ledEvtIrq
                0x080072f4       0x20 ./Drivers/BSP/Components/ST25R3916/st25r3916_led.o
                0x080072f4                st25r3916ledEvtIrq
 .text.st25r3916ledEvtWrReg
                0x08007314       0x2c ./Drivers/BSP/Components/ST25R3916/st25r3916_led.o
                0x08007314                st25r3916ledEvtWrReg
 .text.st25r3916ledEvtWrMultiReg
                0x08007340       0x22 ./Drivers/BSP/Components/ST25R3916/st25r3916_led.o
                0x08007340                st25r3916ledEvtWrMultiReg
 *fill*         0x08007362        0x2 
 .text.st25r3916ledEvtCmd
                0x08007364       0x34 ./Drivers/BSP/Components/ST25R3916/st25r3916_led.o
                0x08007364                st25r3916ledEvtCmd
 .text.timerCalculateTimer
                0x08007398        0xc ./Drivers/BSP/Components/ST25R3916/timer.o
                0x08007398                timerCalculateTimer
 .text.timerIsExpired
                0x080073a4        0xe ./Drivers/BSP/Components/ST25R3916/timer.o
                0x080073a4                timerIsExpired
 *fill*         0x080073b2        0x2 
 .text.BSP_PB_Init
                0x080073b4       0x58 ./Drivers/BSP/custom/custom.o
                0x080073b4                BSP_PB_Init
 .text.BSP_PB_Callback
                0x0800740c        0x2 ./Drivers/BSP/custom/custom.o
                0x0800740c                BSP_PB_Callback
 .text.BUTTON_USER_EXTI_Callback
                0x0800740e        0xa ./Drivers/BSP/custom/custom.o
 .text.MX_USART2_UART_Init
                0x08007418       0x30 ./Drivers/BSP/custom/custom.o
                0x08007418                MX_USART2_UART_Init
 .text.BSP_COM_Init
                0x08007448       0xc8 ./Drivers/BSP/custom/custom.o
                0x08007448                BSP_COM_Init
 .text.HAL_InitTick
                0x08007510       0x4c ./Drivers/STM32F0xx_HAL_Driver/Src/stm32f0xx_hal.o
                0x08007510                HAL_InitTick
 .text.HAL_Init
                0x0800755c       0x20 ./Drivers/STM32F0xx_HAL_Driver/Src/stm32f0xx_hal.o
                0x0800755c                HAL_Init
 .text.HAL_IncTick
                0x0800757c       0x18 ./Drivers/STM32F0xx_HAL_Driver/Src/stm32f0xx_hal.o
                0x0800757c                HAL_IncTick
 .text.HAL_GetTick
                0x08007594        0xc ./Drivers/STM32F0xx_HAL_Driver/Src/stm32f0xx_hal.o
                0x08007594                HAL_GetTick
 .text.HAL_Delay
                0x080075a0       0x24 ./Drivers/STM32F0xx_HAL_Driver/Src/stm32f0xx_hal.o
                0x080075a0                HAL_Delay
 .text.HAL_NVIC_SetPriority
                0x080075c4       0x64 ./Drivers/STM32F0xx_HAL_Driver/Src/stm32f0xx_hal_cortex.o
                0x080075c4                HAL_NVIC_SetPriority
 .text.HAL_NVIC_EnableIRQ
                0x08007628       0x18 ./Drivers/STM32F0xx_HAL_Driver/Src/stm32f0xx_hal_cortex.o
                0x08007628                HAL_NVIC_EnableIRQ
 .text.HAL_SYSTICK_Config
                0x08007640       0x38 ./Drivers/STM32F0xx_HAL_Driver/Src/stm32f0xx_hal_cortex.o
                0x08007640                HAL_SYSTICK_Config
 .text.HAL_DMA_Init
                0x08007678       0x68 ./Drivers/STM32F0xx_HAL_Driver/Src/stm32f0xx_hal_dma.o
                0x08007678                HAL_DMA_Init
 .text.HAL_DMA_Start_IT
                0x080076e0       0x92 ./Drivers/STM32F0xx_HAL_Driver/Src/stm32f0xx_hal_dma.o
                0x080076e0                HAL_DMA_Start_IT
 .text.HAL_DMA_Abort
                0x08007772       0x40 ./Drivers/STM32F0xx_HAL_Driver/Src/stm32f0xx_hal_dma.o
                0x08007772                HAL_DMA_Abort
 .text.HAL_DMA_Abort_IT
                0x080077b2       0x4a ./Drivers/STM32F0xx_HAL_Driver/Src/stm32f0xx_hal_dma.o
                0x080077b2                HAL_DMA_Abort_IT
 .text.HAL_DMA_IRQHandler
                0x080077fc       0xaa ./Drivers/STM32F0xx_HAL_Driver/Src/stm32f0xx_hal_dma.o
                0x080077fc                HAL_DMA_IRQHandler
 .text.HAL_DMA_GetError
                0x080078a6        0x4 ./Drivers/STM32F0xx_HAL_Driver/Src/stm32f0xx_hal_dma.o
                0x080078a6                HAL_DMA_GetError
 .text.HAL_EXTI_RegisterCallback
                0x080078aa        0xe ./Drivers/STM32F0xx_HAL_Driver/Src/stm32f0xx_hal_exti.o
                0x080078aa                HAL_EXTI_RegisterCallback
 .text.HAL_EXTI_GetHandle
                0x080078b8        0xe ./Drivers/STM32F0xx_HAL_Driver/Src/stm32f0xx_hal_exti.o
                0x080078b8                HAL_EXTI_GetHandle
 *fill*         0x080078c6        0x2 
 .text.HAL_EXTI_IRQHandler
                0x080078c8       0x28 ./Drivers/STM32F0xx_HAL_Driver/Src/stm32f0xx_hal_exti.o
                0x080078c8                HAL_EXTI_IRQHandler
 .text.HAL_GPIO_Init
                0x080078f0      0x218 ./Drivers/STM32F0xx_HAL_Driver/Src/stm32f0xx_hal_gpio.o
                0x080078f0                HAL_GPIO_Init
 .text.HAL_GPIO_ReadPin
                0x08007b08        0xc ./Drivers/STM32F0xx_HAL_Driver/Src/stm32f0xx_hal_gpio.o
                0x08007b08                HAL_GPIO_ReadPin
 .text.HAL_GPIO_WritePin
                0x08007b14        0xc ./Drivers/STM32F0xx_HAL_Driver/Src/stm32f0xx_hal_gpio.o
                0x08007b14                HAL_GPIO_WritePin
 .text.HAL_GPIO_TogglePin
                0x08007b20       0x10 ./Drivers/STM32F0xx_HAL_Driver/Src/stm32f0xx_hal_gpio.o
                0x08007b20                HAL_GPIO_TogglePin
 .text.HAL_PCD_Init
                0x08007b30       0xa0 ./Drivers/STM32F0xx_HAL_Driver/Src/stm32f0xx_hal_pcd.o
                0x08007b30                HAL_PCD_Init
 .text.HAL_PCD_Start
                0x08007bd0       0x2e ./Drivers/STM32F0xx_HAL_Driver/Src/stm32f0xx_hal_pcd.o
                0x08007bd0                HAL_PCD_Start
 .text.HAL_PCD_SetAddress
                0x08007bfe       0x2a ./Drivers/STM32F0xx_HAL_Driver/Src/stm32f0xx_hal_pcd.o
                0x08007bfe                HAL_PCD_SetAddress
 .text.HAL_PCD_IRQHandler
                0x08007c28      0xd74 ./Drivers/STM32F0xx_HAL_Driver/Src/stm32f0xx_hal_pcd.o
                0x08007c28                HAL_PCD_IRQHandler
 .text.HAL_PCD_EP_Open
                0x0800899c       0x7c ./Drivers/STM32F0xx_HAL_Driver/Src/stm32f0xx_hal_pcd.o
                0x0800899c                HAL_PCD_EP_Open
 .text.HAL_PCD_EP_Close
                0x08008a18       0x6e ./Drivers/STM32F0xx_HAL_Driver/Src/stm32f0xx_hal_pcd.o
                0x08008a18                HAL_PCD_EP_Close
 .text.HAL_PCD_EP_Receive
                0x08008a86       0x42 ./Drivers/STM32F0xx_HAL_Driver/Src/stm32f0xx_hal_pcd.o
                0x08008a86                HAL_PCD_EP_Receive
 .text.HAL_PCD_EP_GetRxCount
                0x08008ac8       0x14 ./Drivers/STM32F0xx_HAL_Driver/Src/stm32f0xx_hal_pcd.o
                0x08008ac8                HAL_PCD_EP_GetRxCount
 .text.HAL_PCD_EP_Transmit
                0x08008adc       0x36 ./Drivers/STM32F0xx_HAL_Driver/Src/stm32f0xx_hal_pcd.o
                0x08008adc                HAL_PCD_EP_Transmit
 .text.HAL_PCD_EP_SetStall
                0x08008b12       0x74 ./Drivers/STM32F0xx_HAL_Driver/Src/stm32f0xx_hal_pcd.o
                0x08008b12                HAL_PCD_EP_SetStall
 .text.HAL_PCD_EP_ClrStall
                0x08008b86       0x80 ./Drivers/STM32F0xx_HAL_Driver/Src/stm32f0xx_hal_pcd.o
                0x08008b86                HAL_PCD_EP_ClrStall
 .text.HAL_PCDEx_PMAConfig
                0x08008c06       0x3a ./Drivers/STM32F0xx_HAL_Driver/Src/stm32f0xx_hal_pcd_ex.o
                0x08008c06                HAL_PCDEx_PMAConfig
 .text.HAL_PCDEx_ActivateLPM
                0x08008c40       0x26 ./Drivers/STM32F0xx_HAL_Driver/Src/stm32f0xx_hal_pcd_ex.o
                0x08008c40                HAL_PCDEx_ActivateLPM
 .text.HAL_PCDEx_LPM_Callback
                0x08008c66        0x2 ./Drivers/STM32F0xx_HAL_Driver/Src/stm32f0xx_hal_pcd_ex.o
                0x08008c66                HAL_PCDEx_LPM_Callback
 .text.HAL_RCC_OscConfig
                0x08008c68      0x580 ./Drivers/STM32F0xx_HAL_Driver/Src/stm32f0xx_hal_rcc.o
                0x08008c68                HAL_RCC_OscConfig
 .text.HAL_RCC_GetSysClockFreq
                0x080091e8       0x84 ./Drivers/STM32F0xx_HAL_Driver/Src/stm32f0xx_hal_rcc.o
                0x080091e8                HAL_RCC_GetSysClockFreq
 .text.HAL_RCC_ClockConfig
                0x0800926c      0x148 ./Drivers/STM32F0xx_HAL_Driver/Src/stm32f0xx_hal_rcc.o
                0x0800926c                HAL_RCC_ClockConfig
 .text.HAL_RCC_GetPCLK1Freq
                0x080093b4       0x20 ./Drivers/STM32F0xx_HAL_Driver/Src/stm32f0xx_hal_rcc.o
                0x080093b4                HAL_RCC_GetPCLK1Freq
 .text.HAL_RCCEx_PeriphCLKConfig
                0x080093d4      0x178 ./Drivers/STM32F0xx_HAL_Driver/Src/stm32f0xx_hal_rcc_ex.o
                0x080093d4                HAL_RCCEx_PeriphCLKConfig
 .text.SPI_WaitFlagStateUntilTimeout
                0x0800954c       0xf0 ./Drivers/STM32F0xx_HAL_Driver/Src/stm32f0xx_hal_spi.o
 .text.SPI_WaitFifoStateUntilTimeout
                0x0800963c      0x120 ./Drivers/STM32F0xx_HAL_Driver/Src/stm32f0xx_hal_spi.o
 .text.SPI_EndRxTxTransaction
                0x0800975c       0x68 ./Drivers/STM32F0xx_HAL_Driver/Src/stm32f0xx_hal_spi.o
 .text.SPI_EndRxTransaction
                0x080097c4       0x90 ./Drivers/STM32F0xx_HAL_Driver/Src/stm32f0xx_hal_spi.o
 .text.HAL_SPI_MspInit
                0x08009854        0x2 ./Drivers/STM32F0xx_HAL_Driver/Src/stm32f0xx_hal_spi.o
                0x08009854                HAL_SPI_MspInit
 *fill*         0x08009856        0x2 
 .text.HAL_SPI_Init
                0x08009858       0xf8 ./Drivers/STM32F0xx_HAL_Driver/Src/stm32f0xx_hal_spi.o
                0x08009858                HAL_SPI_Init
 .text.HAL_SPI_Transmit
                0x08009950      0x1c6 ./Drivers/STM32F0xx_HAL_Driver/Src/stm32f0xx_hal_spi.o
                0x08009950                HAL_SPI_Transmit
 *fill*         0x08009b16        0x2 
 .text.HAL_SPI_TransmitReceive
                0x08009b18      0x27c ./Drivers/STM32F0xx_HAL_Driver/Src/stm32f0xx_hal_spi.o
                0x08009b18                HAL_SPI_TransmitReceive
 .text.HAL_SPI_Receive
                0x08009d94      0x1cc ./Drivers/STM32F0xx_HAL_Driver/Src/stm32f0xx_hal_spi.o
                0x08009d94                HAL_SPI_Receive
 .text.HAL_SPI_ErrorCallback
                0x08009f60        0x2 ./Drivers/STM32F0xx_HAL_Driver/Src/stm32f0xx_hal_spi.o
                0x08009f60                HAL_SPI_ErrorCallback
 *fill*         0x08009f62        0x2 
 .text.HAL_SPI_IRQHandler
                0x08009f64      0x124 ./Drivers/STM32F0xx_HAL_Driver/Src/stm32f0xx_hal_spi.o
                0x08009f64                HAL_SPI_IRQHandler
 .text.SPI_DMAAbortOnError
                0x0800a088       0x12 ./Drivers/STM32F0xx_HAL_Driver/Src/stm32f0xx_hal_spi.o
 .text.HAL_SPI_GetState
                0x0800a09a        0x8 ./Drivers/STM32F0xx_HAL_Driver/Src/stm32f0xx_hal_spi.o
                0x0800a09a                HAL_SPI_GetState
 *fill*         0x0800a0a2        0x2 
 .text.TIM_OC1_SetConfig
                0x0800a0a4       0x9c ./Drivers/STM32F0xx_HAL_Driver/Src/stm32f0xx_hal_tim.o
 .text.TIM_OC3_SetConfig
                0x0800a140       0x88 ./Drivers/STM32F0xx_HAL_Driver/Src/stm32f0xx_hal_tim.o
 .text.TIM_OC4_SetConfig
                0x0800a1c8       0x74 ./Drivers/STM32F0xx_HAL_Driver/Src/stm32f0xx_hal_tim.o
 .text.HAL_TIM_Base_Start_IT
                0x0800a23c       0x68 ./Drivers/STM32F0xx_HAL_Driver/Src/stm32f0xx_hal_tim.o
                0x0800a23c                HAL_TIM_Base_Start_IT
 .text.HAL_TIM_OC_DelayElapsedCallback
                0x0800a2a4        0x2 ./Drivers/STM32F0xx_HAL_Driver/Src/stm32f0xx_hal_tim.o
                0x0800a2a4                HAL_TIM_OC_DelayElapsedCallback
 .text.HAL_TIM_IC_CaptureCallback
                0x0800a2a6        0x2 ./Drivers/STM32F0xx_HAL_Driver/Src/stm32f0xx_hal_tim.o
                0x0800a2a6                HAL_TIM_IC_CaptureCallback
 .text.HAL_TIM_PWM_PulseFinishedCallback
                0x0800a2a8        0x2 ./Drivers/STM32F0xx_HAL_Driver/Src/stm32f0xx_hal_tim.o
                0x0800a2a8                HAL_TIM_PWM_PulseFinishedCallback
 .text.TIM_DMADelayPulseCplt
                0x0800a2aa       0x70 ./Drivers/STM32F0xx_HAL_Driver/Src/stm32f0xx_hal_tim.o
 .text.HAL_TIM_PWM_PulseFinishedHalfCpltCallback
                0x0800a31a        0x2 ./Drivers/STM32F0xx_HAL_Driver/Src/stm32f0xx_hal_tim.o
                0x0800a31a                HAL_TIM_PWM_PulseFinishedHalfCpltCallback
 .text.TIM_DMADelayPulseHalfCplt
                0x0800a31c       0x3e ./Drivers/STM32F0xx_HAL_Driver/Src/stm32f0xx_hal_tim.o
                0x0800a31c                TIM_DMADelayPulseHalfCplt
 .text.HAL_TIM_TriggerCallback
                0x0800a35a        0x2 ./Drivers/STM32F0xx_HAL_Driver/Src/stm32f0xx_hal_tim.o
                0x0800a35a                HAL_TIM_TriggerCallback
 .text.HAL_TIM_IRQHandler
                0x0800a35c      0x13e ./Drivers/STM32F0xx_HAL_Driver/Src/stm32f0xx_hal_tim.o
                0x0800a35c                HAL_TIM_IRQHandler
 .text.HAL_TIM_ErrorCallback
                0x0800a49a        0x2 ./Drivers/STM32F0xx_HAL_Driver/Src/stm32f0xx_hal_tim.o
                0x0800a49a                HAL_TIM_ErrorCallback
 .text.TIM_DMAError
                0x0800a49c       0x5c ./Drivers/STM32F0xx_HAL_Driver/Src/stm32f0xx_hal_tim.o
                0x0800a49c                TIM_DMAError
 .text.TIM_Base_SetConfig
                0x0800a4f8      0x160 ./Drivers/STM32F0xx_HAL_Driver/Src/stm32f0xx_hal_tim.o
                0x0800a4f8                TIM_Base_SetConfig
 .text.HAL_TIM_Base_Init
                0x0800a658       0x58 ./Drivers/STM32F0xx_HAL_Driver/Src/stm32f0xx_hal_tim.o
                0x0800a658                HAL_TIM_Base_Init
 .text.HAL_TIM_PWM_Init
                0x0800a6b0       0x58 ./Drivers/STM32F0xx_HAL_Driver/Src/stm32f0xx_hal_tim.o
                0x0800a6b0                HAL_TIM_PWM_Init
 .text.TIM_OC2_SetConfig
                0x0800a708       0x80 ./Drivers/STM32F0xx_HAL_Driver/Src/stm32f0xx_hal_tim.o
                0x0800a708                TIM_OC2_SetConfig
 .text.HAL_TIM_PWM_ConfigChannel
                0x0800a788       0xe8 ./Drivers/STM32F0xx_HAL_Driver/Src/stm32f0xx_hal_tim.o
                0x0800a788                HAL_TIM_PWM_ConfigChannel
 .text.TIM_CCxChannelCmd
                0x0800a870       0x1a ./Drivers/STM32F0xx_HAL_Driver/Src/stm32f0xx_hal_tim.o
                0x0800a870                TIM_CCxChannelCmd
 *fill*         0x0800a88a        0x2 
 .text.HAL_TIM_PWM_Start_DMA
                0x0800a88c      0x238 ./Drivers/STM32F0xx_HAL_Driver/Src/stm32f0xx_hal_tim.o
                0x0800a88c                HAL_TIM_PWM_Start_DMA
 .text.HAL_TIMEx_MasterConfigSynchronization
                0x0800aac4       0x6c ./Drivers/STM32F0xx_HAL_Driver/Src/stm32f0xx_hal_tim_ex.o
                0x0800aac4                HAL_TIMEx_MasterConfigSynchronization
 .text.HAL_TIMEx_ConfigBreakDeadTime
                0x0800ab30       0x6c ./Drivers/STM32F0xx_HAL_Driver/Src/stm32f0xx_hal_tim_ex.o
                0x0800ab30                HAL_TIMEx_ConfigBreakDeadTime
 .text.HAL_TIMEx_CommutCallback
                0x0800ab9c        0x2 ./Drivers/STM32F0xx_HAL_Driver/Src/stm32f0xx_hal_tim_ex.o
                0x0800ab9c                HAL_TIMEx_CommutCallback
 .text.HAL_TIMEx_BreakCallback
                0x0800ab9e        0x2 ./Drivers/STM32F0xx_HAL_Driver/Src/stm32f0xx_hal_tim_ex.o
                0x0800ab9e                HAL_TIMEx_BreakCallback
 .text.UART_EndRxTransfer
                0x0800aba0       0x60 ./Drivers/STM32F0xx_HAL_Driver/Src/stm32f0xx_hal_uart.o
 .text.HAL_UART_Transmit_DMA
                0x0800ac00       0xb4 ./Drivers/STM32F0xx_HAL_Driver/Src/stm32f0xx_hal_uart.o
                0x0800ac00                HAL_UART_Transmit_DMA
 .text.HAL_UART_DMAStop
                0x0800acb4       0xc2 ./Drivers/STM32F0xx_HAL_Driver/Src/stm32f0xx_hal_uart.o
                0x0800acb4                HAL_UART_DMAStop
 .text.HAL_UART_TxCpltCallback
                0x0800ad76        0x2 ./Drivers/STM32F0xx_HAL_Driver/Src/stm32f0xx_hal_uart.o
                0x0800ad76                HAL_UART_TxCpltCallback
 .text.UART_DMATransmitCplt
                0x0800ad78       0x48 ./Drivers/STM32F0xx_HAL_Driver/Src/stm32f0xx_hal_uart.o
 .text.HAL_UART_TxHalfCpltCallback
                0x0800adc0        0x2 ./Drivers/STM32F0xx_HAL_Driver/Src/stm32f0xx_hal_uart.o
                0x0800adc0                HAL_UART_TxHalfCpltCallback
 .text.UART_DMATxHalfCplt
                0x0800adc2        0xa ./Drivers/STM32F0xx_HAL_Driver/Src/stm32f0xx_hal_uart.o
 .text.HAL_UART_RxCpltCallback
                0x0800adcc        0x2 ./Drivers/STM32F0xx_HAL_Driver/Src/stm32f0xx_hal_uart.o
                0x0800adcc                HAL_UART_RxCpltCallback
 .text.HAL_UART_RxHalfCpltCallback
                0x0800adce        0x2 ./Drivers/STM32F0xx_HAL_Driver/Src/stm32f0xx_hal_uart.o
                0x0800adce                HAL_UART_RxHalfCpltCallback
 .text.HAL_UART_ErrorCallback
                0x0800add0        0x2 ./Drivers/STM32F0xx_HAL_Driver/Src/stm32f0xx_hal_uart.o
                0x0800add0                HAL_UART_ErrorCallback
 .text.UART_DMAError
                0x0800add2       0x66 ./Drivers/STM32F0xx_HAL_Driver/Src/stm32f0xx_hal_uart.o
 .text.UART_DMAAbortOnError
                0x0800ae38       0x14 ./Drivers/STM32F0xx_HAL_Driver/Src/stm32f0xx_hal_uart.o
 .text.HAL_UARTEx_RxEventCallback
                0x0800ae4c        0x2 ./Drivers/STM32F0xx_HAL_Driver/Src/stm32f0xx_hal_uart.o
                0x0800ae4c                HAL_UARTEx_RxEventCallback
 *fill*         0x0800ae4e        0x2 
 .text.HAL_UART_IRQHandler
                0x0800ae50      0x2fc ./Drivers/STM32F0xx_HAL_Driver/Src/stm32f0xx_hal_uart.o
                0x0800ae50                HAL_UART_IRQHandler
 .text.UART_DMARxHalfCplt
                0x0800b14c       0x20 ./Drivers/STM32F0xx_HAL_Driver/Src/stm32f0xx_hal_uart.o
 .text.UART_DMAReceiveCplt
                0x0800b16c       0x98 ./Drivers/STM32F0xx_HAL_Driver/Src/stm32f0xx_hal_uart.o
 .text.UART_SetConfig
                0x0800b204      0x1c4 ./Drivers/STM32F0xx_HAL_Driver/Src/stm32f0xx_hal_uart.o
                0x0800b204                UART_SetConfig
 .text.UART_AdvFeatureConfig
                0x0800b3c8       0xe0 ./Drivers/STM32F0xx_HAL_Driver/Src/stm32f0xx_hal_uart.o
                0x0800b3c8                UART_AdvFeatureConfig
 .text.UART_WaitOnFlagUntilTimeout
                0x0800b4a8       0xa4 ./Drivers/STM32F0xx_HAL_Driver/Src/stm32f0xx_hal_uart.o
                0x0800b4a8                UART_WaitOnFlagUntilTimeout
 .text.HAL_UART_Transmit
                0x0800b54c       0xf6 ./Drivers/STM32F0xx_HAL_Driver/Src/stm32f0xx_hal_uart.o
                0x0800b54c                HAL_UART_Transmit
 *fill*         0x0800b642        0x2 
 .text.UART_CheckIdleState
                0x0800b644       0xc8 ./Drivers/STM32F0xx_HAL_Driver/Src/stm32f0xx_hal_uart.o
                0x0800b644                UART_CheckIdleState
 .text.HAL_UART_Init
                0x0800b70c       0x6c ./Drivers/STM32F0xx_HAL_Driver/Src/stm32f0xx_hal_uart.o
                0x0800b70c                HAL_UART_Init
 .text.UART_Start_Receive_DMA
                0x0800b778       0xb0 ./Drivers/STM32F0xx_HAL_Driver/Src/stm32f0xx_hal_uart.o
                0x0800b778                UART_Start_Receive_DMA
 .text.HAL_UART_Receive_DMA
                0x0800b828       0x64 ./Drivers/STM32F0xx_HAL_Driver/Src/stm32f0xx_hal_uart.o
                0x0800b828                HAL_UART_Receive_DMA
 .text.HAL_UARTEx_WakeupCallback
                0x0800b88c        0x2 ./Drivers/STM32F0xx_HAL_Driver/Src/stm32f0xx_hal_uart_ex.o
                0x0800b88c                HAL_UARTEx_WakeupCallback
 *fill*         0x0800b88e        0x2 
 .text.USB_EnableGlobalInt
                0x0800b890       0x14 ./Drivers/STM32F0xx_HAL_Driver/Src/stm32f0xx_ll_usb.o
                0x0800b890                USB_EnableGlobalInt
 .text.USB_DisableGlobalInt
                0x0800b8a4       0x14 ./Drivers/STM32F0xx_HAL_Driver/Src/stm32f0xx_ll_usb.o
                0x0800b8a4                USB_DisableGlobalInt
 .text.USB_DevInit
                0x0800b8b8       0x1a ./Drivers/STM32F0xx_HAL_Driver/Src/stm32f0xx_ll_usb.o
                0x0800b8b8                USB_DevInit
 *fill*         0x0800b8d2        0x2 
 .text.USB_ActivateEndpoint
                0x0800b8d4      0x300 ./Drivers/STM32F0xx_HAL_Driver/Src/stm32f0xx_ll_usb.o
                0x0800b8d4                USB_ActivateEndpoint
 .text.USB_DeactivateEndpoint
                0x0800bbd4      0x160 ./Drivers/STM32F0xx_HAL_Driver/Src/stm32f0xx_ll_usb.o
                0x0800bbd4                USB_DeactivateEndpoint
 .text.USB_EPSetStall
                0x0800bd34       0x4c ./Drivers/STM32F0xx_HAL_Driver/Src/stm32f0xx_ll_usb.o
                0x0800bd34                USB_EPSetStall
 .text.USB_EPClearStall
                0x0800bd80       0x98 ./Drivers/STM32F0xx_HAL_Driver/Src/stm32f0xx_ll_usb.o
                0x0800bd80                USB_EPClearStall
 .text.USB_SetDevAddress
                0x0800be18        0xe ./Drivers/STM32F0xx_HAL_Driver/Src/stm32f0xx_ll_usb.o
                0x0800be18                USB_SetDevAddress
 .text.USB_DevConnect
                0x0800be26       0x10 ./Drivers/STM32F0xx_HAL_Driver/Src/stm32f0xx_ll_usb.o
                0x0800be26                USB_DevConnect
 .text.USB_ReadInterrupts
                0x0800be36        0x8 ./Drivers/STM32F0xx_HAL_Driver/Src/stm32f0xx_ll_usb.o
                0x0800be36                USB_ReadInterrupts
 .text.USB_WritePMA
                0x0800be3e       0x30 ./Drivers/STM32F0xx_HAL_Driver/Src/stm32f0xx_ll_usb.o
                0x0800be3e                USB_WritePMA
 *fill*         0x0800be6e        0x2 
 .text.USB_EPStartXfer
                0x0800be70      0x65c ./Drivers/STM32F0xx_HAL_Driver/Src/stm32f0xx_ll_usb.o
                0x0800be70                USB_EPStartXfer
 .text.USB_ReadPMA
                0x0800c4cc       0x3e ./Drivers/STM32F0xx_HAL_Driver/Src/stm32f0xx_ll_usb.o
                0x0800c4cc                USB_ReadPMA
 *fill*         0x0800c50a        0x2 
 .text.rfalAnalogConfigInitialize
                0x0800c50c       0x20 ./Middlewares/ST/rfal/Src/rfal_analogConfig.o
                0x0800c50c                rfalAnalogConfigInitialize
 .text.rfalSetAnalogConfig
                0x0800c52c      0x110 ./Middlewares/ST/rfal/Src/rfal_analogConfig.o
                0x0800c52c                rfalSetAnalogConfig
 .text.rfalCrcCalculateCcitt
                0x0800c63c       0x2e ./Middlewares/ST/rfal/Src/rfal_crc.o
                0x0800c63c                rfalCrcCalculateCcitt
 .text.rfalIso15693PhyVCDCode1Of4
                0x0800c66a       0x46 ./Middlewares/ST/rfal/Src/rfal_iso15693_2.o
 .text.rfalIso15693PhyVCDCode1Of256
                0x0800c6b0       0x4a ./Middlewares/ST/rfal/Src/rfal_iso15693_2.o
 *fill*         0x0800c6fa        0x2 
 .text.rfalIso15693PhyConfigure
                0x0800c6fc       0x30 ./Middlewares/ST/rfal/Src/rfal_iso15693_2.o
                0x0800c6fc                rfalIso15693PhyConfigure
 .text.rfalIso15693VCDCode
                0x0800c72c      0x218 ./Middlewares/ST/rfal/Src/rfal_iso15693_2.o
                0x0800c72c                rfalIso15693VCDCode
 .text.rfalIso15693VICCDecode
                0x0800c944      0x1d8 ./Middlewares/ST/rfal/Src/rfal_iso15693_2.o
                0x0800c944                rfalIso15693VICCDecode
 .text.rfalIsoDepClearCounters
                0x0800cb1c       0x14 ./Middlewares/ST/rfal/Src/rfal_isoDep.o
 .text.rfalIsoDepCalcBitRate
                0x0800cb30       0xd4 ./Middlewares/ST/rfal/Src/rfal_isoDep.o
 .text.rfalIsoDepTx
                0x0800cc04       0xec ./Middlewares/ST/rfal/Src/rfal_isoDep.o
 .text.rfalIsoDepHandleControlMsg
                0x0800ccf0      0x108 ./Middlewares/ST/rfal/Src/rfal_isoDep.o
 .text.rfalIsoDepReSendControlMsg
                0x0800cdf8       0x58 ./Middlewares/ST/rfal/Src/rfal_isoDep.o
 .text.rfalIsoDepStartRATS
                0x0800ce50       0x58 ./Middlewares/ST/rfal/Src/rfal_isoDep.o
 .text.rfalIsoDepStartPPS
                0x0800cea8       0x70 ./Middlewares/ST/rfal/Src/rfal_isoDep.o
 .text.rfalIsoDepGetPPSSTatus
                0x0800cf18       0x34 ./Middlewares/ST/rfal/Src/rfal_isoDep.o
 .text.rfalIsoDepStartATTRIB
                0x0800cf4c      0x100 ./Middlewares/ST/rfal/Src/rfal_isoDep.o
 .text.rfalIsoDepInitialize
                0x0800d04c       0x80 ./Middlewares/ST/rfal/Src/rfal_isoDep.o
                0x0800d04c                rfalIsoDepInitialize
 .text.rfalIsoDepDataExchangePCD
                0x0800d0cc      0x344 ./Middlewares/ST/rfal/Src/rfal_isoDep.o
 .text.rfalIsoDepInitializeWithParams
                0x0800d410       0x60 ./Middlewares/ST/rfal/Src/rfal_isoDep.o
                0x0800d410                rfalIsoDepInitializeWithParams
 .text.rfalIsoDepStartDeselect
                0x0800d470       0x2c ./Middlewares/ST/rfal/Src/rfal_isoDep.o
                0x0800d470                rfalIsoDepStartDeselect
 .text.rfalIsoDepGetDeselectStatus
                0x0800d49c       0x24 ./Middlewares/ST/rfal/Src/rfal_isoDep.o
                0x0800d49c                rfalIsoDepGetDeselectStatus
 .text.rfalIsoDepFWI2FWT
                0x0800d4c0       0x1a ./Middlewares/ST/rfal/Src/rfal_isoDep.o
                0x0800d4c0                rfalIsoDepFWI2FWT
 *fill*         0x0800d4da        0x2 
 .text.rfalIsoDepFSxI2FSx
                0x0800d4dc       0x78 ./Middlewares/ST/rfal/Src/rfal_isoDep.o
                0x0800d4dc                rfalIsoDepFSxI2FSx
 .text.rfalIsoDepGetRATSStatus
                0x0800d554       0x4c ./Middlewares/ST/rfal/Src/rfal_isoDep.o
 .text.rfalIsoDepGetATTRIBStatus
                0x0800d5a0       0x50 ./Middlewares/ST/rfal/Src/rfal_isoDep.o
 .text.rfalIsoDepIsRats
                0x0800d5f0       0x1c ./Middlewares/ST/rfal/Src/rfal_isoDep.o
                0x0800d5f0                rfalIsoDepIsRats
 .text.rfalIsoDepListenStartActivation
                0x0800d60c      0x164 ./Middlewares/ST/rfal/Src/rfal_isoDep.o
                0x0800d60c                rfalIsoDepListenStartActivation
 .text.rfalIsoDepListenGetActivationStatus
                0x0800d770      0x184 ./Middlewares/ST/rfal/Src/rfal_isoDep.o
                0x0800d770                rfalIsoDepListenGetActivationStatus
 .text.rfalIsoDepGetMaxInfLen
                0x0800d8f4       0x30 ./Middlewares/ST/rfal/Src/rfal_isoDep.o
                0x0800d8f4                rfalIsoDepGetMaxInfLen
 .text.rfalIsoDepStartTransceive
                0x0800d924       0x98 ./Middlewares/ST/rfal/Src/rfal_isoDep.o
                0x0800d924                rfalIsoDepStartTransceive
 .text.rfalIsoDepGetTransceiveStatus
                0x0800d9bc      0x4c0 ./Middlewares/ST/rfal/Src/rfal_isoDep.o
                0x0800d9bc                rfalIsoDepGetTransceiveStatus
 .text.rfalIsoDepPollAStartActivation
                0x0800de7c       0x40 ./Middlewares/ST/rfal/Src/rfal_isoDep.o
                0x0800de7c                rfalIsoDepPollAStartActivation
 .text.rfalIsoDepPollAGetActivationStatus
                0x0800debc      0x238 ./Middlewares/ST/rfal/Src/rfal_isoDep.o
                0x0800debc                rfalIsoDepPollAGetActivationStatus
 .text.rfalIsoDepPollBStartActivation
                0x0800e0f4      0x130 ./Middlewares/ST/rfal/Src/rfal_isoDep.o
                0x0800e0f4                rfalIsoDepPollBStartActivation
 .text.rfalIsoDepPollBGetActivationStatus
                0x0800e224       0x7c ./Middlewares/ST/rfal/Src/rfal_isoDep.o
                0x0800e224                rfalIsoDepPollBGetActivationStatus
 .text.rfalIsoDepStartApduTransceive
                0x0800e2a0       0xe4 ./Middlewares/ST/rfal/Src/rfal_isoDep.o
                0x0800e2a0                rfalIsoDepStartApduTransceive
 .text.rfalIsoDepGetApduTransceiveStatus
                0x0800e384      0x164 ./Middlewares/ST/rfal/Src/rfal_isoDep.o
                0x0800e384                rfalIsoDepGetApduTransceiveStatus
 .text.rfalNfcDeactivation
                0x0800e4e8      0x130 ./Middlewares/ST/rfal/Src/rfal_nfc.o
 .text.rfalNfcNfcDepActivate
                0x0800e618      0x120 ./Middlewares/ST/rfal/Src/rfal_nfc.o
 .text.rfalNfcInitialize
                0x0800e738       0x34 ./Middlewares/ST/rfal/Src/rfal_nfc.o
                0x0800e738                rfalNfcInitialize
 .text.rfalNfcDiscover
                0x0800e76c       0xd0 ./Middlewares/ST/rfal/Src/rfal_nfc.o
                0x0800e76c                rfalNfcDiscover
 .text.rfalNfcDeactivate
                0x0800e83c       0x78 ./Middlewares/ST/rfal/Src/rfal_nfc.o
                0x0800e83c                rfalNfcDeactivate
 .text.rfalNfcSelect
                0x0800e8b4       0x28 ./Middlewares/ST/rfal/Src/rfal_nfc.o
                0x0800e8b4                rfalNfcSelect
 .text.rfalNfcGetState
                0x0800e8dc        0xc ./Middlewares/ST/rfal/Src/rfal_nfc.o
                0x0800e8dc                rfalNfcGetState
 .text.rfalNfcGetDevicesFound
                0x0800e8e8       0x34 ./Middlewares/ST/rfal/Src/rfal_nfc.o
                0x0800e8e8                rfalNfcGetDevicesFound
 .text.rfalNfcGetActiveDevice
                0x0800e91c       0x3c ./Middlewares/ST/rfal/Src/rfal_nfc.o
                0x0800e91c                rfalNfcGetActiveDevice
 .text.rfalNfcDataExchangeStart
                0x0800e958      0x1fc ./Middlewares/ST/rfal/Src/rfal_nfc.o
                0x0800e958                rfalNfcDataExchangeStart
 .text.rfalNfcDataExchangeGetStatus
                0x0800eb54       0xd0 ./Middlewares/ST/rfal/Src/rfal_nfc.o
                0x0800eb54                rfalNfcDataExchangeGetStatus
 .text.rfalNfcWorker
                0x0800ec24     0x1468 ./Middlewares/ST/rfal/Src/rfal_nfc.o
                0x0800ec24                rfalNfcWorker
 .text.nfcipClearCounters
                0x0801008c       0x20 ./Middlewares/ST/rfal/Src/rfal_nfcDep.o
 .text.nfcipConfig
                0x080100ac       0x68 ./Middlewares/ST/rfal/Src/rfal_nfcDep.o
 .text.nfcipTx  0x08010114      0x1fc ./Middlewares/ST/rfal/Src/rfal_nfcDep.o
 .text.nfcipDEPControlMsg
                0x08010310       0x74 ./Middlewares/ST/rfal/Src/rfal_nfcDep.o
 .text.nfcipDataRx
                0x08010384       0x50 ./Middlewares/ST/rfal/Src/rfal_nfcDep.o
 .text.nfcipTxRx
                0x080103d4       0x54 ./Middlewares/ST/rfal/Src/rfal_nfcDep.o
 .text.rfalNfcDepInitialize
                0x08010428       0x68 ./Middlewares/ST/rfal/Src/rfal_nfcDep.o
                0x08010428                rfalNfcDepInitialize
 .text.rfalNfcDepIsAtrReq
                0x08010490       0x38 ./Middlewares/ST/rfal/Src/rfal_nfcDep.o
                0x08010490                rfalNfcDepIsAtrReq
 .text.rfalNfcDepATR
                0x080104c8      0x124 ./Middlewares/ST/rfal/Src/rfal_nfcDep.o
                0x080104c8                rfalNfcDepATR
 .text.rfalNfcDepPSL
                0x080105ec       0x6c ./Middlewares/ST/rfal/Src/rfal_nfcDep.o
                0x080105ec                rfalNfcDepPSL
 .text.rfalNfcDepDSL
                0x08010658       0x7c ./Middlewares/ST/rfal/Src/rfal_nfcDep.o
                0x08010658                rfalNfcDepDSL
 .text.rfalNfcDepRLS
                0x080106d4       0x7c ./Middlewares/ST/rfal/Src/rfal_nfcDep.o
                0x080106d4                rfalNfcDepRLS
 .text.rfalNfcDepCalculateRWT
                0x08010750       0x12 ./Middlewares/ST/rfal/Src/rfal_nfcDep.o
                0x08010750                rfalNfcDepCalculateRWT
 *fill*         0x08010762        0x2 
 .text.rfalNfcDepInitiatorHandleActivation
                0x08010764      0x124 ./Middlewares/ST/rfal/Src/rfal_nfcDep.o
                0x08010764                rfalNfcDepInitiatorHandleActivation
 .text.rfalNfcDepListenStartActivation
                0x08010888      0x170 ./Middlewares/ST/rfal/Src/rfal_nfcDep.o
                0x08010888                rfalNfcDepListenStartActivation
 .text.rfalNfcDepListenGetActivationStatus
                0x080109f8      0x180 ./Middlewares/ST/rfal/Src/rfal_nfcDep.o
                0x080109f8                rfalNfcDepListenGetActivationStatus
 .text.rfalNfcDepStartTransceive
                0x08010b78       0x90 ./Middlewares/ST/rfal/Src/rfal_nfcDep.o
                0x08010b78                rfalNfcDepStartTransceive
 .text.rfalNfcDepGetTransceiveStatus
                0x08010c08      0xa7c ./Middlewares/ST/rfal/Src/rfal_nfcDep.o
                0x08010c08                rfalNfcDepGetTransceiveStatus
 .text.rfalNfcDepStartPduTransceive
                0x08011684       0xac ./Middlewares/ST/rfal/Src/rfal_nfcDep.o
                0x08011684                rfalNfcDepStartPduTransceive
 .text.rfalNfcDepGetPduTransceiveStatus
                0x08011730      0x13c ./Middlewares/ST/rfal/Src/rfal_nfcDep.o
                0x08011730                rfalNfcDepGetPduTransceiveStatus
 .text.rfalNfcaPollerStartSingleCollisionResolution
                0x0801186c       0x80 ./Middlewares/ST/rfal/Src/rfal_nfca.o
 .text.rfalNfcaPollerInitialize
                0x080118ec       0x3c ./Middlewares/ST/rfal/Src/rfal_nfca.o
                0x080118ec                rfalNfcaPollerInitialize
 .text.rfalNfcaPollerCheckPresence
                0x08011928       0x50 ./Middlewares/ST/rfal/Src/rfal_nfca.o
                0x08011928                rfalNfcaPollerCheckPresence
 .text.rfalNfcaPollerGetSingleCollisionResolutionStatus
                0x08011978      0x378 ./Middlewares/ST/rfal/Src/rfal_nfca.o
 .text.rfalNfcaPollerStartFullCollisionResolution
                0x08011cf0      0x12c ./Middlewares/ST/rfal/Src/rfal_nfca.o
                0x08011cf0                rfalNfcaPollerStartFullCollisionResolution
 .text.rfalNfcaPollerStartSelect
                0x08011e1c       0x48 ./Middlewares/ST/rfal/Src/rfal_nfca.o
                0x08011e1c                rfalNfcaPollerStartSelect
 .text.rfalNfcaPollerGetSelectStatus
                0x08011e64       0xe4 ./Middlewares/ST/rfal/Src/rfal_nfca.o
                0x08011e64                rfalNfcaPollerGetSelectStatus
 .text.rfalNfcaPollerSelect
                0x08011f48       0x1c ./Middlewares/ST/rfal/Src/rfal_nfca.o
                0x08011f48                rfalNfcaPollerSelect
 .text.rfalNfcaPollerStartSleep
                0x08011f64       0x38 ./Middlewares/ST/rfal/Src/rfal_nfca.o
                0x08011f64                rfalNfcaPollerStartSleep
 .text.rfalNfcaPollerStartTechnologyDetection
                0x08011f9c       0x3c ./Middlewares/ST/rfal/Src/rfal_nfca.o
                0x08011f9c                rfalNfcaPollerStartTechnologyDetection
 .text.rfalNfcaPollerGetSleepStatus
                0x08011fd8       0x10 ./Middlewares/ST/rfal/Src/rfal_nfca.o
                0x08011fd8                rfalNfcaPollerGetSleepStatus
 .text.rfalNfcaPollerGetTechnologyDetectionStatus
                0x08011fe8       0x28 ./Middlewares/ST/rfal/Src/rfal_nfca.o
                0x08011fe8                rfalNfcaPollerGetTechnologyDetectionStatus
 .text.rfalNfcaPollerGetFullCollisionResolutionStatus
                0x08012010      0x124 ./Middlewares/ST/rfal/Src/rfal_nfca.o
                0x08012010                rfalNfcaPollerGetFullCollisionResolutionStatus
 .text.rfalNfcaPollerFullCollisionResolution
                0x08012134       0x1c ./Middlewares/ST/rfal/Src/rfal_nfca.o
                0x08012134                rfalNfcaPollerFullCollisionResolution
 .text.rfalNfcaListenerIsSleepReq
                0x08012150       0x18 ./Middlewares/ST/rfal/Src/rfal_nfca.o
                0x08012150                rfalNfcaListenerIsSleepReq
 .text.rfalNfcbCheckSensbRes
                0x08012168       0x24 ./Middlewares/ST/rfal/Src/rfal_nfcb.o
 .text.rfalNfcbPollerSleepTx
                0x0801218c       0x38 ./Middlewares/ST/rfal/Src/rfal_nfcb.o
 .text.rfalNfcbPollerInitialize
                0x080121c4       0x44 ./Middlewares/ST/rfal/Src/rfal_nfcb.o
                0x080121c4                rfalNfcbPollerInitialize
 .text.rfalNfcbPollerStartCheckPresence
                0x08012208       0x84 ./Middlewares/ST/rfal/Src/rfal_nfcb.o
                0x08012208                rfalNfcbPollerStartCheckPresence
 .text.rfalNfcbPollerGetCheckPresenceStatus
                0x0801228c       0x44 ./Middlewares/ST/rfal/Src/rfal_nfcb.o
                0x0801228c                rfalNfcbPollerGetCheckPresenceStatus
 .text.rfalNfcbPollerSleep
                0x080122d0       0x5c ./Middlewares/ST/rfal/Src/rfal_nfcb.o
                0x080122d0                rfalNfcbPollerSleep
 .text.rfalNfcbPollerStartSlotMarker
                0x0801232c       0x50 ./Middlewares/ST/rfal/Src/rfal_nfcb.o
                0x0801232c                rfalNfcbPollerStartSlotMarker
 .text.rfalNfcbPollerGetSlotMarkerStatus
                0x0801237c       0x40 ./Middlewares/ST/rfal/Src/rfal_nfcb.o
                0x0801237c                rfalNfcbPollerGetSlotMarkerStatus
 .text.rfalNfcbPollerStartTechnologyDetection
                0x080123bc       0x16 ./Middlewares/ST/rfal/Src/rfal_nfcb.o
                0x080123bc                rfalNfcbPollerStartTechnologyDetection
 .text.rfalNfcbPollerGetTechnologyDetectionStatus
                0x080123d2        0x8 ./Middlewares/ST/rfal/Src/rfal_nfcb.o
                0x080123d2                rfalNfcbPollerGetTechnologyDetectionStatus
 *fill*         0x080123da        0x2 
 .text.rfalNfcbPollerStartSlottedCollisionResolution
                0x080123dc       0x6c ./Middlewares/ST/rfal/Src/rfal_nfcb.o
                0x080123dc                rfalNfcbPollerStartSlottedCollisionResolution
 .text.rfalNfcbPollerStartCollisionResolution
                0x08012448       0x1c ./Middlewares/ST/rfal/Src/rfal_nfcb.o
                0x08012448                rfalNfcbPollerStartCollisionResolution
 .text.rfalNfcbPollerGetCollisionResolutionStatus
                0x08012464      0x280 ./Middlewares/ST/rfal/Src/rfal_nfcb.o
                0x08012464                rfalNfcbPollerGetCollisionResolutionStatus
 .text.rfalNfcbTR2ToFDT
                0x080126e4       0x28 ./Middlewares/ST/rfal/Src/rfal_nfcb.o
                0x080126e4                rfalNfcbTR2ToFDT
 .text.rfalNfcfComputeValidSENF
                0x0801270c      0x124 ./Middlewares/ST/rfal/Src/rfal_nfcf.o
 .text.rfalNfcfPollerInitialize
                0x08012830       0x40 ./Middlewares/ST/rfal/Src/rfal_nfcf.o
                0x08012830                rfalNfcfPollerInitialize
 .text.rfalNfcfPollerStartCheckPresence
                0x08012870       0x30 ./Middlewares/ST/rfal/Src/rfal_nfcf.o
                0x08012870                rfalNfcfPollerStartCheckPresence
 .text.rfalNfcfPollerCheckPresence
                0x080128a0       0x1c ./Middlewares/ST/rfal/Src/rfal_nfcf.o
                0x080128a0                rfalNfcfPollerCheckPresence
 .text.rfalNfcfPollerGetCheckPresenceStatus
                0x080128bc        0x8 ./Middlewares/ST/rfal/Src/rfal_nfcf.o
                0x080128bc                rfalNfcfPollerGetCheckPresenceStatus
 .text.rfalNfcfPollerStartCollisionResolution
                0x080128c4       0x68 ./Middlewares/ST/rfal/Src/rfal_nfcf.o
                0x080128c4                rfalNfcfPollerStartCollisionResolution
 .text.rfalNfcfPollerGetCollisionResolutionStatus
                0x0801292c       0xe0 ./Middlewares/ST/rfal/Src/rfal_nfcf.o
                0x0801292c                rfalNfcfPollerGetCollisionResolutionStatus
 .text.rfalNfcfPollerCollisionResolution
                0x08012a0c       0x1c ./Middlewares/ST/rfal/Src/rfal_nfcf.o
                0x08012a0c                rfalNfcfPollerCollisionResolution
 .text.rfalNfcfPollerCheck
                0x08012a28      0x168 ./Middlewares/ST/rfal/Src/rfal_nfcf.o
                0x08012a28                rfalNfcfPollerCheck
 .text.rfalNfcvParseError
                0x08012b90       0x32 ./Middlewares/ST/rfal/Src/rfal_nfcv.o
 *fill*         0x08012bc2        0x2 
 .text.rfalNfcvPollerInitialize
                0x08012bc4       0x38 ./Middlewares/ST/rfal/Src/rfal_nfcv.o
                0x08012bc4                rfalNfcvPollerInitialize
 .text.rfalNfcvPollerInventory
                0x08012bfc       0xa0 ./Middlewares/ST/rfal/Src/rfal_nfcv.o
                0x08012bfc                rfalNfcvPollerInventory
 .text.rfalNfcvPollerCheckPresence
                0x08012c9c       0x30 ./Middlewares/ST/rfal/Src/rfal_nfcv.o
                0x08012c9c                rfalNfcvPollerCheckPresence
 .text.rfalNfcvPollerCollisionResolution
                0x08012ccc      0x1e0 ./Middlewares/ST/rfal/Src/rfal_nfcv.o
                0x08012ccc                rfalNfcvPollerCollisionResolution
 .text.rfalNfcvPollerTransceiveReq
                0x08012eac      0x1a8 ./Middlewares/ST/rfal/Src/rfal_nfcv.o
                0x08012eac                rfalNfcvPollerTransceiveReq
 .text.rfalNfcvPollerReadSingleBlock
                0x08013054       0x2c ./Middlewares/ST/rfal/Src/rfal_nfcv.o
                0x08013054                rfalNfcvPollerReadSingleBlock
 .text.rfalSt25tbPollerInitialize
                0x08013080        0x8 ./Middlewares/ST/rfal/Src/rfal_st25tb.o
                0x08013080                rfalSt25tbPollerInitialize
 .text.rfalSt25tbPollerInitiate
                0x08013088       0x4c ./Middlewares/ST/rfal/Src/rfal_st25tb.o
                0x08013088                rfalSt25tbPollerInitiate
 .text.rfalSt25tbPollerCheckPresence
                0x080130d4       0x32 ./Middlewares/ST/rfal/Src/rfal_st25tb.o
                0x080130d4                rfalSt25tbPollerCheckPresence
 *fill*         0x08013106        0x2 
 .text.rfalSt25tbPollerPcall
                0x08013108       0x44 ./Middlewares/ST/rfal/Src/rfal_st25tb.o
                0x08013108                rfalSt25tbPollerPcall
 .text.rfalSt25tbPollerSlotMarker
                0x0801314c       0x4c ./Middlewares/ST/rfal/Src/rfal_st25tb.o
                0x0801314c                rfalSt25tbPollerSlotMarker
 .text.rfalSt25tbPollerSelect
                0x08013198       0x54 ./Middlewares/ST/rfal/Src/rfal_st25tb.o
                0x08013198                rfalSt25tbPollerSelect
 .text.rfalSt25tbPollerGetUID
                0x080131ec       0x40 ./Middlewares/ST/rfal/Src/rfal_st25tb.o
                0x080131ec                rfalSt25tbPollerGetUID
 .text.rfalSt25tbPollerCollisionResolution
                0x0801322c      0x148 ./Middlewares/ST/rfal/Src/rfal_st25tb.o
                0x0801322c                rfalSt25tbPollerCollisionResolution
 .text.rfalT1TPollerInitialize
                0x08013374       0x34 ./Middlewares/ST/rfal/Src/rfal_t1t.o
                0x08013374                rfalT1TPollerInitialize
 .text.rfalT1TPollerRid
                0x080133a8       0x60 ./Middlewares/ST/rfal/Src/rfal_t1t.o
                0x080133a8                rfalT1TPollerRid
 .text.rfalT2TPollerRead
                0x08013408       0x58 ./Middlewares/ST/rfal/Src/rfal_t2t.o
                0x08013408                rfalT2TPollerRead
 .text.MX_USB_DEVICE_Init
                0x08013460       0x78 ./Middlewares/Third_Party/AL94_USB_Composite/COMPOSITE/App/usb_device.o
                0x08013460                MX_USB_DEVICE_Init
 .text.CDC_DeInit
                0x080134d8        0x4 ./Middlewares/Third_Party/AL94_USB_Composite/COMPOSITE/App/usbd_cdc_acm_if.o
 .text.CDC_Control
                0x080134dc       0x64 ./Middlewares/Third_Party/AL94_USB_Composite/COMPOSITE/App/usbd_cdc_acm_if.o
 .text.CDC_TransmitCplt
                0x08013540        0x4 ./Middlewares/Third_Party/AL94_USB_Composite/COMPOSITE/App/usbd_cdc_acm_if.o
 .text.CDC_Init
                0x08013544       0x1c ./Middlewares/Third_Party/AL94_USB_Composite/COMPOSITE/App/usbd_cdc_acm_if.o
 .text.CDC_Receive
                0x08013560       0xac ./Middlewares/Third_Party/AL94_USB_Composite/COMPOSITE/App/usbd_cdc_acm_if.o
 .text.CDC_Transmit
                0x0801360c       0x3c ./Middlewares/Third_Party/AL94_USB_Composite/COMPOSITE/App/usbd_cdc_acm_if.o
                0x0801360c                CDC_Transmit
 .text.USBD_DeviceDescriptor
                0x08013648        0xc ./Middlewares/Third_Party/AL94_USB_Composite/COMPOSITE/App/usbd_desc.o
                0x08013648                USBD_DeviceDescriptor
 .text.USBD_LangIDStrDescriptor
                0x08013654        0xc ./Middlewares/Third_Party/AL94_USB_Composite/COMPOSITE/App/usbd_desc.o
                0x08013654                USBD_LangIDStrDescriptor
 .text.IntToUnicode
                0x08013660       0x2c ./Middlewares/Third_Party/AL94_USB_Composite/COMPOSITE/App/usbd_desc.o
 .text.USBD_SerialStrDescriptor
                0x0801368c       0x48 ./Middlewares/Third_Party/AL94_USB_Composite/COMPOSITE/App/usbd_desc.o
                0x0801368c                USBD_SerialStrDescriptor
 .text.USBD_ProductStrDescriptor
                0x080136d4       0x28 ./Middlewares/Third_Party/AL94_USB_Composite/COMPOSITE/App/usbd_desc.o
                0x080136d4                USBD_ProductStrDescriptor
 .text.USBD_ManufacturerStrDescriptor
                0x080136fc       0x1c ./Middlewares/Third_Party/AL94_USB_Composite/COMPOSITE/App/usbd_desc.o
                0x080136fc                USBD_ManufacturerStrDescriptor
 .text.USBD_ConfigStrDescriptor
                0x08013718       0x28 ./Middlewares/Third_Party/AL94_USB_Composite/COMPOSITE/App/usbd_desc.o
                0x08013718                USBD_ConfigStrDescriptor
 .text.USBD_InterfaceStrDescriptor
                0x08013740       0x28 ./Middlewares/Third_Party/AL94_USB_Composite/COMPOSITE/App/usbd_desc.o
                0x08013740                USBD_InterfaceStrDescriptor
 .text.CUSTOM_HID_Init
                0x08013768        0x4 ./Middlewares/Third_Party/AL94_USB_Composite/COMPOSITE/App/usbd_hid_custom_if.o
 .text.CUSTOM_HID_DeInit
                0x0801376c        0x4 ./Middlewares/Third_Party/AL94_USB_Composite/COMPOSITE/App/usbd_hid_custom_if.o
 .text.CUSTOM_HID_OutEvent