Archive member included to satisfy reference by file (symbol)

D:/STM32CubeIDE_1.18.0/STM32CubeIDE/plugins/com.st.stm32cube.ide.mcu.externaltools.gnu-tools-for-stm32.13.3.rel1.win32_1.0.0.202411081344/tools/bin/../lib/gcc/arm-none-eabi/13.3.1/../../../../arm-none-eabi/lib/thumb/v6-m/nofp\libc_nano.a(libc_a-exit.o)
                              D:/STM32CubeIDE_1.18.0/STM32CubeIDE/plugins/com.st.stm32cube.ide.mcu.externaltools.gnu-tools-for-stm32.13.3.rel1.win32_1.0.0.202411081344/tools/bin/../lib/gcc/arm-none-eabi/13.3.1/../../../../arm-none-eabi/lib/thumb/v6-m/nofp/crt0.o (exit)
D:/STM32CubeIDE_1.18.0/STM32CubeIDE/plugins/com.st.stm32cube.ide.mcu.externaltools.gnu-tools-for-stm32.13.3.rel1.win32_1.0.0.202411081344/tools/bin/../lib/gcc/arm-none-eabi/13.3.1/../../../../arm-none-eabi/lib/thumb/v6-m/nofp\libc_nano.a(libc_a-findfp.o)
                              D:/STM32CubeIDE_1.18.0/STM32CubeIDE/plugins/com.st.stm32cube.ide.mcu.externaltools.gnu-tools-for-stm32.13.3.rel1.win32_1.0.0.202411081344/tools/bin/../lib/gcc/arm-none-eabi/13.3.1/../../../../arm-none-eabi/lib/thumb/v6-m/nofp\libc_nano.a(libc_a-exit.o) (__stdio_exit_handler)
D:/STM32CubeIDE_1.18.0/STM32CubeIDE/plugins/com.st.stm32cube.ide.mcu.externaltools.gnu-tools-for-stm32.13.3.rel1.win32_1.0.0.202411081344/tools/bin/../lib/gcc/arm-none-eabi/13.3.1/../../../../arm-none-eabi/lib/thumb/v6-m/nofp\libc_nano.a(libc_a-fwalk.o)
                              D:/STM32CubeIDE_1.18.0/STM32CubeIDE/plugins/com.st.stm32cube.ide.mcu.externaltools.gnu-tools-for-stm32.13.3.rel1.win32_1.0.0.202411081344/tools/bin/../lib/gcc/arm-none-eabi/13.3.1/../../../../arm-none-eabi/lib/thumb/v6-m/nofp\libc_nano.a(libc_a-findfp.o) (_fwalk_sglue)
D:/STM32CubeIDE_1.18.0/STM32CubeIDE/plugins/com.st.stm32cube.ide.mcu.externaltools.gnu-tools-for-stm32.13.3.rel1.win32_1.0.0.202411081344/tools/bin/../lib/gcc/arm-none-eabi/13.3.1/../../../../arm-none-eabi/lib/thumb/v6-m/nofp\libc_nano.a(libc_a-snprintf.o)
                              ./Middlewares/Third_Party/AL94_USB_Composite/COMPOSITE/Class/COMPOSITE/Src/usbd_composite.o (snprintf)
D:/STM32CubeIDE_1.18.0/STM32CubeIDE/plugins/com.st.stm32cube.ide.mcu.externaltools.gnu-tools-for-stm32.13.3.rel1.win32_1.0.0.202411081344/tools/bin/../lib/gcc/arm-none-eabi/13.3.1/../../../../arm-none-eabi/lib/thumb/v6-m/nofp\libc_nano.a(libc_a-stdio.o)
                              D:/STM32CubeIDE_1.18.0/STM32CubeIDE/plugins/com.st.stm32cube.ide.mcu.externaltools.gnu-tools-for-stm32.13.3.rel1.win32_1.0.0.202411081344/tools/bin/../lib/gcc/arm-none-eabi/13.3.1/../../../../arm-none-eabi/lib/thumb/v6-m/nofp\libc_nano.a(libc_a-findfp.o) (__sread)
D:/STM32CubeIDE_1.18.0/STM32CubeIDE/plugins/com.st.stm32cube.ide.mcu.externaltools.gnu-tools-for-stm32.13.3.rel1.win32_1.0.0.202411081344/tools/bin/../lib/gcc/arm-none-eabi/13.3.1/../../../../arm-none-eabi/lib/thumb/v6-m/nofp\libc_nano.a(libc_a-vsnprintf.o)
                              ./X-CUBE-NFC6/Target/logger.o (vsnprintf)
D:/STM32CubeIDE_1.18.0/STM32CubeIDE/plugins/com.st.stm32cube.ide.mcu.externaltools.gnu-tools-for-stm32.13.3.rel1.win32_1.0.0.202411081344/tools/bin/../lib/gcc/arm-none-eabi/13.3.1/../../../../arm-none-eabi/lib/thumb/v6-m/nofp\libc_nano.a(libc_a-memcmp.o)
                              ./Core/Src/Card_Read.o (memcmp)
D:/STM32CubeIDE_1.18.0/STM32CubeIDE/plugins/com.st.stm32cube.ide.mcu.externaltools.gnu-tools-for-stm32.13.3.rel1.win32_1.0.0.202411081344/tools/bin/../lib/gcc/arm-none-eabi/13.3.1/../../../../arm-none-eabi/lib/thumb/v6-m/nofp\libc_nano.a(libc_a-memmove.o)
                              ./Middlewares/ST/rfal/Src/rfal_isoDep.o (memmove)
D:/STM32CubeIDE_1.18.0/STM32CubeIDE/plugins/com.st.stm32cube.ide.mcu.externaltools.gnu-tools-for-stm32.13.3.rel1.win32_1.0.0.202411081344/tools/bin/../lib/gcc/arm-none-eabi/13.3.1/../../../../arm-none-eabi/lib/thumb/v6-m/nofp\libc_nano.a(libc_a-memset.o)
                              D:/STM32CubeIDE_1.18.0/STM32CubeIDE/plugins/com.st.stm32cube.ide.mcu.externaltools.gnu-tools-for-stm32.13.3.rel1.win32_1.0.0.202411081344/tools/bin/../lib/gcc/arm-none-eabi/13.3.1/../../../../arm-none-eabi/lib/thumb/v6-m/nofp/crt0.o (memset)
D:/STM32CubeIDE_1.18.0/STM32CubeIDE/plugins/com.st.stm32cube.ide.mcu.externaltools.gnu-tools-for-stm32.13.3.rel1.win32_1.0.0.202411081344/tools/bin/../lib/gcc/arm-none-eabi/13.3.1/../../../../arm-none-eabi/lib/thumb/v6-m/nofp\libc_nano.a(libc_a-closer.o)
                              D:/STM32CubeIDE_1.18.0/STM32CubeIDE/plugins/com.st.stm32cube.ide.mcu.externaltools.gnu-tools-for-stm32.13.3.rel1.win32_1.0.0.202411081344/tools/bin/../lib/gcc/arm-none-eabi/13.3.1/../../../../arm-none-eabi/lib/thumb/v6-m/nofp\libc_nano.a(libc_a-stdio.o) (_close_r)
D:/STM32CubeIDE_1.18.0/STM32CubeIDE/plugins/com.st.stm32cube.ide.mcu.externaltools.gnu-tools-for-stm32.13.3.rel1.win32_1.0.0.202411081344/tools/bin/../lib/gcc/arm-none-eabi/13.3.1/../../../../arm-none-eabi/lib/thumb/v6-m/nofp\libc_nano.a(libc_a-reent.o)
[...]
Memory Configuration

Name             Origin             Length             Attributes
RAM              0x20000000         0x00004000         xrw
FLASH            0x08000000         0x00020000         xr
*default*        0x00000000         0xffffffff

Linker script and memory map

LOAD D:/STM32CubeIDE_1.18.0/STM32CubeIDE/plugins/com.st.stm32cube.ide.mcu.externaltools.gnu-tools-for-stm32.13.3.rel1.win32_1.0.0.202411081344/tools/bin/../lib/gcc/arm-none-eabi/13.3.1/thumb/v6-m/nofp/crti.o
LOAD D:/STM32CubeIDE_1.18.0/STM32CubeIDE/plugins/com.st.stm32cube.ide.mcu.externaltools.gnu-tools-for-stm32.13.3.rel1.win32_1.0.0.202411081344/tools/bin/../lib/gcc/arm-none-eabi/13.3.1/thumb/v6-m/nofp/crtbegin.o
LOAD D:/STM32CubeIDE_1.18.0/STM32CubeIDE/plugins/com.st.stm32cube.ide.mcu.externaltools.gnu-tools-for-stm32.13.3.rel1.win32_1.0.0.202411081344/tools/bin/../lib/gcc/arm-none-eabi/13.3.1/../../../../arm-none-eabi/lib/thumb/v6-m/nofp/crt0.o
LOAD ./Core/Src/Card_Read.o
LOAD ./Core/Src/LED.o
LOAD ./Core/Src/bsp.o
LOAD ./Core/Src/custom_bus.o
LOAD ./Core/Src/dma.o
LOAD ./Core/Src/flash.o
LOAD ./Core/Src/gpio.o
LOAD ./Core/Src/main.o
LOAD ./Core/Src/mcc.o
LOAD ./Core/Src/mcc_crypto.o
LOAD ./Core/Src/mcc_crypto_card.o
LOAD ./Core/Src/mcc_crypto_reader.o
LOAD ./Core/Src/mcc_macros.o
LOAD ./Core/Src/mcc_raw_request.o
LOAD ./Core/Src/mode_manager.o
LOAD ./Core/Src/mode_sega_serial.o
LOAD ./Core/Src/stm32f0xx_hal_msp.o
LOAD ./Core/Src/stm32f0xx_it.o
LOAD ./Core/Src/syscalls.o
LOAD ./Core/Src/sysmem.o
LOAD ./Core/Src/system_stm32f0xx.o
LOAD ./Core/Src/tim.o
LOAD ./Core/Src/usart.o
LOAD ./Core/Src/usb.o
LOAD ./Core/Startup/startup_stm32f072cbtx.o
LOAD ./Drivers/BSP/Components/ST25R3916/rfal_rfst25r3916.o
LOAD ./Drivers/BSP/Components/ST25R3916/st25r3916.o
LOAD ./Drivers/BSP/Components/ST25R3916/st25r3916_aat.o
LOAD ./Drivers/BSP/Components/ST25R3916/st25r3916_com.o
LOAD ./Drivers/BSP/Components/ST25R3916/st25r3916_irq.o
LOAD ./Drivers/BSP/Components/ST25R3916/st25r3916_led.o
LOAD ./Drivers/BSP/Components/ST25R3916/timer.o
LOAD ./Drivers/BSP/NFC06A1/nfc06a1.o
LOAD ./Drivers/BSP/custom/custom.o
LOAD ./Drivers/STM32F0xx_HAL_Driver/Src/stm32f0xx_hal.o
LOAD ./Drivers/STM32F0xx_HAL_Driver/Src/stm32f0xx_hal_cortex.o
LOAD ./Drivers/STM32F0xx_HAL_Driver/Src/stm32f0xx_hal_dma.o
LOAD ./Drivers/STM32F0xx_HAL_Driver/Src/stm32f0xx_hal_exti.o
LOAD ./Drivers/STM32F0xx_HAL_Driver/Src/stm32f0xx_hal_flash.o
LOAD ./Drivers/STM32F0xx_HAL_Driver/Src/stm32f0xx_hal_flash_ex.o
LOAD ./Drivers/STM32F0xx_HAL_Driver/Src/stm32f0xx_hal_gpio.o
LOAD ./Drivers/STM32F0xx_HAL_Driver/Src/stm32f0xx_hal_i2c.o
LOAD ./Drivers/STM32F0xx_HAL_Driver/Src/stm32f0xx_hal_i2c_ex.o
LOAD ./Drivers/STM32F0xx_HAL_Driver/Src/stm32f0xx_hal_pcd.o
LOAD ./Drivers/STM32F0xx_HAL_Driver/Src/stm32f0xx_hal_pcd_ex.o
LOAD ./Drivers/STM32F0xx_HAL_Driver/Src/stm32f0xx_hal_pwr.o
LOAD ./Drivers/STM32F0xx_HAL_Driver/Src/stm32f0xx_hal_pwr_ex.o
LOAD ./Drivers/STM32F0xx_HAL_Driver/Src/stm32f0xx_hal_rcc.o
LOAD ./Drivers/STM32F0xx_HAL_Driver/Src/stm32f0xx_hal_rcc_ex.o
LOAD ./Drivers/STM32F0xx_HAL_Driver/Src/stm32f0xx_hal_spi.o
LOAD ./Drivers/STM32F0xx_HAL_Driver/Src/stm32f0xx_hal_spi_ex.o
LOAD ./Drivers/STM32F0xx_HAL_Driver/Src/stm32f0xx_hal_tim.o
LOAD ./Drivers/STM32F0xx_HAL_Driver/Src/stm32f0xx_hal_tim_ex.o
LOAD ./Drivers/STM32F0xx_HAL_Driver/Src/stm32f0xx_hal_uart.o
LOAD ./Drivers/STM32F0xx_HAL_Driver/Src/stm32f0xx_hal_uart_ex.o
LOAD ./Drivers/STM32F0xx_HAL_Driver/Src/stm32f0xx_ll_usb.o
LOAD ./Middlewares/ST/rfal/Src/rfal_analogConfig.o
LOAD ./Middlewares/ST/rfal/Src/rfal_cd.o
LOAD ./Middlewares/ST/rfal/Src/rfal_crc.o
LOAD ./Middlewares/ST/rfal/Src/rfal_dpo.o
LOAD ./Middlewares/ST/rfal/Src/rfal_iso15693_2.o
LOAD ./Middlewares/ST/rfal/Src/rfal_isoDep.o
LOAD ./Middlewares/ST/rfal/Src/rfal_nfc.o
LOAD ./Middlewares/ST/rfal/Src/rfal_nfcDep.o
LOAD ./Middlewares/ST/rfal/Src/rfal_nfca.o
LOAD ./Middlewares/ST/rfal/Src/rfal_nfcb.o
LOAD ./Middlewares/ST/rfal/Src/rfal_nfcf.o
LOAD ./Middlewares/ST/rfal/Src/rfal_nfcv.o
LOAD ./Middlewares/ST/rfal/Src/rfal_st25tb.o
LOAD ./Middlewares/ST/rfal/Src/rfal_st25xv.o
LOAD ./Middlewares/ST/rfal/Src/rfal_t1t.o
LOAD ./Middlewares/ST/rfal/Src/rfal_t2t.o
LOAD ./Middlewares/ST/rfal/Src/rfal_t4t.o
LOAD ./Middlewares/Third_Party/AL94_USB_Composite/COMPOSITE/App/usb_device.o
LOAD ./Middlewares/Third_Party/AL94_USB_Composite/COMPOSITE/App/usbd_cdc_acm_if.o
LOAD ./Middlewares/Third_Party/AL94_USB_Composite/COMPOSITE/App/usbd_desc.o
LOAD ./Middlewares/Third_Party/AL94_USB_Composite/COMPOSITE/App/usbd_hid_custom_if.o
LOAD ./Middlewares/Third_Party/AL94_USB_Composite/COMPOSITE/Class/CDC_ACM/Src/usbd_cdc_acm.o
LOAD ./Middlewares/Third_Party/AL94_USB_Composite/COMPOSITE/Class/COMPOSITE/Src/usbd_composite.o
LOAD ./Middlewares/Third_Party/AL94_USB_Composite/COMPOSITE/Class/HID_CUSTOM/Src/usbd_hid_custom.o
LOAD ./Middlewares/Third_Party/AL94_USB_Composite/COMPOSITE/Core/Src/usbd_core.o
LOAD ./Middlewares/Third_Party/AL94_USB_Composite/COMPOSITE/Core/Src/usbd_ctlreq.o
LOAD ./Middlewares/Third_Party/AL94_USB_Composite/COMPOSITE/Core/Src/usbd_ioreq.o
LOAD ./Middlewares/Third_Party/AL94_USB_Composite/COMPOSITE/Target/usbd_conf.o
LOAD ./X-CUBE-NFC6/App/app_x-cube-nfcx.o
LOAD ./X-CUBE-NFC6/Target/analogConfigTbl_NFC06A1.o
LOAD ./X-CUBE-NFC6/Target/demo_ce.o
LOAD ./X-CUBE-NFC6/Target/demo_polling.o
LOAD ./X-CUBE-NFC6/Target/logger.o
LOAD ./X-CUBE-NFC6/Target/nfc_conf.o
START GROUP
LOAD D:/STM32CubeIDE_1.18.0/STM32CubeIDE/plugins/com.st.stm32cube.ide.mcu.externaltools.gnu-tools-for-stm32.13.3.rel1.win32_1.0.0.202411081344/tools/bin/../lib/gcc/arm-none-eabi/13.3.1/../../../../arm-none-eabi/lib/thumb/v6-m/nofp\libc_nano.a
LOAD D:/STM32CubeIDE_1.18.0/STM32CubeIDE/plugins/com.st.stm32cube.ide.mcu.externaltools.gnu-tools-for-stm32.13.3.rel1.win32_1.0.0.202411081344/tools/bin/../lib/gcc/arm-none-eabi/13.3.1/../../../../arm-none-eabi/lib/thumb/v6-m/nofp\libm.a
END GROUP
START GROUP
LOAD D:/STM32CubeIDE_1.18.0/STM32CubeIDE/plugins/com.st.stm32cube.ide.mcu.externaltools.gnu-tools-for-stm32.13.3.rel1.win32_1.0.0.202411081344/tools/bin/../lib/gcc/arm-none-eabi/13.3.1/thumb/v6-m/nofp\libgcc.a
LOAD D:/STM32CubeIDE_1.18.0/STM32CubeIDE/plugins/com.st.stm32cube.ide.mcu.externaltools.gnu-tools-for-stm32.13.3.rel1.win32_1.0.0.202411081344/tools/bin/../lib/gcc/arm-none-eabi/13.3.1/../../../../arm-none-eabi/lib/thumb/v6-m/nofp\libc_nano.a
END GROUP
START GROUP
LOAD D:/STM32CubeIDE_1.18.0/STM32CubeIDE/plugins/com.st.stm32cube.ide.mcu.externaltools.gnu-tools-for-stm32.13.3.rel1.win32_1.0.0.202411081344/tools/bin/../lib/gcc/arm-none-eabi/13.3.1/thumb/v6-m/nofp\libgcc.a
LOAD D:/STM32CubeIDE_1.18.0/STM32CubeIDE/plugins/com.st.stm32cube.ide.mcu.externaltools.gnu-tools-for-stm32.13.3.rel1.win32_1.0.0.202411081344/tools/bin/../lib/gcc/arm-none-eabi/13.3.1/../../../../arm-none-eabi/lib/thumb/v6-m/nofp\libc_nano.a
LOAD D:/STM32CubeIDE_1.18.0/STM32CubeIDE/plugins/com.st.stm32cube.ide.mcu.externaltools.gnu-tools-for-stm32.13.3.rel1.win32_1.0.0.202411081344/tools/bin/../lib/gcc/arm-none-eabi/13.3.1/../../../../arm-none-eabi/lib/thumb/v6-m/nofp\libnosys.a
END GROUP
START GROUP
LOAD D:/STM32CubeIDE_1.18.0/STM32CubeIDE/plugins/com.st.stm32cube.ide.mcu.externaltools.gnu-tools-for-stm32.13.3.rel1.win32_1.0.0.202411081344/tools/bin/../lib/gcc/arm-none-eabi/13.3.1/thumb/v6-m/nofp\libgcc.a
LOAD D:/STM32CubeIDE_1.18.0/STM32CubeIDE/plugins/com.st.stm32cube.ide.mcu.externaltools.gnu-tools-for-stm32.13.3.rel1.win32_1.0.0.202411081344/tools/bin/../lib/gcc/arm-none-eabi/13.3.1/../../../../arm-none-eabi/lib/thumb/v6-m/nofp\libc_nano.a
LOAD D:/STM32CubeIDE_1.18.0/STM32CubeIDE/plugins/com.st.stm32cube.ide.mcu.externaltools.gnu-tools-for-stm32.13.3.rel1.win32_1.0.0.202411081344/tools/bin/../lib/gcc/arm-none-eabi/13.3.1/../../../../arm-none-eabi/lib/thumb/v6-m/nofp\libnosys.a
END GROUP
LOAD D:/STM32CubeIDE_1.18.0/STM32CubeIDE/plugins/com.st.stm32cube.ide.mcu.externaltools.gnu-tools-for-stm32.13.3.rel1.win32_1.0.0.202411081344/tools/bin/../lib/gcc/arm-none-eabi/13.3.1/thumb/v6-m/nofp/crtend.o
LOAD D:/STM32CubeIDE_1.18.0/STM32CubeIDE/plugins/com.st.stm32cube.ide.mcu.externaltools.gnu-tools-for-stm32.13.3.rel1.win32_1.0.0.202411081344/tools/bin/../lib/gcc/arm-none-eabi/13.3.1/thumb/v6-m/nofp/crtn.o
                0x20004000                        _estack = (ORIGIN (RAM) + LENGTH (RAM))
                0x00000200                        _Min_Heap_Size = 0x200
                0x00000400                        _Min_Stack_Size = 0x400

.isr_vector     0x08000000       0xc0
                0x08000000                        . = ALIGN (0x4)
 *(.isr_vector)
 .isr_vector    0x08000000       0xc0 ./Core/Startup/startup_stm32f072cbtx.o
                0x08000000                g_pfnVectors
                0x080000c0                        . = ALIGN (0x4)

.text           0x080000c0    0x15018
                0x080000c0                        . = ALIGN (0x4)
 *(.text)
 .text          0x080000c0       0x48 D:/STM32CubeIDE_1.18.0/STM32CubeIDE/plugins/com.st.stm32cube.ide.mcu.externaltools.gnu-tools-for-stm32.13.3.rel1.win32_1.0.0.202411081344/tools/bin/../lib/gcc/arm-none-eabi/13.3.1/thumb/v6-m/nofp/crtbegin.o
 .text          0x08000108        0xe D:/STM32CubeIDE_1.18.0/STM32CubeIDE/plugins/com.st.stm32cube.ide.mcu.externaltools.gnu-tools-for-stm32.13.3.rel1.win32_1.0.0.202411081344/tools/bin/../lib/gcc/arm-none-eabi/13.3.1/../../../../arm-none-eabi/lib/thumb/v6-m/nofp\libc_nano.a(libc_a-strlen.o)
                0x08000108                strlen
 *fill*         0x08000116        0x2 
 .text          0x08000118       0x14 D:/STM32CubeIDE_1.18.0/STM32CubeIDE/plugins/com.st.stm32cube.ide.mcu.externaltools.gnu-tools-for-stm32.13.3.rel1.win32_1.0.0.202411081344/tools/bin/../lib/gcc/arm-none-eabi/13.3.1/thumb/v6-m/nofp\libgcc.a(_thumb1_case_shi.o)
                0x08000118                __gnu_thumb1_case_shi
 .text          0x0800012c      0x114 D:/STM32CubeIDE_1.18.0/STM32CubeIDE/plugins/com.st.stm32cube.ide.mcu.externaltools.gnu-tools-for-stm32.13.3.rel1.win32_1.0.0.202411081344/tools/bin/../lib/gcc/arm-none-eabi/13.3.1/thumb/v6-m/nofp\libgcc.a(_udivsi3.o)
                0x0800012c                __aeabi_uidiv
                0x0800012c                __udivsi3
                0x08000238                __aeabi_uidivmod
 .text          0x08000240      0x1d4 D:/STM32CubeIDE_1.18.0/STM32CubeIDE/plugins/com.st.stm32cube.ide.mcu.externaltools.gnu-tools-for-stm32.13.3.rel1.win32_1.0.0.202411081344/tools/bin/../lib/gcc/arm-none-eabi/13.3.1/thumb/v6-m/nofp\libgcc.a(_divsi3.o)
                0x08000240                __divsi3
                0x08000240                __aeabi_idiv
                0x0800040c                __aeabi_idivmod
 .text          0x08000414        0x4 D:/STM32CubeIDE_1.18.0/STM32CubeIDE/plugins/com.st.stm32cube.ide.mcu.externaltools.gnu-tools-for-stm32.13.3.rel1.win32_1.0.0.202411081344/tools/bin/../lib/gcc/arm-none-eabi/13.3.1/thumb/v6-m/nofp\libgcc.a(_dvmd_tls.o)
                0x08000414                __aeabi_idiv0
                0x08000414                __aeabi_ldiv0
 *(.text*)
 .text.Card_Poll
                0x08000418      0x2f8 ./Core/Src/Card_Read.o
                0x08000418                Card_Poll
 .text.mifareAuthenticate
                0x08000710       0x1c ./Core/Src/Card_Read.o
                0x08000710                mifareAuthenticate
 .text.mifareReadBlock
                0x0800072c       0x2c ./Core/Src/Card_Read.o
                0x0800072c                mifareReadBlock
 .text.LED_set  0x08000758       0x1c ./Core/Src/LED.o
                0x08000758                LED_set
 .text.LED_refresh
                0x08000774       0xec ./Core/Src/LED.o
                0x08000774                LED_refresh
 .text.LED_show
                0x08000860       0x34 ./Core/Src/LED.o
                0x08000860                LED_show
 .text.BSP_GetTick
                0x08000894        0x8 ./Core/Src/custom_bus.o
                0x08000894                BSP_GetTick
 .text.MX_SPI1_Init
                0x0800089c       0x48 ./Core/Src/custom_bus.o
                0x0800089c                MX_SPI1_Init
 .text.BSP_SPI1_Init
                0x080008e4       0xc8 ./Core/Src/custom_bus.o
                0x080008e4                BSP_SPI1_Init
 .text.MX_DMA_Init
                0x080009ac       0x40 ./Core/Src/dma.o
                0x080009ac                MX_DMA_Init
 .text.MX_GPIO_Init
                0x080009ec       0xb8 ./Core/Src/gpio.o
                0x080009ec                MX_GPIO_Init
 .text.SystemClock_Config
                0x08000aa4       0x78 ./Core/Src/main.o
                0x08000aa4                SystemClock_Config
 .text.main     0x08000b1c       0x34 ./Core/Src/main.o
                0x08000b1c                main
 .text.Error_Handler
                0x08000b50        0x4 ./Core/Src/main.o
                0x08000b50                Error_Handler
 .text.attachParityInformation
                0x08000b54       0x50 ./Core/Src/mcc.o
 .text.mccDeinitialise
                0x08000ba4        0x4 ./Core/Src/mcc.o
                0x08000ba4                mccDeinitialise
 .text.mccSetKey
                0x08000ba8       0x4c ./Core/Src/mcc.o
                0x08000ba8                mccSetKey
 .text.mccResetCipher
                0x08000bf4       0x14 ./Core/Src/mcc.o
                0x08000bf4                mccResetCipher
 .text.mccInitialize
                0x08000c08        0xa ./Core/Src/mcc.o
                0x08000c08                mccInitialize
 *fill*         0x08000c12        0x2 
 .text.mccAuthenticateStep1
                0x08000c14       0xf0 ./Core/Src/mcc.o
                0x08000c14                mccAuthenticateStep1
 .text.mccAuthenticateStep2
                0x08000d04       0xcc ./Core/Src/mcc.o
                0x08000d04                mccAuthenticateStep2
 .text.mccAuthenticate
                0x08000dd0       0x34 ./Core/Src/mcc.o
                0x08000dd0                mccAuthenticate
 .text.mccSendRequest
                0x08000e04      0x120 ./Core/Src/mcc.o
                0x08000e04                mccSendRequest
 .text.mccLfsrUpdateBit
                0x08000f24       0x9c ./Core/Src/mcc_crypto.o
                0x08000f24                mccLfsrUpdateBit
 .text.mccLfsrUpdateByte
                0x08000fc0       0x3c ./Core/Src/mcc_crypto.o
                0x08000fc0                mccLfsrUpdateByte
 .text.mccLfsrUpdate
                0x08000ffc       0x40 ./Core/Src/mcc_crypto.o
                0x08000ffc                mccLfsrUpdate
 .text.mccPrng  0x0800103c       0x34 ./Core/Src/mcc_crypto.o
                0x0800103c                mccPrng
 .text.mccCryptoInit
                0x08001070       0x9a ./Core/Src/mcc_crypto.o
                0x08001070                mccCryptoInit
 .text.mccCryptoReset
                0x0800110a       0x10 ./Core/Src/mcc_crypto.o
                0x0800110a                mccCryptoReset
 .text.mccCryptoAuthInit
                0x0800111a        0xe ./Core/Src/mcc_crypto.o
                0x0800111a                mccCryptoAuthInit
 .text.mccCryptoAuthReinit
                0x08001128       0x14 ./Core/Src/mcc_crypto.o
                0x08001128                mccCryptoAuthReinit
 .text.mccCryptoTranscode
                0x0800113c      0x10c ./Core/Src/mcc_crypto.o
                0x0800113c                mccCryptoTranscode
 .text.mccCryptoIsActive
                0x08001248        0x4 ./Core/Src/mcc_crypto.o
                0x08001248                mccCryptoIsActive
 .text.mccCryptoSetActive
                0x0800124c        0x4 ./Core/Src/mcc_crypto.o
                0x0800124c                mccCryptoSetActive
 .text.mccCryptoAuthReaderStep1
                0x08001250       0x14 ./Core/Src/mcc_crypto_reader.o
                0x08001250                mccCryptoAuthReaderStep1
 .text.mccCryptoAuthReaderStep2
                0x08001264      0x158 ./Core/Src/mcc_crypto_reader.o
                0x08001264                mccCryptoAuthReaderStep2
 .text.mccCryptoAuthReaderStep3
                0x080013bc       0x3c ./Core/Src/mcc_crypto_reader.o
                0x080013bc                mccCryptoAuthReaderStep3
 .text.mccReverse
                0x080013f8       0x48 ./Core/Src/mcc_macros.o
                0x080013f8                mccReverse
 .text.mccParityEven
                0x08001440       0x1a ./Core/Src/mcc_macros.o
                0x08001440                mccParityEven
 .text.mccParityOdd
                0x0800145a       0x1a ./Core/Src/mcc_macros.o
                0x0800145a                mccParityOdd
 .text.mccSendRawRequest
                0x08001474      0x180 ./Core/Src/mcc_raw_request.o
                0x08001474                mccSendRawRequest
 .text.Mode_Detect
                0x080015f4       0x14 ./Core/Src/mode_manager.o
                0x080015f4                Mode_Detect
 .text.Reader_UART_Init
                0x08001608       0x48 ./Core/Src/mode_manager.o
                0x08001608                Reader_UART_Init
 .text.Reader_UART_IRQHandler
                0x08001650       0x94 ./Core/Src/mode_manager.o
                0x08001650                Reader_UART_IRQHandler
 .text.Reader_CDC_IRQHandler
                0x080016e4       0x3c ./Core/Src/mode_manager.o
                0x080016e4                Reader_CDC_IRQHandler
 .text.Reader_Uart_SendCommand
                0x08001720       0x14 ./Core/Src/mode_manager.o
                0x08001720                Reader_Uart_SendCommand
 .text.Reader_CDC_SendCommand
                0x08001734       0x16 ./Core/Src/mode_manager.o
                0x08001734                Reader_CDC_SendCommand
 *fill*         0x0800174a        0x2 
 .text.Interface_Send
                0x0800174c       0x40 ./Core/Src/mode_manager.o
                0x0800174c                Interface_Send
 .text.sega_packet_check
                0x0800178c       0xc0 ./Core/Src/mode_sega_serial.o
                0x0800178c                sega_packet_check
 .text.sega_packet_write
                0x0800184c       0xa4 ./Core/Src/mode_sega_serial.o
                0x0800184c                sega_packet_write
 .text.sega_mifare_pre_read
                0x080018f0      0x178 ./Core/Src/mode_sega_serial.o
                0x080018f0                sega_mifare_pre_read
 .text.res_clear
                0x08001a68       0x24 ./Core/Src/mode_sega_serial.o
                0x08001a68                res_clear
 .text.sys_to_normal_mode
                0x08001a8c       0x14 ./Core/Src/mode_sega_serial.o
                0x08001a8c                sys_to_normal_mode
 .text.sys_get_fw_version
                0x08001aa0       0x58 ./Core/Src/mode_sega_serial.o
                0x08001aa0                sys_get_fw_version
 .text.sys_get_hw_version
                0x08001af8       0x64 ./Core/Src/mode_sega_serial.o
                0x08001af8                sys_get_hw_version
 .text.sys_get_led_info
                0x08001b5c       0x64 ./Core/Src/mode_sega_serial.o
                0x08001b5c                sys_get_led_info
 .text.nfc_start_polling
                0x08001bc0        0xa ./Core/Src/mode_sega_serial.o
                0x08001bc0                nfc_start_polling
 .text.nfc_stop_polling
                0x08001bca        0xa ./Core/Src/mode_sega_serial.o
                0x08001bca                nfc_stop_polling
 .text.nfc_card_detect
                0x08001bd4       0x8c ./Core/Src/mode_sega_serial.o
                0x08001bd4                nfc_card_detect
 .text.nfc_mifare_authorize_a
                0x08001c60       0x48 ./Core/Src/mode_sega_serial.o
                0x08001c60                nfc_mifare_authorize_a
 .text.nfc_mifare_authorize_b
                0x08001ca8       0x48 ./Core/Src/mode_sega_serial.o
                0x08001ca8                nfc_mifare_authorize_b
 .text.nfc_mifare_read
                0x08001cf0       0x40 ./Core/Src/mode_sega_serial.o
                0x08001cf0                nfc_mifare_read
 .text.nfc_felica_through
                0x08001d30       0xc4 ./Core/Src/mode_sega_serial.o
                0x08001d30                nfc_felica_through
 .text.Sega_Mode_Loop
                0x08001df4      0x120 ./Core/Src/mode_sega_serial.o
                0x08001df4                Sega_Mode_Loop
 .text.HAL_MspInit
                0x08001f14       0x30 ./Core/Src/stm32f0xx_hal_msp.o
                0x08001f14                HAL_MspInit
 .text.NMI_Handler
                0x08001f44        0x2 ./Core/Src/stm32f0xx_it.o
                0x08001f44                NMI_Handler
 .text.HardFault_Handler
                0x08001f46        0x2 ./Core/Src/stm32f0xx_it.o
                0x08001f46                HardFault_Handler
 .text.SVC_Handler
                0x08001f48        0x2 ./Core/Src/stm32f0xx_it.o
                0x08001f48                SVC_Handler
 .text.PendSV_Handler
                0x08001f4a        0x2 ./Core/Src/stm32f0xx_it.o
                0x08001f4a                PendSV_Handler
 .text.SysTick_Handler
                0x08001f4c        0x8 ./Core/Src/stm32f0xx_it.o
                0x08001f4c                SysTick_Handler
 .text.EXTI0_1_IRQHandler
                0x08001f54       0x18 ./Core/Src/stm32f0xx_it.o
                0x08001f54                EXTI0_1_IRQHandler
 .text.DMA1_Channel2_3_IRQHandler
                0x08001f6c       0x18 ./Core/Src/stm32f0xx_it.o
                0x08001f6c                DMA1_Channel2_3_IRQHandler
 .text.DMA1_Channel4_5_6_7_IRQHandler
                0x08001f84       0x10 ./Core/Src/stm32f0xx_it.o
                0x08001f84                DMA1_Channel4_5_6_7_IRQHandler
 .text.SPI1_IRQHandler
                0x08001f94       0x10 ./Core/Src/stm32f0xx_it.o
                0x08001f94                SPI1_IRQHandler
 .text.USART1_IRQHandler
                0x08001fa4       0x14 ./Core/Src/stm32f0xx_it.o
                0x08001fa4                USART1_IRQHandler
 .text.USART2_IRQHandler
                0x08001fb8       0x10 ./Core/Src/stm32f0xx_it.o
                0x08001fb8                USART2_IRQHandler
 .text.USB_IRQHandler
                0x08001fc8       0x10 ./Core/Src/stm32f0xx_it.o
                0x08001fc8                USB_IRQHandler
 .text._sbrk    0x08001fd8       0x48 ./Core/Src/sysmem.o
                0x08001fd8                _sbrk
 .text.SystemInit
                0x08002020        0x2 ./Core/Src/system_stm32f0xx.o
                0x08002020                SystemInit
 *fill*         0x08002022        0x2 
 .text.HAL_TIM_PWM_MspInit
                0x08002024       0x70 ./Core/Src/tim.o
                0x08002024                HAL_TIM_PWM_MspInit
 .text.HAL_TIM_MspPostInit
                0x08002094       0x50 ./Core/Src/tim.o
                0x08002094                HAL_TIM_MspPostInit
 .text.MX_TIM1_Init
                0x080020e4       0xbc ./Core/Src/tim.o
                0x080020e4                MX_TIM1_Init
 .text.MX_USART1_UART_Init
                0x080021a0       0x3c ./Core/Src/usart.o
                0x080021a0                MX_USART1_UART_Init
 .text.HAL_UART_MspInit
                0x080021dc       0xfc ./Core/Src/usart.o
                0x080021dc                HAL_UART_MspInit
 .text.MX_USB_PCD_Init
                0x080022d8       0x34 ./Core/Src/usb.o
                0x080022d8                MX_USB_PCD_Init
 .text.HAL_PCD_MspInit
                0x0800230c       0x40 ./Core/Src/usb.o
                0x0800230c                HAL_PCD_MspInit
 .text.Reset_Handler
                0x0800234c       0x50 ./Core/Startup/startup_stm32f072cbtx.o
                0x0800234c                Reset_Handler
 .text.Default_Handler
                0x0800239c        0x2 ./Core/Startup/startup_stm32f072cbtx.o
                0x0800239c                TIM1_CC_IRQHandler
                0x0800239c                TSC_IRQHandler
                0x0800239c                ADC1_COMP_IRQHandler
                0x0800239c                I2C1_IRQHandler
                0x0800239c                RCC_CRS_IRQHandler
                0x0800239c                TIM6_DAC_IRQHandler
                0x0800239c                USART3_4_IRQHandler
                0x0800239c                EXTI2_3_IRQHandler
                0x0800239c                I2C2_IRQHandler
                0x0800239c                TIM17_IRQHandler
                0x0800239c                CEC_CAN_IRQHandler
                0x0800239c                RTC_IRQHandler
                0x0800239c                PVD_VDDIO2_IRQHandler
                0x0800239c                TIM16_IRQHandler
                0x0800239c                TIM3_IRQHandler
                0x0800239c                EXTI4_15_IRQHandler
                0x0800239c                DMA1_Channel1_IRQHandler
                0x0800239c                Default_Handler
                0x0800239c                TIM14_IRQHandler
                0x0800239c                TIM7_IRQHandler
                0x0800239c                TIM15_IRQHandler
                0x0800239c                SPI2_IRQHandler
                0x0800239c                WWDG_IRQHandler
                0x0800239c                TIM2_IRQHandler
                0x0800239c                FLASH_IRQHandler
                0x0800239c                TIM1_BRK_UP_TRG_COM_IRQHandler
 .text.rfalWakeUpModeFilter
                0x0800239e       0x40 ./Drivers/BSP/Components/ST25R3916/rfal_rfst25r3916.o
 *fill*         0x080023de        0x2 
 .text.rfalCleanupTransceive
                0x080023e0       0x2c ./Drivers/BSP/Components/ST25R3916/rfal_rfst25r3916.o
 .text.rfalPrepareTransceive
                0x0800240c      0x15c ./Drivers/BSP/Components/ST25R3916/rfal_rfst25r3916.o
 .text.rfalFIFOStatusUpdate
                0x08002568       0x24 ./Drivers/BSP/Components/ST25R3916/rfal_rfst25r3916.o
 .text.rfalFIFOStatusGetNumBytes
                0x0800258c       0x1c ./Drivers/BSP/Components/ST25R3916/rfal_rfst25r3916.o
 .text.rfalErrorHandling
                0x080025a8       0x64 ./Drivers/BSP/Components/ST25R3916/rfal_rfst25r3916.o
 .text.rfalCalibrate
                0x0800260c       0x38 ./Drivers/BSP/Components/ST25R3916/rfal_rfst25r3916.o
                0x0800260c                rfalCalibrate
 .text.rfalInitialize
                0x08002644       0x80 ./Drivers/BSP/Components/ST25R3916/rfal_rfst25r3916.o
                0x08002644                rfalInitialize
 .text.rfalSetBitRate
                0x080026c4      0x38c ./Drivers/BSP/Components/ST25R3916/rfal_rfst25r3916.o
                0x080026c4                rfalSetBitRate
 .text.rfalSetMode
                0x08002a50      0x250 ./Drivers/BSP/Components/ST25R3916/rfal_rfst25r3916.o
                0x08002a50                rfalSetMode
 .text.rfalGetBitRate
                0x08002ca0       0x38 ./Drivers/BSP/Components/ST25R3916/rfal_rfst25r3916.o
                0x08002ca0                rfalGetBitRate
 .text.rfalSetErrorHandling
                0x08002cd8       0x28 ./Drivers/BSP/Components/ST25R3916/rfal_rfst25r3916.o
                0x08002cd8                rfalSetErrorHandling
 .text.rfalSetFDTPoll
                0x08002d00       0x18 ./Drivers/BSP/Components/ST25R3916/rfal_rfst25r3916.o
                0x08002d00                rfalSetFDTPoll
 .text.rfalGetFDTPoll
                0x08002d18        0xc ./Drivers/BSP/Components/ST25R3916/rfal_rfst25r3916.o
                0x08002d18                rfalGetFDTPoll
 .text.rfalSetFDTListen
                0x08002d24       0x14 ./Drivers/BSP/Components/ST25R3916/rfal_rfst25r3916.o
                0x08002d24                rfalSetFDTListen
 .text.rfalSetGT
                0x08002d38       0x18 ./Drivers/BSP/Components/ST25R3916/rfal_rfst25r3916.o
                0x08002d38                rfalSetGT
 .text.rfalIsGTExpired
                0x08002d50       0x1c ./Drivers/BSP/Components/ST25R3916/rfal_rfst25r3916.o
                0x08002d50                rfalIsGTExpired
 .text.rfalFieldOnAndStartGT
                0x08002d6c       0xc4 ./Drivers/BSP/Components/ST25R3916/rfal_rfst25r3916.o
                0x08002d6c                rfalFieldOnAndStartGT
 .text.rfalFieldOff
                0x08002e30       0x2c ./Drivers/BSP/Components/ST25R3916/rfal_rfst25r3916.o
                0x08002e30                rfalFieldOff
 .text.rfalStartTransceive
                0x08002e5c      0x220 ./Drivers/BSP/Components/ST25R3916/rfal_rfst25r3916.o
                0x08002e5c                rfalStartTransceive
 .text.rfalIsTransceiveInTx
                0x0800307c       0x18 ./Drivers/BSP/Components/ST25R3916/rfal_rfst25r3916.o
                0x0800307c                rfalIsTransceiveInTx
 .text.rfalGetTransceiveStatus
                0x08003094       0x18 ./Drivers/BSP/Components/ST25R3916/rfal_rfst25r3916.o
                0x08003094                rfalGetTransceiveStatus
 .text.rfalISO14443AGetTransceiveAnticollisionFrameStatus
                0x080030ac       0xfc ./Drivers/BSP/Components/ST25R3916/rfal_rfst25r3916.o
                0x080030ac                rfalISO14443AGetTransceiveAnticollisionFrameStatus
 .text.rfalGetFeliCaPollStatus
                0x080031a8       0xfc ./Drivers/BSP/Components/ST25R3916/rfal_rfst25r3916.o
                0x080031a8                rfalGetFeliCaPollStatus
 .text.rfalIsExtFieldOn
                0x080032a4        0xe ./Drivers/BSP/Components/ST25R3916/rfal_rfst25r3916.o
                0x080032a4                rfalIsExtFieldOn
 *fill*         0x080032b2        0x2 
 .text.rfalListenStop
                0x080032b4       0x60 ./Drivers/BSP/Components/ST25R3916/rfal_rfst25r3916.o
                0x080032b4                rfalListenStop
 .text.rfalListenSleepStart
                0x08003314       0xac ./Drivers/BSP/Components/ST25R3916/rfal_rfst25r3916.o
                0x08003314                rfalListenSleepStart
 .text.rfalListenGetState
                0x080033c0       0x24 ./Drivers/BSP/Components/ST25R3916/rfal_rfst25r3916.o
                0x080033c0                rfalListenGetState
 .text.rfalListenSetState
                0x080033e4      0x230 ./Drivers/BSP/Components/ST25R3916/rfal_rfst25r3916.o
                0x080033e4                rfalListenSetState
 .text.rfalWorker
                0x08003614      0xff4 ./Drivers/BSP/Components/ST25R3916/rfal_rfst25r3916.o
                0x08003614                rfalWorker
 .text.rfalTransceiveRunBlockingTx
                0x08004608       0x30 ./Drivers/BSP/Components/ST25R3916/rfal_rfst25r3916.o
 .text.rfalTransceiveBlockingTx
                0x08004638       0x32 ./Drivers/BSP/Components/ST25R3916/rfal_rfst25r3916.o
                0x08004638                rfalTransceiveBlockingTx
 *fill*         0x0800466a        0x2 
 .text.rfalStartFeliCaPoll
                0x0800466c       0x84 ./Drivers/BSP/Components/ST25R3916/rfal_rfst25r3916.o
                0x0800466c                rfalStartFeliCaPoll
 .text.rfalISO14443AStartTransceiveAnticollisionFrame
                0x080046f0       0xe8 ./Drivers/BSP/Components/ST25R3916/rfal_rfst25r3916.o
                0x080046f0                rfalISO14443AStartTransceiveAnticollisionFrame
 .text.rfalTransceiveBlockingRx
                0x080047d8       0x1c ./Drivers/BSP/Components/ST25R3916/rfal_rfst25r3916.o
                0x080047d8                rfalTransceiveBlockingRx
 .text.rfalTransceiveBlockingTxRx
                0x080047f4       0x2e ./Drivers/BSP/Components/ST25R3916/rfal_rfst25r3916.o
                0x080047f4                rfalTransceiveBlockingTxRx
 *fill*         0x08004822        0x2 
 .text.rfalISO15693TransceiveEOF
                0x08004824       0x40 ./Drivers/BSP/Components/ST25R3916/rfal_rfst25r3916.o
                0x08004824                rfalISO15693TransceiveEOF
 .text.rfalISO14443ATransceiveShortFrame
                0x08004864      0x1a4 ./Drivers/BSP/Components/ST25R3916/rfal_rfst25r3916.o
                0x08004864                rfalISO14443ATransceiveShortFrame
 .text.rfalISO15693TransceiveAnticollisionFrame
                0x08004a08      0x10c ./Drivers/BSP/Components/ST25R3916/rfal_rfst25r3916.o
                0x08004a08                rfalISO15693TransceiveAnticollisionFrame
 .text.rfalISO15693TransceiveEOFAnticollision
                0x08004b14       0x18 ./Drivers/BSP/Components/ST25R3916/rfal_rfst25r3916.o
                0x08004b14                rfalISO15693TransceiveEOFAnticollision
 .text.rfalListenStart
                0x08004b2c      0x220 ./Drivers/BSP/Components/ST25R3916/rfal_rfst25r3916.o
                0x08004b2c                rfalListenStart
 .text.rfalWakeUpModeStart
                0x08004d4c      0x324 ./Drivers/BSP/Components/ST25R3916/rfal_rfst25r3916.o
                0x08004d4c                rfalWakeUpModeStart
 .text.rfalWakeUpModeHasWoke
                0x08005070       0x14 ./Drivers/BSP/Components/ST25R3916/rfal_rfst25r3916.o
                0x08005070                rfalWakeUpModeHasWoke
 .text.rfalWakeUpModeStop
                0x08005084       0x48 ./Drivers/BSP/Components/ST25R3916/rfal_rfst25r3916.o
                0x08005084                rfalWakeUpModeStop
 .text.rfalChipChangeRegBits
                0x080050cc       0x22 ./Drivers/BSP/Components/ST25R3916/rfal_rfst25r3916.o
                0x080050cc                rfalChipChangeRegBits
 .text.rfalChipChangeTestRegBits
                0x080050ee        0xc ./Drivers/BSP/Components/ST25R3916/rfal_rfst25r3916.o
                0x080050ee                rfalChipChangeTestRegBits
 .text.st25r3916OscOn
                0x080050fa       0x48 ./Drivers/BSP/Components/ST25R3916/st25r3916.o
                0x080050fa                st25r3916OscOn
 .text.st25r3916ExecuteCommandAndGetResult
                0x08005142       0x42 ./Drivers/BSP/Components/ST25R3916/st25r3916.o
                0x08005142                st25r3916ExecuteCommandAndGetResult
 .text.st25r3916MeasurePowerSupply
                0x08005184       0x24 ./Drivers/BSP/Components/ST25R3916/st25r3916.o
                0x08005184                st25r3916MeasurePowerSupply
 .text.st25r3916MeasureVoltage
                0x080051a8       0x20 ./Drivers/BSP/Components/ST25R3916/st25r3916.o
                0x080051a8                st25r3916MeasureVoltage
 .text.st25r3916AdjustRegulators
                0x080051c8       0x72 ./Drivers/BSP/Components/ST25R3916/st25r3916.o
                0x080051c8                st25r3916AdjustRegulators
 .text.st25r3916MeasureAmplitude
                0x0800523a       0x10 ./Drivers/BSP/Components/ST25R3916/st25r3916.o
                0x0800523a                st25r3916MeasureAmplitude
 .text.st25r3916MeasurePhase
                0x0800524a       0x10 ./Drivers/BSP/Components/ST25R3916/st25r3916.o
                0x0800524a                st25r3916MeasurePhase
 .text.st25r3916MeasureCapacitance
                0x0800525a       0x10 ./Drivers/BSP/Components/ST25R3916/st25r3916.o
                0x0800525a                st25r3916MeasureCapacitance
 .text.st25r3916CalibrateCapacitiveSensor
                0x0800526a       0x40 ./Drivers/BSP/Components/ST25R3916/st25r3916.o
                0x0800526a                st25r3916CalibrateCapacitiveSensor
 .text.st25r3916SetBitrate
                0x080052aa       0x56 ./Drivers/BSP/Components/ST25R3916/st25r3916.o
                0x080052aa                st25r3916SetBitrate
 .text.st25r3916PerformCollisionAvoidance
                0x08005300       0xa8 ./Drivers/BSP/Components/ST25R3916/st25r3916.o
                0x08005300                st25r3916PerformCollisionAvoidance
 .text.st25r3916SetNumTxBits
                0x080053a8       0x16 ./Drivers/BSP/Components/ST25R3916/st25r3916.o
                0x080053a8                st25r3916SetNumTxBits
 .text.st25r3916GetNumFIFOBytes
                0x080053be       0x28 ./Drivers/BSP/Components/ST25R3916/st25r3916.o
                0x080053be                st25r3916GetNumFIFOBytes
 *fill*         0x080053e6        0x2 
 .text.st25r3916SetNoResponseTime
                0x080053e8       0x58 ./Drivers/BSP/Components/ST25R3916/st25r3916.o
                0x080053e8                st25r3916SetNoResponseTime
 .text.st25r3916SetGPTime
                0x08005440       0x16 ./Drivers/BSP/Components/ST25R3916/st25r3916.o
                0x08005440                st25r3916SetGPTime
 .text.st25r3916SetStartGPTimer
                0x08005456       0x22 ./Drivers/BSP/Components/ST25R3916/st25r3916.o
                0x08005456                st25r3916SetStartGPTimer
 .text.st25r3916CheckChipID
                0x08005478       0x3a ./Drivers/BSP/Components/ST25R3916/st25r3916.o
                0x08005478                st25r3916CheckChipID
 *fill*         0x080054b2        0x2 
 .text.st25r3916Initialize
                0x080054b4       0xa0 ./Drivers/BSP/Components/ST25R3916/st25r3916.o
                0x080054b4                st25r3916Initialize
 .text.st25r3916StreamConfigure
                0x08005554       0x76 ./Drivers/BSP/Components/ST25R3916/st25r3916.o
                0x08005554                st25r3916StreamConfigure
 *fill*         0x080055ca        0x2 
 .text.st25r3916comStart
                0x080055cc       0x3c ./Drivers/BSP/Components/ST25R3916/st25r3916_com.o
 .text.st25r3916comStop
                0x08005608       0x2c ./Drivers/BSP/Components/ST25R3916/st25r3916_com.o
 .text.st25r3916comTxByte
                0x08005634       0x18 ./Drivers/BSP/Components/ST25R3916/st25r3916_com.o
 .text.st25r3916comRx
                0x0800564c       0x20 ./Drivers/BSP/Components/ST25R3916/st25r3916_com.o
 .text.st25r3916ReadMultipleRegisters
                0x0800566c       0x3c ./Drivers/BSP/Components/ST25R3916/st25r3916_com.o
                0x0800566c                st25r3916ReadMultipleRegisters
 .text.st25r3916ReadRegister
                0x080056a8        0xa ./Drivers/BSP/Components/ST25R3916/st25r3916_com.o
                0x080056a8                st25r3916ReadRegister
 .text.st25r3916WriteMultipleRegisters
                0x080056b2       0x4a ./Drivers/BSP/Components/ST25R3916/st25r3916_com.o
                0x080056b2                st25r3916WriteMultipleRegisters
 .text.st25r3916WriteRegister
                0x080056fc       0x16 ./Drivers/BSP/Components/ST25R3916/st25r3916_com.o
                0x080056fc                st25r3916WriteRegister
 .text.st25r3916WriteFifo
                0x08005712       0x3a ./Drivers/BSP/Components/ST25R3916/st25r3916_com.o
                0x08005712                st25r3916WriteFifo
 .text.st25r3916ReadFifo
                0x0800574c       0x28 ./Drivers/BSP/Components/ST25R3916/st25r3916_com.o
                0x0800574c                st25r3916ReadFifo
 .text.st25r3916WritePTMem
                0x08005774       0x36 ./Drivers/BSP/Components/ST25R3916/st25r3916_com.o
                0x08005774                st25r3916WritePTMem
 .text.st25r3916WritePTMemF
                0x080057aa       0x36 ./Drivers/BSP/Components/ST25R3916/st25r3916_com.o
                0x080057aa                st25r3916WritePTMemF
 .text.st25r3916WritePTMemTSN
                0x080057e0       0x36 ./Drivers/BSP/Components/ST25R3916/st25r3916_com.o
                0x080057e0                st25r3916WritePTMemTSN
 .text.st25r3916ExecuteCommand
                0x08005816       0x22 ./Drivers/BSP/Components/ST25R3916/st25r3916_com.o
                0x08005816                st25r3916ExecuteCommand
 .text.st25r3916ReadTestRegister
                0x08005838       0x30 ./Drivers/BSP/Components/ST25R3916/st25r3916_com.o
                0x08005838                st25r3916ReadTestRegister
 .text.st25r3916WriteTestRegister
                0x08005868       0x38 ./Drivers/BSP/Components/ST25R3916/st25r3916_com.o
                0x08005868                st25r3916WriteTestRegister
 .text.st25r3916ClrRegisterBits
                0x080058a0       0x2a ./Drivers/BSP/Components/ST25R3916/st25r3916_com.o
                0x080058a0                st25r3916ClrRegisterBits
 .text.st25r3916SetRegisterBits
                0x080058ca       0x2c ./Drivers/BSP/Components/ST25R3916/st25r3916_com.o
                0x080058ca                st25r3916SetRegisterBits
 .text.st25r3916ModifyRegister
                0x080058f6       0x30 ./Drivers/BSP/Components/ST25R3916/st25r3916_com.o
                0x080058f6                st25r3916ModifyRegister
 .text.st25r3916ChangeRegisterBits
                0x08005926        0xa ./Drivers/BSP/Components/ST25R3916/st25r3916_com.o
                0x08005926                st25r3916ChangeRegisterBits
 .text.st25r3916ChangeTestRegisterBits
                0x08005930       0x32 ./Drivers/BSP/Components/ST25R3916/st25r3916_com.o
                0x08005930                st25r3916ChangeTestRegisterBits
 .text.st25r3916CheckReg
                0x08005962       0x26 ./Drivers/BSP/Components/ST25R3916/st25r3916_com.o
                0x08005962                st25r3916CheckReg
 .text.st25r3916IsRegValid
                0x08005988        0x8 ./Drivers/BSP/Components/ST25R3916/st25r3916_com.o
                0x08005988                st25r3916IsRegValid
 .text.st25r3916InitInterrupts
                0x08005990       0x14 ./Drivers/BSP/Components/ST25R3916/st25r3916_irq.o
                0x08005990                st25r3916InitInterrupts
 .text.st25r3916CheckForReceivedInterrupts
                0x080059a4       0x98 ./Drivers/BSP/Components/ST25R3916/st25r3916_irq.o
                0x080059a4                st25r3916CheckForReceivedInterrupts
 .text.st25r3916Isr
                0x08005a3c       0x1c ./Drivers/BSP/Components/ST25R3916/st25r3916_irq.o
                0x08005a3c                st25r3916Isr
 .text.st25r3916ModifyInterrupts
                0x08005a58       0x4c ./Drivers/BSP/Components/ST25R3916/st25r3916_irq.o
                0x08005a58                st25r3916ModifyInterrupts
 .text.st25r3916WaitForInterruptsTimed
                0x08005aa4       0x80 ./Drivers/BSP/Components/ST25R3916/st25r3916_irq.o
                0x08005aa4                st25r3916WaitForInterruptsTimed
 .text.st25r3916GetInterrupt
                0x08005b24       0x5c ./Drivers/BSP/Components/ST25R3916/st25r3916_irq.o
                0x08005b24                st25r3916GetInterrupt
 .text.st25r3916EnableInterrupts
                0x08005b80        0xa ./Drivers/BSP/Components/ST25R3916/st25r3916_irq.o
                0x08005b80                st25r3916EnableInterrupts
 .text.st25r3916ClearAndEnableInterrupts
                0x08005b8a       0x10 ./Drivers/BSP/Components/ST25R3916/st25r3916_irq.o
                0x08005b8a                st25r3916ClearAndEnableInterrupts
 .text.st25r3916DisableInterrupts
                0x08005b9a        0xc ./Drivers/BSP/Components/ST25R3916/st25r3916_irq.o
                0x08005b9a                st25r3916DisableInterrupts
 *fill*         0x08005ba6        0x2 
 .text.st25r3916ClearInterrupts
                0x08005ba8       0x5c ./Drivers/BSP/Components/ST25R3916/st25r3916_irq.o
                0x08005ba8                st25r3916ClearInterrupts
 .text.st25r3916ledInit
                0x08005c04       0x14 ./Drivers/BSP/Components/ST25R3916/st25r3916_led.o
                0x08005c04                st25r3916ledInit
 .text.st25r3916ledEvtIrq
                0x08005c18       0x20 ./Drivers/BSP/Components/ST25R3916/st25r3916_led.o
                0x08005c18                st25r3916ledEvtIrq
 .text.st25r3916ledEvtWrReg
                0x08005c38       0x2c ./Drivers/BSP/Components/ST25R3916/st25r3916_led.o
                0x08005c38                st25r3916ledEvtWrReg
 .text.st25r3916ledEvtWrMultiReg
                0x08005c64       0x22 ./Drivers/BSP/Components/ST25R3916/st25r3916_led.o
                0x08005c64                st25r3916ledEvtWrMultiReg
 *fill*         0x08005c86        0x2 
 .text.st25r3916ledEvtCmd
                0x08005c88       0x34 ./Drivers/BSP/Components/ST25R3916/st25r3916_led.o
                0x08005c88                st25r3916ledEvtCmd
 .text.timerCalculateTimer
                0x08005cbc        0xc ./Drivers/BSP/Components/ST25R3916/timer.o
                0x08005cbc                timerCalculateTimer
 .text.timerIsExpired
                0x08005cc8        0xe ./Drivers/BSP/Components/ST25R3916/timer.o
                0x08005cc8                timerIsExpired
 *fill*         0x08005cd6        0x2 
 .text.BSP_PB_Init
                0x08005cd8       0x58 ./Drivers/BSP/custom/custom.o
                0x08005cd8                BSP_PB_Init
 .text.BSP_PB_Callback
                0x08005d30        0x2 ./Drivers/BSP/custom/custom.o
                0x08005d30                BSP_PB_Callback
 .text.BUTTON_USER_EXTI_Callback
                0x08005d32        0xa ./Drivers/BSP/custom/custom.o
 .text.MX_USART2_UART_Init
                0x08005d3c       0x30 ./Drivers/BSP/custom/custom.o
                0x08005d3c                MX_USART2_UART_Init
 .text.BSP_COM_Init
                0x08005d6c       0xc8 ./Drivers/BSP/custom/custom.o
                0x08005d6c                BSP_COM_Init
 .text.HAL_InitTick
                0x08005e34       0x4c ./Drivers/STM32F0xx_HAL_Driver/Src/stm32f0xx_hal.o
                0x08005e34                HAL_InitTick
 .text.HAL_Init
                0x08005e80       0x20 ./Drivers/STM32F0xx_HAL_Driver/Src/stm32f0xx_hal.o
                0x08005e80                HAL_Init
 .text.HAL_IncTick
                0x08005ea0       0x18 ./Drivers/STM32F0xx_HAL_Driver/Src/stm32f0xx_hal.o
                0x08005ea0                HAL_IncTick
 .text.HAL_GetTick
                0x08005eb8        0xc ./Drivers/STM32F0xx_HAL_Driver/Src/stm32f0xx_hal.o
                0x08005eb8                HAL_GetTick
 .text.HAL_Delay
                0x08005ec4       0x24 ./Drivers/STM32F0xx_HAL_Driver/Src/stm32f0xx_hal.o
                0x08005ec4                HAL_Delay
 .text.HAL_NVIC_SetPriority
                0x08005ee8       0x64 ./Drivers/STM32F0xx_HAL_Driver/Src/stm32f0xx_hal_cortex.o
                0x08005ee8                HAL_NVIC_SetPriority
 .text.HAL_NVIC_EnableIRQ
                0x08005f4c       0x18 ./Drivers/STM32F0xx_HAL_Driver/Src/stm32f0xx_hal_cortex.o
                0x08005f4c                HAL_NVIC_EnableIRQ
 .text.HAL_SYSTICK_Config
                0x08005f64       0x38 ./Drivers/STM32F0xx_HAL_Driver/Src/stm32f0xx_hal_cortex.o
                0x08005f64                HAL_SYSTICK_Config
 .text.HAL_DMA_Init
                0x08005f9c       0x68 ./Drivers/STM32F0xx_HAL_Driver/Src/stm32f0xx_hal_dma.o
                0x08005f9c                HAL_DMA_Init
 .text.HAL_DMA_Start_IT
                0x08006004       0x92 ./Drivers/STM32F0xx_HAL_Driver/Src/stm32f0xx_hal_dma.o
                0x08006004                HAL_DMA_Start_IT
 .text.HAL_DMA_Abort
                0x08006096       0x40 ./Drivers/STM32F0xx_HAL_Driver/Src/stm32f0xx_hal_dma.o
                0x08006096                HAL_DMA_Abort
 .text.HAL_DMA_Abort_IT
                0x080060d6       0x4a ./Drivers/STM32F0xx_HAL_Driver/Src/stm32f0xx_hal_dma.o
                0x080060d6                HAL_DMA_Abort_IT
 .text.HAL_DMA_IRQHandler
                0x08006120       0xaa ./Drivers/STM32F0xx_HAL_Driver/Src/stm32f0xx_hal_dma.o
                0x08006120                HAL_DMA_IRQHandler
 .text.HAL_DMA_GetError
                0x080061ca        0x4 ./Drivers/STM32F0xx_HAL_Driver/Src/stm32f0xx_hal_dma.o
                0x080061ca                HAL_DMA_GetError
 .text.HAL_EXTI_RegisterCallback
                0x080061ce        0xe ./Drivers/STM32F0xx_HAL_Driver/Src/stm32f0xx_hal_exti.o
                0x080061ce                HAL_EXTI_RegisterCallback
 .text.HAL_EXTI_GetHandle
                0x080061dc        0xe ./Drivers/STM32F0xx_HAL_Driver/Src/stm32f0xx_hal_exti.o
                0x080061dc                HAL_EXTI_GetHandle
 *fill*         0x080061ea        0x2 
 .text.HAL_EXTI_IRQHandler
                0x080061ec       0x28 ./Drivers/STM32F0xx_HAL_Driver/Src/stm32f0xx_hal_exti.o
                0x080061ec                HAL_EXTI_IRQHandler
 .text.HAL_GPIO_Init
                0x08006214      0x218 ./Drivers/STM32F0xx_HAL_Driver/Src/stm32f0xx_hal_gpio.o
                0x08006214                HAL_GPIO_Init
 .text.HAL_GPIO_ReadPin
                0x0800642c        0xc ./Drivers/STM32F0xx_HAL_Driver/Src/stm32f0xx_hal_gpio.o
                0x0800642c                HAL_GPIO_ReadPin
 .text.HAL_GPIO_WritePin
                0x08006438        0xc ./Drivers/STM32F0xx_HAL_Driver/Src/stm32f0xx_hal_gpio.o
                0x08006438                HAL_GPIO_WritePin
 .text.HAL_GPIO_TogglePin
                0x08006444       0x10 ./Drivers/STM32F0xx_HAL_Driver/Src/stm32f0xx_hal_gpio.o
                0x08006444                HAL_GPIO_TogglePin
 .text.HAL_PCD_Init
                0x08006454       0xa0 ./Drivers/STM32F0xx_HAL_Driver/Src/stm32f0xx_hal_pcd.o
                0x08006454                HAL_PCD_Init
 .text.HAL_PCD_Start
                0x080064f4       0x2e ./Drivers/STM32F0xx_HAL_Driver/Src/stm32f0xx_hal_pcd.o
                0x080064f4                HAL_PCD_Start
 .text.HAL_PCD_SetAddress
                0x08006522       0x2a ./Drivers/STM32F0xx_HAL_Driver/Src/stm32f0xx_hal_pcd.o
                0x08006522                HAL_PCD_SetAddress
 .text.HAL_PCD_IRQHandler
                0x0800654c      0xd74 ./Drivers/STM32F0xx_HAL_Driver/Src/stm32f0xx_hal_pcd.o
                0x0800654c                HAL_PCD_IRQHandler
 .text.HAL_PCD_EP_Open
                0x080072c0       0x7c ./Drivers/STM32F0xx_HAL_Driver/Src/stm32f0xx_hal_pcd.o
                0x080072c0                HAL_PCD_EP_Open
 .text.HAL_PCD_EP_Close
                0x0800733c       0x6e ./Drivers/STM32F0xx_HAL_Driver/Src/stm32f0xx_hal_pcd.o
                0x0800733c                HAL_PCD_EP_Close
 .text.HAL_PCD_EP_Receive
                0x080073aa       0x42 ./Drivers/STM32F0xx_HAL_Driver/Src/stm32f0xx_hal_pcd.o
                0x080073aa                HAL_PCD_EP_Receive
 .text.HAL_PCD_EP_GetRxCount
                0x080073ec       0x14 ./Drivers/STM32F0xx_HAL_Driver/Src/stm32f0xx_hal_pcd.o
                0x080073ec                HAL_PCD_EP_GetRxCount
 .text.HAL_PCD_EP_Transmit
                0x08007400       0x36 ./Drivers/STM32F0xx_HAL_Driver/Src/stm32f0xx_hal_pcd.o
                0x08007400                HAL_PCD_EP_Transmit
 .text.HAL_PCD_EP_SetStall
                0x08007436       0x74 ./Drivers/STM32F0xx_HAL_Driver/Src/stm32f0xx_hal_pcd.o
                0x08007436                HAL_PCD_EP_SetStall
 .text.HAL_PCD_EP_ClrStall
                0x080074aa       0x80 ./Drivers/STM32F0xx_HAL_Driver/Src/stm32f0xx_hal_pcd.o
                0x080074aa                HAL_PCD_EP_ClrStall
 .text.HAL_PCDEx_PMAConfig
                0x0800752a       0x3a ./Drivers/STM32F0xx_HAL_Driver/Src/stm32f0xx_hal_pcd_ex.o
                0x0800752a                HAL_PCDEx_PMAConfig
 .text.HAL_PCDEx_ActivateLPM
                0x08007564       0x26 ./Drivers/STM32F0xx_HAL_Driver/Src/stm32f0xx_hal_pcd_ex.o
                0x08007564                HAL_PCDEx_ActivateLPM
 .text.HAL_PCDEx_LPM_Callback
                0x0800758a        0x2 ./Drivers/STM32F0xx_HAL_Driver/Src/stm32f0xx_hal_pcd_ex.o
                0x0800758a                HAL_PCDEx_LPM_Callback
 .text.HAL_RCC_OscConfig
                0x0800758c      0x580 ./Drivers/STM32F0xx_HAL_Driver/Src/stm32f0xx_hal_rcc.o
                0x0800758c                HAL_RCC_OscConfig
 .text.HAL_RCC_GetSysClockFreq
                0x08007b0c       0x84 ./Drivers/STM32F0xx_HAL_Driver/Src/stm32f0xx_hal_rcc.o
                0x08007b0c                HAL_RCC_GetSysClockFreq
 .text.HAL_RCC_ClockConfig
                0x08007b90      0x148 ./Drivers/STM32F0xx_HAL_Driver/Src/stm32f0xx_hal_rcc.o
                0x08007b90                HAL_RCC_ClockConfig
 .text.HAL_RCC_GetPCLK1Freq
                0x08007cd8       0x20 ./Drivers/STM32F0xx_HAL_Driver/Src/stm32f0xx_hal_rcc.o
                0x08007cd8                HAL_RCC_GetPCLK1Freq
 .text.HAL_RCCEx_PeriphCLKConfig
                0x08007cf8      0x178 ./Drivers/STM32F0xx_HAL_Driver/Src/stm32f0xx_hal_rcc_ex.o
                0x08007cf8                HAL_RCCEx_PeriphCLKConfig
 .text.SPI_WaitFlagStateUntilTimeout
                0x08007e70       0xf0 ./Drivers/STM32F0xx_HAL_Driver/Src/stm32f0xx_hal_spi.o
 .text.SPI_WaitFifoStateUntilTimeout
                0x08007f60      0x120 ./Drivers/STM32F0xx_HAL_Driver/Src/stm32f0xx_hal_spi.o
 .text.SPI_EndRxTxTransaction
                0x08008080       0x68 ./Drivers/STM32F0xx_HAL_Driver/Src/stm32f0xx_hal_spi.o
 .text.SPI_EndRxTransaction
                0x080080e8       0x90 ./Drivers/STM32F0xx_HAL_Driver/Src/stm32f0xx_hal_spi.o
 .text.HAL_SPI_MspInit
                0x08008178        0x2 ./Drivers/STM32F0xx_HAL_Driver/Src/stm32f0xx_hal_spi.o
                0x08008178                HAL_SPI_MspInit
 *fill*         0x0800817a        0x2 
 .text.HAL_SPI_Init
                0x0800817c       0xf8 ./Drivers/STM32F0xx_HAL_Driver/Src/stm32f0xx_hal_spi.o
                0x0800817c                HAL_SPI_Init
 .text.HAL_SPI_Transmit
                0x08008274      0x1c6 ./Drivers/STM32F0xx_HAL_Driver/Src/stm32f0xx_hal_spi.o
                0x08008274                HAL_SPI_Transmit
 *fill*         0x0800843a        0x2 
 .text.HAL_SPI_TransmitReceive
                0x0800843c      0x27c ./Drivers/STM32F0xx_HAL_Driver/Src/stm32f0xx_hal_spi.o
                0x0800843c                HAL_SPI_TransmitReceive
 .text.HAL_SPI_Receive
                0x080086b8      0x1cc ./Drivers/STM32F0xx_HAL_Driver/Src/stm32f0xx_hal_spi.o
                0x080086b8                HAL_SPI_Receive
 .text.HAL_SPI_ErrorCallback
                0x08008884        0x2 ./Drivers/STM32F0xx_HAL_Driver/Src/stm32f0xx_hal_spi.o
                0x08008884                HAL_SPI_ErrorCallback
 *fill*         0x08008886        0x2 
 .text.HAL_SPI_IRQHandler
                0x08008888      0x124 ./Drivers/STM32F0xx_HAL_Driver/Src/stm32f0xx_hal_spi.o
                0x08008888                HAL_SPI_IRQHandler
 .text.SPI_DMAAbortOnError
                0x080089ac       0x12 ./Drivers/STM32F0xx_HAL_Driver/Src/stm32f0xx_hal_spi.o
 .text.HAL_SPI_GetState
                0x080089be        0x8 ./Drivers/STM32F0xx_HAL_Driver/Src/stm32f0xx_hal_spi.o
                0x080089be                HAL_SPI_GetState
 *fill*         0x080089c6        0x2 
 .text.TIM_OC1_SetConfig
                0x080089c8       0x9c ./Drivers/STM32F0xx_HAL_Driver/Src/stm32f0xx_hal_tim.o
 .text.TIM_OC3_SetConfig
                0x08008a64       0x88 ./Drivers/STM32F0xx_HAL_Driver/Src/stm32f0xx_hal_tim.o
 .text.TIM_OC4_SetConfig
                0x08008aec       0x74 ./Drivers/STM32F0xx_HAL_Driver/Src/stm32f0xx_hal_tim.o
 .text.HAL_TIM_PWM_PulseFinishedCallback
                0x08008b60        0x2 ./Drivers/STM32F0xx_HAL_Driver/Src/stm32f0xx_hal_tim.o
                0x08008b60                HAL_TIM_PWM_PulseFinishedCallback
 .text.TIM_DMADelayPulseCplt
                0x08008b62       0x70 ./Drivers/STM32F0xx_HAL_Driver/Src/stm32f0xx_hal_tim.o
 .text.HAL_TIM_PWM_PulseFinishedHalfCpltCallback
                0x08008bd2        0x2 ./Drivers/STM32F0xx_HAL_Driver/Src/stm32f0xx_hal_tim.o
                0x08008bd2                HAL_TIM_PWM_PulseFinishedHalfCpltCallback
 .text.TIM_DMADelayPulseHalfCplt
                0x08008bd4       0x3e ./Drivers/STM32F0xx_HAL_Driver/Src/stm32f0xx_hal_tim.o
                0x08008bd4                TIM_DMADelayPulseHalfCplt
 .text.HAL_TIM_ErrorCallback
                0x08008c12        0x2 ./Drivers/STM32F0xx_HAL_Driver/Src/stm32f0xx_hal_tim.o
                0x08008c12                HAL_TIM_ErrorCallback
 .text.TIM_DMAError
                0x08008c14       0x5c ./Drivers/STM32F0xx_HAL_Driver/Src/stm32f0xx_hal_tim.o
                0x08008c14                TIM_DMAError
 .text.TIM_Base_SetConfig
                0x08008c70      0x160 ./Drivers/STM32F0xx_HAL_Driver/Src/stm32f0xx_hal_tim.o
                0x08008c70                TIM_Base_SetConfig
 .text.HAL_TIM_PWM_Init
                0x08008dd0       0x58 ./Drivers/STM32F0xx_HAL_Driver/Src/stm32f0xx_hal_tim.o
                0x08008dd0                HAL_TIM_PWM_Init
 .text.TIM_OC2_SetConfig
                0x08008e28       0x80 ./Drivers/STM32F0xx_HAL_Driver/Src/stm32f0xx_hal_tim.o
                0x08008e28                TIM_OC2_SetConfig
 .text.HAL_TIM_PWM_ConfigChannel
                0x08008ea8       0xe8 ./Drivers/STM32F0xx_HAL_Driver/Src/stm32f0xx_hal_tim.o
                0x08008ea8                HAL_TIM_PWM_ConfigChannel
 .text.TIM_CCxChannelCmd
                0x08008f90       0x1a ./Drivers/STM32F0xx_HAL_Driver/Src/stm32f0xx_hal_tim.o
                0x08008f90                TIM_CCxChannelCmd
 *fill*         0x08008faa        0x2 
 .text.HAL_TIM_PWM_Start_DMA
                0x08008fac      0x238 ./Drivers/STM32F0xx_HAL_Driver/Src/stm32f0xx_hal_tim.o
                0x08008fac                HAL_TIM_PWM_Start_DMA
 .text.HAL_TIMEx_MasterConfigSynchronization
                0x080091e4       0x6c ./Drivers/STM32F0xx_HAL_Driver/Src/stm32f0xx_hal_tim_ex.o
                0x080091e4                HAL_TIMEx_MasterConfigSynchronization
 .text.HAL_TIMEx_ConfigBreakDeadTime
                0x08009250       0x6c ./Drivers/STM32F0xx_HAL_Driver/Src/stm32f0xx_hal_tim_ex.o
                0x08009250                HAL_TIMEx_ConfigBreakDeadTime
 .text.UART_EndRxTransfer
                0x080092bc       0x60 ./Drivers/STM32F0xx_HAL_Driver/Src/stm32f0xx_hal_uart.o
 .text.HAL_UART_Transmit_DMA
                0x0800931c       0xb4 ./Drivers/STM32F0xx_HAL_Driver/Src/stm32f0xx_hal_uart.o
                0x0800931c                HAL_UART_Transmit_DMA
 .text.HAL_UART_DMAStop
                0x080093d0       0xc2 ./Drivers/STM32F0xx_HAL_Driver/Src/stm32f0xx_hal_uart.o
                0x080093d0                HAL_UART_DMAStop
 .text.HAL_UART_TxCpltCallback
                0x08009492        0x2 ./Drivers/STM32F0xx_HAL_Driver/Src/stm32f0xx_hal_uart.o
                0x08009492                HAL_UART_TxCpltCallback
 .text.UART_DMATransmitCplt
                0x08009494       0x48 ./Drivers/STM32F0xx_HAL_Driver/Src/stm32f0xx_hal_uart.o
 .text.HAL_UART_TxHalfCpltCallback
                0x080094dc        0x2 ./Drivers/STM32F0xx_HAL_Driver/Src/stm32f0xx_hal_uart.o
                0x080094dc                HAL_UART_TxHalfCpltCallback
 .text.UART_DMATxHalfCplt
                0x080094de        0xa ./Drivers/STM32F0xx_HAL_Driver/Src/stm32f0xx_hal_uart.o
 .text.HAL_UART_RxCpltCallback
                0x080094e8        0x2 ./Drivers/STM32F0xx_HAL_Driver/Src/stm32f0xx_hal_uart.o
                0x080094e8                HAL_UART_RxCpltCallback
 .text.HAL_UART_RxHalfCpltCallback
                0x080094ea        0x2 ./Drivers/STM32F0xx_HAL_Driver/Src/stm32f0xx_hal_uart.o
                0x080094ea                HAL_UART_RxHalfCpltCallback
 .text.HAL_UART_ErrorCallback
                0x080094ec        0x2 ./Drivers/STM32F0xx_HAL_Driver/Src/stm32f0xx_hal_uart.o
                0x080094ec                HAL_UART_ErrorCallback
 .text.UART_DMAError
                0x080094ee       0x66 ./Drivers/STM32F0xx_HAL_Driver/Src/stm32f0xx_hal_uart.o
 .text.UART_DMAAbortOnError
                0x08009554       0x14 ./Drivers/STM32F0xx_HAL_Driver/Src/stm32f0xx_hal_uart.o
 .text.HAL_UARTEx_RxEventCallback
                0x08009568        0x2 ./Drivers/STM32F0xx_HAL_Driver/Src/stm32f0xx_hal_uart.o
                0x08009568                HAL_UARTEx_RxEventCallback
 *fill*         0x0800956a        0x2 
 .text.HAL_UART_IRQHandler
                0x0800956c      0x2fc ./Drivers/STM32F0xx_HAL_Driver/Src/stm32f0xx_hal_uart.o
                0x0800956c                HAL_UART_IRQHandler
 .text.UART_DMARxHalfCplt
                0x08009868       0x20 ./Drivers/STM32F0xx_HAL_Driver/Src/stm32f0xx_hal_uart.o
 .text.UART_DMAReceiveCplt
                0x08009888       0x98 ./Drivers/STM32F0xx_HAL_Driver/Src/stm32f0xx_hal_uart.o
 .text.UART_SetConfig
                0x08009920      0x1c4 ./Drivers/STM32F0xx_HAL_Driver/Src/stm32f0xx_hal_uart.o
                0x08009920                UART_SetConfig
 .text.UART_AdvFeatureConfig
                0x08009ae4       0xe0 ./Drivers/STM32F0xx_HAL_Driver/Src/stm32f0xx_hal_uart.o
                0x08009ae4                UART_AdvFeatureConfig
 .text.UART_WaitOnFlagUntilTimeout
                0x08009bc4       0xa4 ./Drivers/STM32F0xx_HAL_Driver/Src/stm32f0xx_hal_uart.o
                0x08009bc4                UART_WaitOnFlagUntilTimeout
 .text.HAL_UART_Transmit
                0x08009c68       0xf6 ./Drivers/STM32F0xx_HAL_Driver/Src/stm32f0xx_hal_uart.o
                0x08009c68                HAL_UART_Transmit
 *fill*         0x08009d5e        0x2 
 .text.UART_CheckIdleState
                0x08009d60       0xc8 ./Drivers/STM32F0xx_HAL_Driver/Src/stm32f0xx_hal_uart.o
                0x08009d60                UART_CheckIdleState
 .text.HAL_UART_Init
                0x08009e28       0x6c ./Drivers/STM32F0xx_HAL_Driver/Src/stm32f0xx_hal_uart.o
                0x08009e28                HAL_UART_Init
 .text.UART_Start_Receive_DMA
                0x08009e94       0xb0 ./Drivers/STM32F0xx_HAL_Driver/Src/stm32f0xx_hal_uart.o
                0x08009e94                UART_Start_Receive_DMA
 .text.HAL_UART_Receive_DMA
                0x08009f44       0x64 ./Drivers/STM32F0xx_HAL_Driver/Src/stm32f0xx_hal_uart.o
                0x08009f44                HAL_UART_Receive_DMA
 .text.HAL_UARTEx_WakeupCallback
                0x08009fa8        0x2 ./Drivers/STM32F0xx_HAL_Driver/Src/stm32f0xx_hal_uart_ex.o
                0x08009fa8                HAL_UARTEx_WakeupCallback
 *fill*         0x08009faa        0x2 
 .text.USB_EnableGlobalInt
                0x08009fac       0x14 ./Drivers/STM32F0xx_HAL_Driver/Src/stm32f0xx_ll_usb.o
                0x08009fac                USB_EnableGlobalInt
 .text.USB_DisableGlobalInt
                0x08009fc0       0x14 ./Drivers/STM32F0xx_HAL_Driver/Src/stm32f0xx_ll_usb.o
                0x08009fc0                USB_DisableGlobalInt
 .text.USB_DevInit
                0x08009fd4       0x1a ./Drivers/STM32F0xx_HAL_Driver/Src/stm32f0xx_ll_usb.o
                0x08009fd4                USB_DevInit
 *fill*         0x08009fee        0x2 
 .text.USB_ActivateEndpoint
                0x08009ff0      0x300 ./Drivers/STM32F0xx_HAL_Driver/Src/stm32f0xx_ll_usb.o
                0x08009ff0                USB_ActivateEndpoint
 .text.USB_DeactivateEndpoint
                0x0800a2f0      0x160 ./Drivers/STM32F0xx_HAL_Driver/Src/stm32f0xx_ll_usb.o
                0x0800a2f0                USB_DeactivateEndpoint
 .text.USB_EPSetStall
                0x0800a450       0x4c ./Drivers/STM32F0xx_HAL_Driver/Src/stm32f0xx_ll_usb.o
                0x0800a450                USB_EPSetStall
 .text.USB_EPClearStall
                0x0800a49c       0x98 ./Drivers/STM32F0xx_HAL_Driver/Src/stm32f0xx_ll_usb.o
                0x0800a49c                USB_EPClearStall
 .text.USB_SetDevAddress
                0x0800a534        0xe ./Drivers/STM32F0xx_HAL_Driver/Src/stm32f0xx_ll_usb.o
                0x0800a534                USB_SetDevAddress
 .text.USB_DevConnect
                0x0800a542       0x10 ./Drivers/STM32F0xx_HAL_Driver/Src/stm32f0xx_ll_usb.o
                0x0800a542                USB_DevConnect
 .text.USB_ReadInterrupts
                0x0800a552        0x8 ./Drivers/STM32F0xx_HAL_Driver/Src/stm32f0xx_ll_usb.o
                0x0800a552                USB_ReadInterrupts
 .text.USB_WritePMA
                0x0800a55a       0x30 ./Drivers/STM32F0xx_HAL_Driver/Src/stm32f0xx_ll_usb.o
                0x0800a55a                USB_WritePMA
 *fill*         0x0800a58a        0x2 
 .text.USB_EPStartXfer
                0x0800a58c      0x65c ./Drivers/STM32F0xx_HAL_Driver/Src/stm32f0xx_ll_usb.o
                0x0800a58c                USB_EPStartXfer
 .text.USB_ReadPMA
                0x0800abe8       0x3e ./Drivers/STM32F0xx_HAL_Driver/Src/stm32f0xx_ll_usb.o
                0x0800abe8                USB_ReadPMA
 *fill*         0x0800ac26        0x2 
 .text.rfalAnalogConfigInitialize
                0x0800ac28       0x20 ./Middlewares/ST/rfal/Src/rfal_analogConfig.o
                0x0800ac28                rfalAnalogConfigInitialize
 .text.rfalSetAnalogConfig
                0x0800ac48      0x110 ./Middlewares/ST/rfal/Src/rfal_analogConfig.o
                0x0800ac48                rfalSetAnalogConfig
 .text.rfalCrcCalculateCcitt
                0x0800ad58       0x2e ./Middlewares/ST/rfal/Src/rfal_crc.o
                0x0800ad58                rfalCrcCalculateCcitt
 .text.rfalIso15693PhyVCDCode1Of4
                0x0800ad86       0x46 ./Middlewares/ST/rfal/Src/rfal_iso15693_2.o
 .text.rfalIso15693PhyVCDCode1Of256
                0x0800adcc       0x4a ./Middlewares/ST/rfal/Src/rfal_iso15693_2.o
 *fill*         0x0800ae16        0x2 
 .text.rfalIso15693PhyConfigure
                0x0800ae18       0x30 ./Middlewares/ST/rfal/Src/rfal_iso15693_2.o
                0x0800ae18                rfalIso15693PhyConfigure
 .text.rfalIso15693VCDCode
                0x0800ae48      0x218 ./Middlewares/ST/rfal/Src/rfal_iso15693_2.o
                0x0800ae48                rfalIso15693VCDCode
 .text.rfalIso15693VICCDecode
                0x0800b060      0x1d8 ./Middlewares/ST/rfal/Src/rfal_iso15693_2.o
                0x0800b060                rfalIso15693VICCDecode
 .text.rfalIsoDepClearCounters
                0x0800b238       0x14 ./Middlewares/ST/rfal/Src/rfal_isoDep.o
 .text.rfalIsoDepCalcBitRate
                0x0800b24c       0xd4 ./Middlewares/ST/rfal/Src/rfal_isoDep.o
 .text.rfalIsoDepTx
                0x0800b320       0xec ./Middlewares/ST/rfal/Src/rfal_isoDep.o
 .text.rfalIsoDepHandleControlMsg
                0x0800b40c      0x108 ./Middlewares/ST/rfal/Src/rfal_isoDep.o
 .text.rfalIsoDepReSendControlMsg
                0x0800b514       0x58 ./Middlewares/ST/rfal/Src/rfal_isoDep.o
 .text.rfalIsoDepStartRATS
                0x0800b56c       0x58 ./Middlewares/ST/rfal/Src/rfal_isoDep.o
 .text.rfalIsoDepStartPPS
                0x0800b5c4       0x70 ./Middlewares/ST/rfal/Src/rfal_isoDep.o
 .text.rfalIsoDepGetPPSSTatus
                0x0800b634       0x34 ./Middlewares/ST/rfal/Src/rfal_isoDep.o
 .text.rfalIsoDepStartATTRIB
                0x0800b668      0x100 ./Middlewares/ST/rfal/Src/rfal_isoDep.o
 .text.rfalIsoDepInitialize
                0x0800b768       0x80 ./Middlewares/ST/rfal/Src/rfal_isoDep.o
                0x0800b768                rfalIsoDepInitialize
 .text.rfalIsoDepDataExchangePCD
                0x0800b7e8      0x344 ./Middlewares/ST/rfal/Src/rfal_isoDep.o
 .text.rfalIsoDepInitializeWithParams
                0x0800bb2c       0x60 ./Middlewares/ST/rfal/Src/rfal_isoDep.o
                0x0800bb2c                rfalIsoDepInitializeWithParams
 .text.rfalIsoDepStartDeselect
                0x0800bb8c       0x2c ./Middlewares/ST/rfal/Src/rfal_isoDep.o
                0x0800bb8c                rfalIsoDepStartDeselect
 .text.rfalIsoDepGetDeselectStatus
                0x0800bbb8       0x24 ./Middlewares/ST/rfal/Src/rfal_isoDep.o
                0x0800bbb8                rfalIsoDepGetDeselectStatus
 .text.rfalIsoDepFWI2FWT
                0x0800bbdc       0x1a ./Middlewares/ST/rfal/Src/rfal_isoDep.o
                0x0800bbdc                rfalIsoDepFWI2FWT
 *fill*         0x0800bbf6        0x2 
 .text.rfalIsoDepFSxI2FSx
                0x0800bbf8       0x78 ./Middlewares/ST/rfal/Src/rfal_isoDep.o
                0x0800bbf8                rfalIsoDepFSxI2FSx
 .text.rfalIsoDepGetRATSStatus
                0x0800bc70       0x4c ./Middlewares/ST/rfal/Src/rfal_isoDep.o
 .text.rfalIsoDepGetATTRIBStatus
                0x0800bcbc       0x50 ./Middlewares/ST/rfal/Src/rfal_isoDep.o
 .text.rfalIsoDepIsRats
                0x0800bd0c       0x1c ./Middlewares/ST/rfal/Src/rfal_isoDep.o
                0x0800bd0c                rfalIsoDepIsRats
 .text.rfalIsoDepListenStartActivation
                0x0800bd28      0x164 ./Middlewares/ST/rfal/Src/rfal_isoDep.o
                0x0800bd28                rfalIsoDepListenStartActivation
 .text.rfalIsoDepListenGetActivationStatus
                0x0800be8c      0x184 ./Middlewares/ST/rfal/Src/rfal_isoDep.o
                0x0800be8c                rfalIsoDepListenGetActivationStatus
 .text.rfalIsoDepGetMaxInfLen
                0x0800c010       0x30 ./Middlewares/ST/rfal/Src/rfal_isoDep.o
                0x0800c010                rfalIsoDepGetMaxInfLen
 .text.rfalIsoDepStartTransceive
                0x0800c040       0x98 ./Middlewares/ST/rfal/Src/rfal_isoDep.o
                0x0800c040                rfalIsoDepStartTransceive
 .text.rfalIsoDepGetTransceiveStatus
                0x0800c0d8      0x4c0 ./Middlewares/ST/rfal/Src/rfal_isoDep.o
                0x0800c0d8                rfalIsoDepGetTransceiveStatus
 .text.rfalIsoDepPollAStartActivation
                0x0800c598       0x40 ./Middlewares/ST/rfal/Src/rfal_isoDep.o
                0x0800c598                rfalIsoDepPollAStartActivation
 .text.rfalIsoDepPollAGetActivationStatus
                0x0800c5d8      0x238 ./Middlewares/ST/rfal/Src/rfal_isoDep.o
                0x0800c5d8                rfalIsoDepPollAGetActivationStatus
 .text.rfalIsoDepPollBStartActivation
                0x0800c810      0x130 ./Middlewares/ST/rfal/Src/rfal_isoDep.o
                0x0800c810                rfalIsoDepPollBStartActivation
 .text.rfalIsoDepPollBGetActivationStatus
                0x0800c940       0x7c ./Middlewares/ST/rfal/Src/rfal_isoDep.o
                0x0800c940                rfalIsoDepPollBGetActivationStatus
 .text.rfalIsoDepStartApduTransceive
                0x0800c9bc       0xe4 ./Middlewares/ST/rfal/Src/rfal_isoDep.o
                0x0800c9bc                rfalIsoDepStartApduTransceive
 .text.rfalIsoDepGetApduTransceiveStatus
                0x0800caa0      0x164 ./Middlewares/ST/rfal/Src/rfal_isoDep.o
                0x0800caa0                rfalIsoDepGetApduTransceiveStatus
 .text.rfalNfcDeactivation
                0x0800cc04      0x130 ./Middlewares/ST/rfal/Src/rfal_nfc.o
 .text.rfalNfcNfcDepActivate
                0x0800cd34      0x120 ./Middlewares/ST/rfal/Src/rfal_nfc.o
 .text.rfalNfcInitialize
                0x0800ce54       0x34 ./Middlewares/ST/rfal/Src/rfal_nfc.o
                0x0800ce54                rfalNfcInitialize
 .text.rfalNfcDiscover
                0x0800ce88       0xd0 ./Middlewares/ST/rfal/Src/rfal_nfc.o
                0x0800ce88                rfalNfcDiscover
 .text.rfalNfcDeactivate
                0x0800cf58       0x78 ./Middlewares/ST/rfal/Src/rfal_nfc.o
                0x0800cf58                rfalNfcDeactivate
 .text.rfalNfcSelect
                0x0800cfd0       0x28 ./Middlewares/ST/rfal/Src/rfal_nfc.o
                0x0800cfd0                rfalNfcSelect
 .text.rfalNfcGetState
                0x0800cff8        0xc ./Middlewares/ST/rfal/Src/rfal_nfc.o
                0x0800cff8                rfalNfcGetState
 .text.rfalNfcGetDevicesFound
                0x0800d004       0x34 ./Middlewares/ST/rfal/Src/rfal_nfc.o
                0x0800d004                rfalNfcGetDevicesFound
 .text.rfalNfcGetActiveDevice
                0x0800d038       0x3c ./Middlewares/ST/rfal/Src/rfal_nfc.o
                0x0800d038                rfalNfcGetActiveDevice
 .text.rfalNfcDataExchangeStart
                0x0800d074      0x1fc ./Middlewares/ST/rfal/Src/rfal_nfc.o
                0x0800d074                rfalNfcDataExchangeStart
 .text.rfalNfcDataExchangeGetStatus
                0x0800d270       0xd0 ./Middlewares/ST/rfal/Src/rfal_nfc.o
                0x0800d270                rfalNfcDataExchangeGetStatus
 .text.rfalNfcWorker
                0x0800d340     0x1468 ./Middlewares/ST/rfal/Src/rfal_nfc.o
                0x0800d340                rfalNfcWorker
 .text.nfcipClearCounters
                0x0800e7a8       0x20 ./Middlewares/ST/rfal/Src/rfal_nfcDep.o
 .text.nfcipConfig
                0x0800e7c8       0x68 ./Middlewares/ST/rfal/Src/rfal_nfcDep.o
 .text.nfcipTx  0x0800e830      0x1fc ./Middlewares/ST/rfal/Src/rfal_nfcDep.o
 .text.nfcipDEPControlMsg
                0x0800ea2c       0x74 ./Middlewares/ST/rfal/Src/rfal_nfcDep.o
 .text.nfcipDataRx
                0x0800eaa0       0x50 ./Middlewares/ST/rfal/Src/rfal_nfcDep.o
 .text.nfcipTxRx
                0x0800eaf0       0x54 ./Middlewares/ST/rfal/Src/rfal_nfcDep.o
 .text.rfalNfcDepInitialize
                0x0800eb44       0x68 ./Middlewares/ST/rfal/Src/rfal_nfcDep.o
                0x0800eb44                rfalNfcDepInitialize
 .text.rfalNfcDepIsAtrReq
                0x0800ebac       0x38 ./Middlewares/ST/rfal/Src/rfal_nfcDep.o
                0x0800ebac                rfalNfcDepIsAtrReq
 .text.rfalNfcDepATR
                0x0800ebe4      0x124 ./Middlewares/ST/rfal/Src/rfal_nfcDep.o
                0x0800ebe4                rfalNfcDepATR
 .text.rfalNfcDepPSL
                0x0800ed08       0x6c ./Middlewares/ST/rfal/Src/rfal_nfcDep.o
                0x0800ed08                rfalNfcDepPSL
 .text.rfalNfcDepDSL
                0x0800ed74       0x7c ./Middlewares/ST/rfal/Src/rfal_nfcDep.o
                0x0800ed74                rfalNfcDepDSL
 .text.rfalNfcDepRLS
                0x0800edf0       0x7c ./Middlewares/ST/rfal/Src/rfal_nfcDep.o
                0x0800edf0                rfalNfcDepRLS
 .text.rfalNfcDepCalculateRWT
                0x0800ee6c       0x12 ./Middlewares/ST/rfal/Src/rfal_nfcDep.o
                0x0800ee6c                rfalNfcDepCalculateRWT
 *fill*         0x0800ee7e        0x2 
 .text.rfalNfcDepInitiatorHandleActivation
                0x0800ee80      0x124 ./Middlewares/ST/rfal/Src/rfal_nfcDep.o
                0x0800ee80                rfalNfcDepInitiatorHandleActivation
 .text.rfalNfcDepListenStartActivation
                0x0800efa4      0x170 ./Middlewares/ST/rfal/Src/rfal_nfcDep.o
                0x0800efa4                rfalNfcDepListenStartActivation
 .text.rfalNfcDepListenGetActivationStatus
                0x0800f114      0x180 ./Middlewares/ST/rfal/Src/rfal_nfcDep.o
                0x0800f114                rfalNfcDepListenGetActivationStatus
 .text.rfalNfcDepStartTransceive
                0x0800f294       0x90 ./Middlewares/ST/rfal/Src/rfal_nfcDep.o
                0x0800f294                rfalNfcDepStartTransceive
 .text.rfalNfcDepGetTransceiveStatus
                0x0800f324      0xa7c ./Middlewares/ST/rfal/Src/rfal_nfcDep.o
                0x0800f324                rfalNfcDepGetTransceiveStatus
 .text.rfalNfcDepStartPduTransceive
                0x0800fda0       0xac ./Middlewares/ST/rfal/Src/rfal_nfcDep.o
                0x0800fda0                rfalNfcDepStartPduTransceive
 .text.rfalNfcDepGetPduTransceiveStatus
                0x0800fe4c      0x13c ./Middlewares/ST/rfal/Src/rfal_nfcDep.o
                0x0800fe4c                rfalNfcDepGetPduTransceiveStatus
 .text.rfalNfcaPollerStartSingleCollisionResolution
                0x0800ff88       0x80 ./Middlewares/ST/rfal/Src/rfal_nfca.o
 .text.rfalNfcaPollerInitialize
                0x08010008       0x3c ./Middlewares/ST/rfal/Src/rfal_nfca.o
                0x08010008                rfalNfcaPollerInitialize
 .text.rfalNfcaPollerCheckPresence
                0x08010044       0x50 ./Middlewares/ST/rfal/Src/rfal_nfca.o
                0x08010044                rfalNfcaPollerCheckPresence
 .text.rfalNfcaPollerGetSingleCollisionResolutionStatus
                0x08010094      0x378 ./Middlewares/ST/rfal/Src/rfal_nfca.o
 .text.rfalNfcaPollerStartFullCollisionResolution
                0x0801040c      0x12c ./Middlewares/ST/rfal/Src/rfal_nfca.o
                0x0801040c                rfalNfcaPollerStartFullCollisionResolution
 .text.rfalNfcaPollerStartSelect
                0x08010538       0x48 ./Middlewares/ST/rfal/Src/rfal_nfca.o
                0x08010538                rfalNfcaPollerStartSelect
 .text.rfalNfcaPollerGetSelectStatus
                0x08010580       0xe4 ./Middlewares/ST/rfal/Src/rfal_nfca.o
                0x08010580                rfalNfcaPollerGetSelectStatus
 .text.rfalNfcaPollerSelect
                0x08010664       0x1c ./Middlewares/ST/rfal/Src/rfal_nfca.o
                0x08010664                rfalNfcaPollerSelect
 .text.rfalNfcaPollerStartSleep
                0x08010680       0x38 ./Middlewares/ST/rfal/Src/rfal_nfca.o
                0x08010680                rfalNfcaPollerStartSleep
 .text.rfalNfcaPollerStartTechnologyDetection
                0x080106b8       0x3c ./Middlewares/ST/rfal/Src/rfal_nfca.o
                0x080106b8                rfalNfcaPollerStartTechnologyDetection
 .text.rfalNfcaPollerGetSleepStatus
                0x080106f4       0x10 ./Middlewares/ST/rfal/Src/rfal_nfca.o
                0x080106f4                rfalNfcaPollerGetSleepStatus
 .text.rfalNfcaPollerGetTechnologyDetectionStatus
                0x08010704       0x28 ./Middlewares/ST/rfal/Src/rfal_nfca.o
                0x08010704                rfalNfcaPollerGetTechnologyDetectionStatus
 .text.rfalNfcaPollerGetFullCollisionResolutionStatus
                0x0801072c      0x124 ./Middlewares/ST/rfal/Src/rfal_nfca.o
                0x0801072c                rfalNfcaPollerGetFullCollisionResolutionStatus
 .text.rfalNfcaPollerFullCollisionResolution
                0x08010850       0x1c ./Middlewares/ST/rfal/Src/rfal_nfca.o
                0x08010850                rfalNfcaPollerFullCollisionResolution
 .text.rfalNfcaListenerIsSleepReq
                0x0801086c       0x18 ./Middlewares/ST/rfal/Src/rfal_nfca.o
                0x0801086c                rfalNfcaListenerIsSleepReq
 .text.rfalNfcbCheckSensbRes
                0x08010884       0x24 ./Middlewares/ST/rfal/Src/rfal_nfcb.o
 .text.rfalNfcbPollerSleepTx
                0x080108a8       0x38 ./Middlewares/ST/rfal/Src/rfal_nfcb.o
 .text.rfalNfcbPollerInitialize
                0x080108e0       0x44 ./Middlewares/ST/rfal/Src/rfal_nfcb.o
                0x080108e0                rfalNfcbPollerInitialize
 .text.rfalNfcbPollerStartCheckPresence
                0x08010924       0x84 ./Middlewares/ST/rfal/Src/rfal_nfcb.o
                0x08010924                rfalNfcbPollerStartCheckPresence
 .text.rfalNfcbPollerGetCheckPresenceStatus
                0x080109a8       0x44 ./Middlewares/ST/rfal/Src/rfal_nfcb.o
                0x080109a8                rfalNfcbPollerGetCheckPresenceStatus
 .text.rfalNfcbPollerSleep
                0x080109ec       0x5c ./Middlewares/ST/rfal/Src/rfal_nfcb.o
                0x080109ec                rfalNfcbPollerSleep
 .text.rfalNfcbPollerStartSlotMarker
                0x08010a48       0x50 ./Middlewares/ST/rfal/Src/rfal_nfcb.o
                0x08010a48                rfalNfcbPollerStartSlotMarker
 .text.rfalNfcbPollerGetSlotMarkerStatus
                0x08010a98       0x40 ./Middlewares/ST/rfal/Src/rfal_nfcb.o
                0x08010a98                rfalNfcbPollerGetSlotMarkerStatus
 .text.rfalNfcbPollerStartTechnologyDetection
                0x08010ad8       0x16 ./Middlewares/ST/rfal/Src/rfal_nfcb.o
                0x08010ad8                rfalNfcbPollerStartTechnologyDetection
 .text.rfalNfcbPollerGetTechnologyDetectionStatus
                0x08010aee        0x8 ./Middlewares/ST/rfal/Src/rfal_nfcb.o
                0x08010aee                rfalNfcbPollerGetTechnologyDetectionStatus
 *fill*         0x08010af6        0x2 
 .text.rfalNfcbPollerStartSlottedCollisionResolution
                0x08010af8       0x6c ./Middlewares/ST/rfal/Src/rfal_nfcb.o
                0x08010af8                rfalNfcbPollerStartSlottedCollisionResolution
 .text.rfalNfcbPollerStartCollisionResolution
                0x08010b64       0x1c ./Middlewares/ST/rfal/Src/rfal_nfcb.o
                0x08010b64                rfalNfcbPollerStartCollisionResolution
 .text.rfalNfcbPollerGetCollisionResolutionStatus
                0x08010b80      0x280 ./Middlewares/ST/rfal/Src/rfal_nfcb.o
                0x08010b80                rfalNfcbPollerGetCollisionResolutionStatus
 .text.rfalNfcbTR2ToFDT
                0x08010e00       0x28 ./Middlewares/ST/rfal/Src/rfal_nfcb.o
                0x08010e00                rfalNfcbTR2ToFDT
 .text.rfalNfcfComputeValidSENF
                0x08010e28      0x124 ./Middlewares/ST/rfal/Src/rfal_nfcf.o
 .text.rfalNfcfPollerInitialize
                0x08010f4c       0x40 ./Middlewares/ST/rfal/Src/rfal_nfcf.o
                0x08010f4c                rfalNfcfPollerInitialize
 .text.rfalNfcfPollerStartCheckPresence
                0x08010f8c       0x30 ./Middlewares/ST/rfal/Src/rfal_nfcf.o
                0x08010f8c                rfalNfcfPollerStartCheckPresence
 .text.rfalNfcfPollerCheckPresence
                0x08010fbc       0x1c ./Middlewares/ST/rfal/Src/rfal_nfcf.o
                0x08010fbc                rfalNfcfPollerCheckPresence
 .text.rfalNfcfPollerGetCheckPresenceStatus
                0x08010fd8        0x8 ./Middlewares/ST/rfal/Src/rfal_nfcf.o
                0x08010fd8                rfalNfcfPollerGetCheckPresenceStatus
 .text.rfalNfcfPollerStartCollisionResolution
                0x08010fe0       0x68 ./Middlewares/ST/rfal/Src/rfal_nfcf.o
                0x08010fe0                rfalNfcfPollerStartCollisionResolution
 .text.rfalNfcfPollerGetCollisionResolutionStatus
                0x08011048       0xe0 ./Middlewares/ST/rfal/Src/rfal_nfcf.o
                0x08011048                rfalNfcfPollerGetCollisionResolutionStatus
 .text.rfalNfcfPollerCollisionResolution
                0x08011128       0x1c ./Middlewares/ST/rfal/Src/rfal_nfcf.o
                0x08011128                rfalNfcfPollerCollisionResolution
 .text.rfalNfcfPollerCheck
                0x08011144      0x168 ./Middlewares/ST/rfal/Src/rfal_nfcf.o
                0x08011144                rfalNfcfPollerCheck
 .text.rfalNfcvParseError
                0x080112ac       0x32 ./Middlewares/ST/rfal/Src/rfal_nfcv.o
 *fill*         0x080112de        0x2 
 .text.rfalNfcvPollerInitialize
                0x080112e0       0x38 ./Middlewares/ST/rfal/Src/rfal_nfcv.o
                0x080112e0                rfalNfcvPollerInitialize
 .text.rfalNfcvPollerInventory
                0x08011318       0xa0 ./Middlewares/ST/rfal/Src/rfal_nfcv.o
                0x08011318                rfalNfcvPollerInventory
 .text.rfalNfcvPollerCheckPresence
                0x080113b8       0x30 ./Middlewares/ST/rfal/Src/rfal_nfcv.o
                0x080113b8                rfalNfcvPollerCheckPresence
 .text.rfalNfcvPollerCollisionResolution
                0x080113e8      0x1e0 ./Middlewares/ST/rfal/Src/rfal_nfcv.o
                0x080113e8                rfalNfcvPollerCollisionResolution
 .text.rfalNfcvPollerTransceiveReq
                0x080115c8      0x1a8 ./Middlewares/ST/rfal/Src/rfal_nfcv.o
                0x080115c8                rfalNfcvPollerTransceiveReq
 .text.rfalNfcvPollerReadSingleBlock
                0x08011770       0x2c ./Middlewares/ST/rfal/Src/rfal_nfcv.o
                0x08011770                rfalNfcvPollerReadSingleBlock
 .text.rfalSt25tbPollerInitialize
                0x0801179c        0x8 ./Middlewares/ST/rfal/Src/rfal_st25tb.o
                0x0801179c                rfalSt25tbPollerInitialize
 .text.rfalSt25tbPollerInitiate
                0x080117a4       0x4c ./Middlewares/ST/rfal/Src/rfal_st25tb.o
                0x080117a4                rfalSt25tbPollerInitiate
 .text.rfalSt25tbPollerCheckPresence
                0x080117f0       0x32 ./Middlewares/ST/rfal/Src/rfal_st25tb.o
                0x080117f0                rfalSt25tbPollerCheckPresence
 *fill*         0x08011822        0x2 
 .text.rfalSt25tbPollerPcall
                0x08011824       0x44 ./Middlewares/ST/rfal/Src/rfal_st25tb.o
                0x08011824                rfalSt25tbPollerPcall
 .text.rfalSt25tbPollerSlotMarker
                0x08011868       0x4c ./Middlewares/ST/rfal/Src/rfal_st25tb.o
                0x08011868                rfalSt25tbPollerSlotMarker
 .text.rfalSt25tbPollerSelect
                0x080118b4       0x54 ./Middlewares/ST/rfal/Src/rfal_st25tb.o
                0x080118b4                rfalSt25tbPollerSelect
 .text.rfalSt25tbPollerGetUID
                0x08011908       0x40 ./Middlewares/ST/rfal/Src/rfal_st25tb.o
                0x08011908                rfalSt25tbPollerGetUID
 .text.rfalSt25tbPollerCollisionResolution
                0x08011948      0x148 ./Middlewares/ST/rfal/Src/rfal_st25tb.o
                0x08011948                rfalSt25tbPollerCollisionResolution
 .text.rfalT1TPollerInitialize
                0x08011a90       0x34 ./Middlewares/ST/rfal/Src/rfal_t1t.o
                0x08011a90                rfalT1TPollerInitialize
 .text.rfalT1TPollerRid
                0x08011ac4       0x60 ./Middlewares/ST/rfal/Src/rfal_t1t.o
                0x08011ac4                rfalT1TPollerRid
 .text.rfalT2TPollerRead
                0x08011b24       0x58 ./Middlewares/ST/rfal/Src/rfal_t2t.o
                0x08011b24                rfalT2TPollerRead
 .text.MX_USB_DEVICE_Init
                0x08011b7c       0x78 ./Middlewares/Third_Party/AL94_USB_Composite/COMPOSITE/App/usb_device.o
                0x08011b7c                MX_USB_DEVICE_Init
 .text.CDC_DeInit
                0x08011bf4        0x4 ./Middlewares/Third_Party/AL94_USB_Composite/COMPOSITE/App/usbd_cdc_acm_if.o
 .text.CDC_Control
                0x08011bf8       0x64 ./Middlewares/Third_Party/AL94_USB_Composite/COMPOSITE/App/usbd_cdc_acm_if.o
 .text.CDC_TransmitCplt
                0x08011c5c        0x4 ./Middlewares/Third_Party/AL94_USB_Composite/COMPOSITE/App/usbd_cdc_acm_if.o
 .text.CDC_Init
                0x08011c60       0x1c ./Middlewares/Third_Party/AL94_USB_Composite/COMPOSITE/App/usbd_cdc_acm_if.o
 .text.CDC_Receive
                0x08011c7c       0x84 ./Middlewares/Third_Party/AL94_USB_Composite/COMPOSITE/App/usbd_cdc_acm_if.o
 .text.CDC_Transmit
                0x08011d00       0x3c ./Middlewares/Third_Party/AL94_USB_Composite/COMPOSITE/App/usbd_cdc_acm_if.o
                0x08011d00                CDC_Transmit
 .text.USBD_DeviceDescriptor
                0x08011d3c        0xc ./Middlewares/Third_Party/AL94_USB_Composite/COMPOSITE/App/usbd_desc.o
                0x08011d3c                USBD_DeviceDescriptor
 .text.USBD_LangIDStrDescriptor
                0x08011d48        0xc ./Middlewares/Third_Party/AL94_USB_Composite/COMPOSITE/App/usbd_desc.o
                0x08011d48                USBD_LangIDStrDescriptor
 .text.IntToUnicode
                0x08011d54       0x2c ./Middlewares/Third_Party/AL94_USB_Composite/COMPOSITE/App/usbd_desc.o
 .text.USBD_SerialStrDescriptor
                0x08011d80       0x48 ./Middlewares/Third_Party/AL94_USB_Composite/COMPOSITE/App/usbd_desc.o
                0x08011d80                USBD_SerialStrDescriptor
 .text.USBD_ProductStrDescriptor
                0x08011dc8       0x28 ./Middlewares/Third_Party/AL94_USB_Composite/COMPOSITE/App/usbd_desc.o
                0x08011dc8                USBD_ProductStrDescriptor
 .text.USBD_ManufacturerStrDescriptor
                0x08011df0       0x1c ./Middlewares/Third_Party/AL94_USB_Composite/COMPOSITE/App/usbd_desc.o
                0x08011df0                USBD_ManufacturerStrDescriptor
 .text.USBD_ConfigStrDescriptor
                0x08011e0c       0x28 ./Middlewares/Third_Party/AL94_USB_Composite/COMPOSITE/App/usbd_desc.o
                0x08011e0c                USBD_ConfigStrDescriptor
 .text.USBD_InterfaceStrDescriptor
                0x08011e34       0x28 ./Middlewares/Third_Party/AL94_USB_Composite/COMPOSITE/App/usbd_desc.o
                0x08011e34                USBD_InterfaceStrDescriptor
 .text.CUSTOM_HID_Init
                0x08011e5c        0x4 ./Middlewares/Third_Party/AL94_USB_Composite/COMPOSITE/App/usbd_hid_custom_if.o
 .text.CUSTOM_HID_DeInit
                0x08011e60        0x4 ./Middlewares/Third_Party/AL94_USB_Composite/COMPOSITE/App/usbd_hid_custom_if.o
 .text.CUSTOM_HID_OutEvent
                0x08011e64        0x4 ./Middlewares/Third_Party/AL94_USB_Composite/COMPOSITE/App/usbd_hid_custom_if.o
 .text.USBD_CDC_EP0_RxReady
                0x08011e68       0x3c ./Middlewares/Third_Party/AL94_USB_Composite/COMPOSITE/Class/CDC_ACM/Src/usbd_cdc_acm.o
 .text.USBD_CDC_GetFSCfgDesc
                0x08011ea4        0xc ./Middlewares/Third_Party/AL94_USB_Composite/COMPOSITE/Class/CDC_ACM/Src/usbd_cdc_acm.o
 .text.USBD_CDC_GetHSCfgDesc
                0x08011eb0        0xc ./Middlewares/Third_Party/AL94_USB_Composite/COMPOSITE/Class/CDC_ACM/Src/usbd_cdc_acm.o
 .text.USBD_CDC_GetOtherSpeedCfgDesc
                0x08011ebc        0xc ./Middlewares/Third_Party/AL94_USB_Composite/COMPOSITE/Class/CDC_ACM/Src/usbd_cdc_acm.o
 .text.USBD_CDC_GetDeviceQualifierDescriptor
                0x08011ec8        0xc ./Middlewares/Third_Party/AL94_USB_Composite/COMPOSITE/Class/CDC_ACM/Src/usbd_cdc_acm.o
 .text.USBD_CDC_DataOut
                0x08011ed4       0x2c ./Middlewares/Third_Party/AL94_USB_Composite/COMPOSITE/Class/CDC_ACM/Src/usbd_cdc_acm.o
 .text.USBD_CDC_DataIn
                0x08011f00       0x7c ./Middlewares/Third_Party/AL94_USB_Composite/COMPOSITE/Class/CDC_ACM/Src/usbd_cdc_acm.o
 .text.USBD_CDC_Setup
                0x08011f7c      0x10c ./Middlewares/Third_Party/AL94_USB_Composite/COMPOSITE/Class/CDC_ACM/Src/usbd_cdc_acm.o
 .text.USBD_CDC_DeInit
                0x08012088       0x70 ./Middlewares/Third_Party/AL94_USB_Composite/COMPOSITE/Class/CDC_ACM/Src/usbd_cdc_acm.o
 .text.USBD_CDC_Init
                0x080120f8      0x13c ./Middlewares/Third_Party/AL94_USB_Composite/COMPOSITE/Class/CDC_ACM/Src/usbd_cdc_acm.o
 .text.USBD_CDC_ACM_RegisterInterface
                0x08012234       0x12 ./Middlewares/Third_Party/AL94_USB_Composite/COMPOSITE/Class/CDC_ACM/Src/usbd_cdc_acm.o
                0x08012234                USBD_CDC_ACM_RegisterInterface
 *fill*         0x08012246        0x2 
 .text.USBD_CDC_SetTxBuffer
                0x08012248       0x34 ./Middlewares/Third_Party/AL94_USB_Composite/COMPOSITE/Class/CDC_ACM/Src/usbd_cdc_acm.o
                0x08012248                USBD_CDC_SetTxBuffer
 .text.USBD_CDC_SetRxBuffer
                0x0801227c       0x18 ./Middlewares/Third_Party/AL94_USB_Composite/COMPOSITE/Class/CDC_ACM/Src/usbd_cdc_acm.o
                0x0801227c                USBD_CDC_SetRxBuffer
 .text.USBD_CDC_TransmitPacket
                0x08012294       0x78 ./Middlewares/Third_Party/AL94_USB_Composite/COMPOSITE/Class/CDC_ACM/Src/usbd_cdc_acm.o
                0x08012294                USBD_CDC_TransmitPacket
 .text.USBD_CDC_ReceivePacket
                0x0801230c       0x4c ./Middlewares/Third_Party/AL94_USB_Composite/COMPOSITE/Class/CDC_ACM/Src/usbd_cdc_acm.o
                0x0801230c                USBD_CDC_ReceivePacket
 .text.USBD_Update_CDC_ACM_DESC
                0x08012358       0x64 ./Middlewares/Third_Party/AL94_USB_Composite/COMPOSITE/Class/CDC_ACM/Src/usbd_cdc_acm.o
                0x08012358                USBD_Update_CDC_ACM_DESC
 .text.USBD_COMPOSITE_Init
                0x080123bc       0x24 ./Middlewares/Third_Party/AL94_USB_Composite/COMPOSITE/Class/COMPOSITE/Src/usbd_composite.o
 .text.USBD_COMPOSITE_DeInit
                0x080123e0       0x24 ./Middlewares/Third_Party/AL94_USB_Composite/COMPOSITE/Class/COMPOSITE/Src/usbd_composite.o
 .text.USBD_COMPOSITE_Setup
                0x08012404       0x4c ./Middlewares/Third_Party/AL94_USB_Composite/COMPOSITE/Class/COMPOSITE/Src/usbd_composite.o
 .text.USBD_COMPOSITE_DataIn
                0x08012450       0x54 ./Middlewares/Third_Party/AL94_USB_Composite/COMPOSITE/Class/COMPOSITE/Src/usbd_composite.o
 .text.USBD_COMPOSITE_EP0_RxReady
                0x080124a4       0x20 ./Middlewares/Third_Party/AL94_USB_Composite/COMPOSITE/Class/COMPOSITE/Src/usbd_composite.o
 .text.USBD_COMPOSITE_EP0_TxReady
                0x080124c4        0x4 ./Middlewares/Third_Party/AL94_USB_Composite/COMPOSITE/Class/COMPOSITE/Src/usbd_composite.o
 .text.USBD_COMPOSITE_SOF
                0x080124c8        0x4 ./Middlewares/Third_Party/AL94_USB_Composite/COMPOSITE/Class/COMPOSITE/Src/usbd_composite.o
 .text.USBD_COMPOSITE_IsoINIncomplete
                0x080124cc        0x4 ./Middlewares/Third_Party/AL94_USB_Composite/COMPOSITE/Class/COMPOSITE/Src/usbd_composite.o
 .text.USBD_COMPOSITE_IsoOutIncomplete
                0x080124d0        0x4 ./Middlewares/Third_Party/AL94_USB_Composite/COMPOSITE/Class/COMPOSITE/Src/usbd_composite.o
 .text.USBD_COMPOSITE_DataOut
                0x080124d4       0x3c ./Middlewares/Third_Party/AL94_USB_Composite/COMPOSITE/Class/COMPOSITE/Src/usbd_composite.o
 .text.USBD_COMPOSITE_GetHSCfgDesc
                0x08012510        0xc ./Middlewares/Third_Party/AL94_USB_Composite/COMPOSITE/Class/COMPOSITE/Src/usbd_composite.o
 .text.USBD_COMPOSITE_GetFSCfgDesc
                0x0801251c        0xc ./Middlewares/Third_Party/AL94_USB_Composite/COMPOSITE/Class/COMPOSITE/Src/usbd_composite.o
 .text.USBD_COMPOSITE_GetOtherSpeedCfgDesc
                0x08012528        0xc ./Middlewares/Third_Party/AL94_USB_Composite/COMPOSITE/Class/COMPOSITE/Src/usbd_composite.o
 .text.USBD_COMPOSITE_GetDeviceQualifierDesc
                0x08012534        0xc ./Middlewares/Third_Party/AL94_USB_Composite/COMPOSITE/Class/COMPOSITE/Src/usbd_composite.o
 .text.USBD_COMPOSITE_GetUsrStringDesc
                0x08012540       0x70 ./Middlewares/Third_Party/AL94_USB_Composite/COMPOSITE/Class/COMPOSITE/Src/usbd_composite.o
 .text.USBD_COMPOSITE_Mount_Class
                0x080125b0      0x140 ./Middlewares/Third_Party/AL94_USB_Composite/COMPOSITE/Class/COMPOSITE/Src/usbd_composite.o
                0x080125b0                USBD_COMPOSITE_Mount_Class
 .text.USBD_CUSTOM_HID_GetFSCfgDesc
                0x080126f0        0xc ./Middlewares/Third_Party/AL94_USB_Composite/COMPOSITE/Class/HID_CUSTOM/Src/usbd_hid_custom.o
 .text.USBD_CUSTOM_HID_GetHSCfgDesc
                0x080126fc        0xc ./Middlewares/Third_Party/AL94_USB_Composite/COMPOSITE/Class/HID_CUSTOM/Src/usbd_hid_custom.o
 .text.USBD_CUSTOM_HID_GetOtherSpeedCfgDesc
                0x08012708        0xc ./Middlewares/Third_Party/AL94_USB_Composite/COMPOSITE/Class/HID_CUSTOM/Src/usbd_hid_custom.o
 .text.USBD_CUSTOM_HID_DataIn
                0x08012714        0xe ./Middlewares/Third_Party/AL94_USB_Composite/COMPOSITE/Class/HID_CUSTOM/Src/usbd_hid_custom.o
 .text.USBD_CUSTOM_HID_DataOut
                0x08012722       0x24 ./Middlewares/Third_Party/AL94_USB_Composite/COMPOSITE/Class/HID_CUSTOM/Src/usbd_hid_custom.o
 .text.USBD_CUSTOM_HID_EP0_RxReady
                0x08012746       0x32 ./Middlewares/Third_Party/AL94_USB_Composite/COMPOSITE/Class/HID_CUSTOM/Src/usbd_hid_custom.o
 .text.USBD_CUSTOM_HID_GetDeviceQualifierDesc