../Drivers/BSP/custom/custom.c:92:9:BSP_GetVersion	0	static
../Drivers/BSP/custom/custom.c:109:9:BSP_PB_Init	8	static
../Drivers/BSP/custom/custom.c:149:9:BSP_PB_DeInit	8	static
../Drivers/BSP/custom/custom.c:167:9:BSP_PB_GetState	8	static
../Drivers/BSP/custom/custom.c:176:6:BSP_PB_IRQHandler	8	static
../Drivers/BSP/custom/custom.c:186:13:BSP_PB_Callback	0	static
../Drivers/BSP/custom/custom.c:199:13:BUTTON_USER_EXTI_Callback	8	static
../Drivers/BSP/custom/custom.c:258:9:BSP_COM_DeInit	16	static
../Drivers/BSP/custom/custom.c:295:26:MX_USART2_UART_Init	8	static
../Drivers/BSP/custom/custom.c:220:9:BSP_COM_Init	64	static
../Drivers/BSP/custom/custom.c:399:9:BSP_COM_SelectLogPort	0	static
../Drivers/BSP/custom/custom.c:445:5:__io_putchar	16	static
