../Middlewares/Third_Party/AL94_USB_Composite/COMPOSITE/Class/HID_CUSTOM/Src/usbd_hid_custom.c:615:17:USBD_CUSTOM_HID_GetFSCfgDesc	0	static
../Middlewares/Third_Party/AL94_USB_Composite/COMPOSITE/Class/HID_CUSTOM/Src/usbd_hid_custom.c:629:17:USBD_CUSTOM_HID_GetHSCfgDesc	0	static
../Middlewares/Third_Party/AL94_USB_Composite/COMPOSITE/Class/HID_CUSTOM/Src/usbd_hid_custom.c:643:17:USBD_CUSTOM_HID_GetOtherSpeedCfgDesc	0	static
../Middlewares/Third_Party/AL94_USB_Composite/COMPOSITE/Class/HID_CUSTOM/Src/usbd_hid_custom.c:657:16:USBD_CUSTOM_HID_DataIn	0	static
../Middlewares/Third_Party/AL94_USB_Composite/COMPOSITE/Class/HID_CUSTOM/Src/usbd_hid_custom.c:675:16:USBD_CUSTOM_HID_DataOut	8	static
../Middlewares/Third_Party/AL94_USB_Composite/COMPOSITE/Class/HID_CUSTOM/Src/usbd_hid_custom.c:724:16:USBD_CUSTOM_HID_EP0_RxReady	8	static
../Middlewares/Third_Party/AL94_USB_Composite/COMPOSITE/Class/HID_CUSTOM/Src/usbd_hid_custom.c:748:17:USBD_CUSTOM_HID_GetDeviceQualifierDesc	0	static
../Middlewares/Third_Party/AL94_USB_Composite/COMPOSITE/Class/HID_CUSTOM/Src/usbd_hid_custom.c:452:16:USBD_CUSTOM_HID_Setup	24	static
../Middlewares/Third_Party/AL94_USB_Composite/COMPOSITE/Class/HID_CUSTOM/Src/usbd_hid_custom.c:418:16:USBD_CUSTOM_HID_DeInit	24	static
../Middlewares/Third_Party/AL94_USB_Composite/COMPOSITE/Class/HID_CUSTOM/Src/usbd_hid_custom.c:362:16:USBD_CUSTOM_HID_Init	32	static
../Middlewares/Third_Party/AL94_USB_Composite/COMPOSITE/Class/HID_CUSTOM/Src/usbd_hid_custom.c:581:9:USBD_CUSTOM_HID_SendReport	16	static
../Middlewares/Third_Party/AL94_USB_Composite/COMPOSITE/Class/HID_CUSTOM/Src/usbd_hid_custom.c:700:9:USBD_CUSTOM_HID_ReceivePacket	8	static
../Middlewares/Third_Party/AL94_USB_Composite/COMPOSITE/Class/HID_CUSTOM/Src/usbd_hid_custom.c:761:9:USBD_CUSTOM_HID_RegisterInterface	0	static
../Middlewares/Third_Party/AL94_USB_Composite/COMPOSITE/Class/HID_CUSTOM/Src/usbd_hid_custom.c:774:6:USBD_Update_HID_Custom_DESC	8	static
